Archive member included because of file (symbol)

c:/program files (x86)/gnu tools arm embedded/4.9 2015q1/bin/../lib/gcc/arm-none-eabi/4.9.3/../../../../arm-none-eabi/lib/armv7e-m\libc.a(lib_a-exit.o)
                              c:/program files (x86)/gnu tools arm embedded/4.9 2015q1/bin/../lib/gcc/arm-none-eabi/4.9.3/../../../../arm-none-eabi/lib/armv7e-m/crt0.o (exit)
c:/program files (x86)/gnu tools arm embedded/4.9 2015q1/bin/../lib/gcc/arm-none-eabi/4.9.3/../../../../arm-none-eabi/lib/armv7e-m\libc.a(lib_a-impure.o)
                              c:/program files (x86)/gnu tools arm embedded/4.9 2015q1/bin/../lib/gcc/arm-none-eabi/4.9.3/../../../../arm-none-eabi/lib/armv7e-m\libc.a(lib_a-exit.o) (_global_impure_ptr)
c:/program files (x86)/gnu tools arm embedded/4.9 2015q1/bin/../lib/gcc/arm-none-eabi/4.9.3/../../../../arm-none-eabi/lib/armv7e-m\libc.a(lib_a-init.o)
                              c:/program files (x86)/gnu tools arm embedded/4.9 2015q1/bin/../lib/gcc/arm-none-eabi/4.9.3/../../../../arm-none-eabi/lib/armv7e-m/crt0.o (__libc_init_array)
c:/program files (x86)/gnu tools arm embedded/4.9 2015q1/bin/../lib/gcc/arm-none-eabi/4.9.3/../../../../arm-none-eabi/lib/armv7e-m\libc.a(lib_a-memset.o)
                              c:/program files (x86)/gnu tools arm embedded/4.9 2015q1/bin/../lib/gcc/arm-none-eabi/4.9.3/../../../../arm-none-eabi/lib/armv7e-m/crt0.o (memset)
c:/program files (x86)/gnu tools arm embedded/4.9 2015q1/bin/../lib/gcc/arm-none-eabi/4.9.3/../../../../arm-none-eabi/lib/armv7e-m\libc.a(lib_a-__call_atexit.o)
                              c:/program files (x86)/gnu tools arm embedded/4.9 2015q1/bin/../lib/gcc/arm-none-eabi/4.9.3/../../../../arm-none-eabi/lib/armv7e-m\libc.a(lib_a-exit.o) (__call_exitprocs)
c:/program files (x86)/gnu tools arm embedded/4.9 2015q1/bin/../lib/gcc/arm-none-eabi/4.9.3/../../../../arm-none-eabi/lib/armv7e-m\libc.a(lib_a-atexit.o)
                              c:/program files (x86)/gnu tools arm embedded/4.9 2015q1/bin/../lib/gcc/arm-none-eabi/4.9.3/../../../../arm-none-eabi/lib/armv7e-m\libc.a(lib_a-__call_atexit.o) (atexit)
c:/program files (x86)/gnu tools arm embedded/4.9 2015q1/bin/../lib/gcc/arm-none-eabi/4.9.3/../../../../arm-none-eabi/lib/armv7e-m\libc.a(lib_a-fini.o)
                              c:/program files (x86)/gnu tools arm embedded/4.9 2015q1/bin/../lib/gcc/arm-none-eabi/4.9.3/../../../../arm-none-eabi/lib/armv7e-m\libc.a(lib_a-__call_atexit.o) (__libc_fini_array)
c:/program files (x86)/gnu tools arm embedded/4.9 2015q1/bin/../lib/gcc/arm-none-eabi/4.9.3/../../../../arm-none-eabi/lib/armv7e-m\libc.a(lib_a-__atexit.o)
                              c:/program files (x86)/gnu tools arm embedded/4.9 2015q1/bin/../lib/gcc/arm-none-eabi/4.9.3/../../../../arm-none-eabi/lib/armv7e-m\libc.a(lib_a-atexit.o) (__register_exitproc)

Allocating common symbols
Common symbol       size              file

pFlash              0x20              ..\obj\stm32f4xx_hal_flash.o

Discarded input sections

 .text          0x00000000        0x0 c:/program files (x86)/gnu tools arm embedded/4.9 2015q1/bin/../lib/gcc/arm-none-eabi/4.9.3/armv7e-m/crti.o
 .data          0x00000000        0x0 c:/program files (x86)/gnu tools arm embedded/4.9 2015q1/bin/../lib/gcc/arm-none-eabi/4.9.3/armv7e-m/crti.o
 .bss           0x00000000        0x0 c:/program files (x86)/gnu tools arm embedded/4.9 2015q1/bin/../lib/gcc/arm-none-eabi/4.9.3/armv7e-m/crti.o
 .data          0x00000000        0x4 c:/program files (x86)/gnu tools arm embedded/4.9 2015q1/bin/../lib/gcc/arm-none-eabi/4.9.3/armv7e-m/crtbegin.o
 .text          0x00000000       0x74 c:/program files (x86)/gnu tools arm embedded/4.9 2015q1/bin/../lib/gcc/arm-none-eabi/4.9.3/../../../../arm-none-eabi/lib/armv7e-m/crt0.o
 .data          0x00000000        0x0 c:/program files (x86)/gnu tools arm embedded/4.9 2015q1/bin/../lib/gcc/arm-none-eabi/4.9.3/../../../../arm-none-eabi/lib/armv7e-m/crt0.o
 .bss           0x00000000        0x0 c:/program files (x86)/gnu tools arm embedded/4.9 2015q1/bin/../lib/gcc/arm-none-eabi/4.9.3/../../../../arm-none-eabi/lib/armv7e-m/crt0.o
 .ARM.extab     0x00000000        0x0 c:/program files (x86)/gnu tools arm embedded/4.9 2015q1/bin/../lib/gcc/arm-none-eabi/4.9.3/../../../../arm-none-eabi/lib/armv7e-m/crt0.o
 .ARM.exidx     0x00000000        0x8 c:/program files (x86)/gnu tools arm embedded/4.9 2015q1/bin/../lib/gcc/arm-none-eabi/4.9.3/../../../../arm-none-eabi/lib/armv7e-m/crt0.o
 .ARM.attributes
                0x00000000       0x1c c:/program files (x86)/gnu tools arm embedded/4.9 2015q1/bin/../lib/gcc/arm-none-eabi/4.9.3/../../../../arm-none-eabi/lib/armv7e-m/crt0.o
 .text          0x00000000        0x0 c:/program files (x86)/gnu tools arm embedded/4.9 2015q1/bin/../lib/gcc/arm-none-eabi/4.9.3/../../../../arm-none-eabi/lib/armv7e-m\libc.a(lib_a-exit.o)
 .data          0x00000000        0x0 c:/program files (x86)/gnu tools arm embedded/4.9 2015q1/bin/../lib/gcc/arm-none-eabi/4.9.3/../../../../arm-none-eabi/lib/armv7e-m\libc.a(lib_a-exit.o)
 .bss           0x00000000        0x0 c:/program files (x86)/gnu tools arm embedded/4.9 2015q1/bin/../lib/gcc/arm-none-eabi/4.9.3/../../../../arm-none-eabi/lib/armv7e-m\libc.a(lib_a-exit.o)
 .text.exit     0x00000000       0x20 c:/program files (x86)/gnu tools arm embedded/4.9 2015q1/bin/../lib/gcc/arm-none-eabi/4.9.3/../../../../arm-none-eabi/lib/armv7e-m\libc.a(lib_a-exit.o)
 .debug_frame   0x00000000       0x28 c:/program files (x86)/gnu tools arm embedded/4.9 2015q1/bin/../lib/gcc/arm-none-eabi/4.9.3/../../../../arm-none-eabi/lib/armv7e-m\libc.a(lib_a-exit.o)
 .ARM.attributes
                0x00000000       0x2e c:/program files (x86)/gnu tools arm embedded/4.9 2015q1/bin/../lib/gcc/arm-none-eabi/4.9.3/../../../../arm-none-eabi/lib/armv7e-m\libc.a(lib_a-exit.o)
 .text          0x00000000        0x0 c:/program files (x86)/gnu tools arm embedded/4.9 2015q1/bin/../lib/gcc/arm-none-eabi/4.9.3/../../../../arm-none-eabi/lib/armv7e-m\libc.a(lib_a-impure.o)
 .data          0x00000000        0x0 c:/program files (x86)/gnu tools arm embedded/4.9 2015q1/bin/../lib/gcc/arm-none-eabi/4.9.3/../../../../arm-none-eabi/lib/armv7e-m\libc.a(lib_a-impure.o)
 .bss           0x00000000        0x0 c:/program files (x86)/gnu tools arm embedded/4.9 2015q1/bin/../lib/gcc/arm-none-eabi/4.9.3/../../../../arm-none-eabi/lib/armv7e-m\libc.a(lib_a-impure.o)
 .data._impure_ptr
                0x00000000        0x4 c:/program files (x86)/gnu tools arm embedded/4.9 2015q1/bin/../lib/gcc/arm-none-eabi/4.9.3/../../../../arm-none-eabi/lib/armv7e-m\libc.a(lib_a-impure.o)
 .ARM.attributes
                0x00000000       0x2e c:/program files (x86)/gnu tools arm embedded/4.9 2015q1/bin/../lib/gcc/arm-none-eabi/4.9.3/../../../../arm-none-eabi/lib/armv7e-m\libc.a(lib_a-impure.o)
 .text          0x00000000        0x0 c:/program files (x86)/gnu tools arm embedded/4.9 2015q1/bin/../lib/gcc/arm-none-eabi/4.9.3/../../../../arm-none-eabi/lib/armv7e-m\libc.a(lib_a-init.o)
 .data          0x00000000        0x0 c:/program files (x86)/gnu tools arm embedded/4.9 2015q1/bin/../lib/gcc/arm-none-eabi/4.9.3/../../../../arm-none-eabi/lib/armv7e-m\libc.a(lib_a-init.o)
 .bss           0x00000000        0x0 c:/program files (x86)/gnu tools arm embedded/4.9 2015q1/bin/../lib/gcc/arm-none-eabi/4.9.3/../../../../arm-none-eabi/lib/armv7e-m\libc.a(lib_a-init.o)
 .text.__libc_init_array
                0x00000000       0x50 c:/program files (x86)/gnu tools arm embedded/4.9 2015q1/bin/../lib/gcc/arm-none-eabi/4.9.3/../../../../arm-none-eabi/lib/armv7e-m\libc.a(lib_a-init.o)
 .debug_frame   0x00000000       0x2c c:/program files (x86)/gnu tools arm embedded/4.9 2015q1/bin/../lib/gcc/arm-none-eabi/4.9.3/../../../../arm-none-eabi/lib/armv7e-m\libc.a(lib_a-init.o)
 .ARM.attributes
                0x00000000       0x2e c:/program files (x86)/gnu tools arm embedded/4.9 2015q1/bin/../lib/gcc/arm-none-eabi/4.9.3/../../../../arm-none-eabi/lib/armv7e-m\libc.a(lib_a-init.o)
 .text          0x00000000        0x0 c:/program files (x86)/gnu tools arm embedded/4.9 2015q1/bin/../lib/gcc/arm-none-eabi/4.9.3/../../../../arm-none-eabi/lib/armv7e-m\libc.a(lib_a-memset.o)
 .data          0x00000000        0x0 c:/program files (x86)/gnu tools arm embedded/4.9 2015q1/bin/../lib/gcc/arm-none-eabi/4.9.3/../../../../arm-none-eabi/lib/armv7e-m\libc.a(lib_a-memset.o)
 .bss           0x00000000        0x0 c:/program files (x86)/gnu tools arm embedded/4.9 2015q1/bin/../lib/gcc/arm-none-eabi/4.9.3/../../../../arm-none-eabi/lib/armv7e-m\libc.a(lib_a-memset.o)
 .text.memset   0x00000000       0x9c c:/program files (x86)/gnu tools arm embedded/4.9 2015q1/bin/../lib/gcc/arm-none-eabi/4.9.3/../../../../arm-none-eabi/lib/armv7e-m\libc.a(lib_a-memset.o)
 .debug_frame   0x00000000       0x34 c:/program files (x86)/gnu tools arm embedded/4.9 2015q1/bin/../lib/gcc/arm-none-eabi/4.9.3/../../../../arm-none-eabi/lib/armv7e-m\libc.a(lib_a-memset.o)
 .ARM.attributes
                0x00000000       0x2e c:/program files (x86)/gnu tools arm embedded/4.9 2015q1/bin/../lib/gcc/arm-none-eabi/4.9.3/../../../../arm-none-eabi/lib/armv7e-m\libc.a(lib_a-memset.o)
 .text          0x00000000        0x0 c:/program files (x86)/gnu tools arm embedded/4.9 2015q1/bin/../lib/gcc/arm-none-eabi/4.9.3/../../../../arm-none-eabi/lib/armv7e-m\libc.a(lib_a-__call_atexit.o)
 .data          0x00000000        0x0 c:/program files (x86)/gnu tools arm embedded/4.9 2015q1/bin/../lib/gcc/arm-none-eabi/4.9.3/../../../../arm-none-eabi/lib/armv7e-m\libc.a(lib_a-__call_atexit.o)
 .bss           0x00000000        0x0 c:/program files (x86)/gnu tools arm embedded/4.9 2015q1/bin/../lib/gcc/arm-none-eabi/4.9.3/../../../../arm-none-eabi/lib/armv7e-m\libc.a(lib_a-__call_atexit.o)
 .text.__call_exitprocs
                0x00000000       0xd4 c:/program files (x86)/gnu tools arm embedded/4.9 2015q1/bin/../lib/gcc/arm-none-eabi/4.9.3/../../../../arm-none-eabi/lib/armv7e-m\libc.a(lib_a-__call_atexit.o)
 .debug_frame   0x00000000       0x50 c:/program files (x86)/gnu tools arm embedded/4.9 2015q1/bin/../lib/gcc/arm-none-eabi/4.9.3/../../../../arm-none-eabi/lib/armv7e-m\libc.a(lib_a-__call_atexit.o)
 .ARM.attributes
                0x00000000       0x2e c:/program files (x86)/gnu tools arm embedded/4.9 2015q1/bin/../lib/gcc/arm-none-eabi/4.9.3/../../../../arm-none-eabi/lib/armv7e-m\libc.a(lib_a-__call_atexit.o)
 .text          0x00000000        0x0 c:/program files (x86)/gnu tools arm embedded/4.9 2015q1/bin/../lib/gcc/arm-none-eabi/4.9.3/../../../../arm-none-eabi/lib/armv7e-m\libc.a(lib_a-atexit.o)
 .data          0x00000000        0x0 c:/program files (x86)/gnu tools arm embedded/4.9 2015q1/bin/../lib/gcc/arm-none-eabi/4.9.3/../../../../arm-none-eabi/lib/armv7e-m\libc.a(lib_a-atexit.o)
 .bss           0x00000000        0x0 c:/program files (x86)/gnu tools arm embedded/4.9 2015q1/bin/../lib/gcc/arm-none-eabi/4.9.3/../../../../arm-none-eabi/lib/armv7e-m\libc.a(lib_a-atexit.o)
 .debug_frame   0x00000000       0x20 c:/program files (x86)/gnu tools arm embedded/4.9 2015q1/bin/../lib/gcc/arm-none-eabi/4.9.3/../../../../arm-none-eabi/lib/armv7e-m\libc.a(lib_a-atexit.o)
 .ARM.attributes
                0x00000000       0x2e c:/program files (x86)/gnu tools arm embedded/4.9 2015q1/bin/../lib/gcc/arm-none-eabi/4.9.3/../../../../arm-none-eabi/lib/armv7e-m\libc.a(lib_a-atexit.o)
 .text          0x00000000        0x0 c:/program files (x86)/gnu tools arm embedded/4.9 2015q1/bin/../lib/gcc/arm-none-eabi/4.9.3/../../../../arm-none-eabi/lib/armv7e-m\libc.a(lib_a-fini.o)
 .data          0x00000000        0x0 c:/program files (x86)/gnu tools arm embedded/4.9 2015q1/bin/../lib/gcc/arm-none-eabi/4.9.3/../../../../arm-none-eabi/lib/armv7e-m\libc.a(lib_a-fini.o)
 .bss           0x00000000        0x0 c:/program files (x86)/gnu tools arm embedded/4.9 2015q1/bin/../lib/gcc/arm-none-eabi/4.9.3/../../../../arm-none-eabi/lib/armv7e-m\libc.a(lib_a-fini.o)
 .debug_frame   0x00000000       0x34 c:/program files (x86)/gnu tools arm embedded/4.9 2015q1/bin/../lib/gcc/arm-none-eabi/4.9.3/../../../../arm-none-eabi/lib/armv7e-m\libc.a(lib_a-fini.o)
 .ARM.attributes
                0x00000000       0x2e c:/program files (x86)/gnu tools arm embedded/4.9 2015q1/bin/../lib/gcc/arm-none-eabi/4.9.3/../../../../arm-none-eabi/lib/armv7e-m\libc.a(lib_a-fini.o)
 .text          0x00000000        0x0 c:/program files (x86)/gnu tools arm embedded/4.9 2015q1/bin/../lib/gcc/arm-none-eabi/4.9.3/../../../../arm-none-eabi/lib/armv7e-m\libc.a(lib_a-__atexit.o)
 .data          0x00000000        0x0 c:/program files (x86)/gnu tools arm embedded/4.9 2015q1/bin/../lib/gcc/arm-none-eabi/4.9.3/../../../../arm-none-eabi/lib/armv7e-m\libc.a(lib_a-__atexit.o)
 .bss           0x00000000        0x0 c:/program files (x86)/gnu tools arm embedded/4.9 2015q1/bin/../lib/gcc/arm-none-eabi/4.9.3/../../../../arm-none-eabi/lib/armv7e-m\libc.a(lib_a-__atexit.o)
 .debug_frame   0x00000000       0x34 c:/program files (x86)/gnu tools arm embedded/4.9 2015q1/bin/../lib/gcc/arm-none-eabi/4.9.3/../../../../arm-none-eabi/lib/armv7e-m\libc.a(lib_a-__atexit.o)
 .ARM.attributes
                0x00000000       0x2e c:/program files (x86)/gnu tools arm embedded/4.9 2015q1/bin/../lib/gcc/arm-none-eabi/4.9.3/../../../../arm-none-eabi/lib/armv7e-m\libc.a(lib_a-__atexit.o)
 .text          0x00000000      0x160 ..\obj\LED.o
 .data          0x00000000        0x0 ..\obj\LED.o
 .bss           0x00000000        0x4 ..\obj\LED.o
 .debug_info    0x00000000      0x27b ..\obj\LED.o
 .debug_abbrev  0x00000000      0x122 ..\obj\LED.o
 .debug_aranges
                0x00000000       0x20 ..\obj\LED.o
 .debug_line    0x00000000      0x20c ..\obj\LED.o
 .debug_str     0x00000000      0x2f6 ..\obj\LED.o
 .comment       0x00000000       0x71 ..\obj\LED.o
 .debug_frame   0x00000000       0x90 ..\obj\LED.o
 .ARM.attributes
                0x00000000       0x33 ..\obj\LED.o
 .text          0x00000000       0xb0 ..\obj\SystemConfigure.o
 .data          0x00000000        0x0 ..\obj\SystemConfigure.o
 .bss           0x00000000        0x0 ..\obj\SystemConfigure.o
 .debug_info    0x00000000      0x466 ..\obj\SystemConfigure.o
 .debug_abbrev  0x00000000      0x117 ..\obj\SystemConfigure.o
 .debug_aranges
                0x00000000       0x20 ..\obj\SystemConfigure.o
 .debug_line    0x00000000      0x204 ..\obj\SystemConfigure.o
 .debug_str     0x00000000      0x456 ..\obj\SystemConfigure.o
 .comment       0x00000000       0x71 ..\obj\SystemConfigure.o
 .debug_frame   0x00000000       0x50 ..\obj\SystemConfigure.o
 .ARM.attributes
                0x00000000       0x33 ..\obj\SystemConfigure.o
 .text          0x00000000      0x9a4 ..\obj\stm32f4xx_hal_flash_ex.o
 .data          0x00000000        0x0 ..\obj\stm32f4xx_hal_flash_ex.o
 .bss           0x00000000        0x0 ..\obj\stm32f4xx_hal_flash_ex.o
 .debug_info    0x00000000      0x936 ..\obj\stm32f4xx_hal_flash_ex.o
 .debug_abbrev  0x00000000      0x286 ..\obj\stm32f4xx_hal_flash_ex.o
 .debug_aranges
                0x00000000       0x20 ..\obj\stm32f4xx_hal_flash_ex.o
 .debug_line    0x00000000      0x3a1 ..\obj\stm32f4xx_hal_flash_ex.o
 .debug_str     0x00000000      0x6f2 ..\obj\stm32f4xx_hal_flash_ex.o
 .comment       0x00000000       0x71 ..\obj\stm32f4xx_hal_flash_ex.o
 .debug_frame   0x00000000      0x358 ..\obj\stm32f4xx_hal_flash_ex.o
 .ARM.attributes
                0x00000000       0x33 ..\obj\stm32f4xx_hal_flash_ex.o
 .text          0x00000000      0x1cc ..\obj\CoreDebug.o
 .data          0x00000000        0x0 ..\obj\CoreDebug.o
 .bss           0x00000000        0x0 ..\obj\CoreDebug.o
 .debug_info    0x00000000      0x62c ..\obj\CoreDebug.o
 .debug_abbrev  0x00000000      0x14e ..\obj\CoreDebug.o
 .debug_aranges
                0x00000000       0x20 ..\obj\CoreDebug.o
 .debug_line    0x00000000      0x21a ..\obj\CoreDebug.o
 .debug_str     0x00000000      0x756 ..\obj\CoreDebug.o
 .comment       0x00000000       0x71 ..\obj\CoreDebug.o
 .debug_frame   0x00000000      0x170 ..\obj\CoreDebug.o
 .ARM.attributes
                0x00000000       0x33 ..\obj\CoreDebug.o
 .text          0x00000000      0x4ec ..\obj\stm32f4xx_hal_pwr_ex.o
 .data          0x00000000        0x0 ..\obj\stm32f4xx_hal_pwr_ex.o
 .bss           0x00000000        0x0 ..\obj\stm32f4xx_hal_pwr_ex.o
 .debug_info    0x00000000      0x9f3 ..\obj\stm32f4xx_hal_pwr_ex.o
 .debug_abbrev  0x00000000      0x209 ..\obj\stm32f4xx_hal_pwr_ex.o
 .debug_aranges
                0x00000000       0x20 ..\obj\stm32f4xx_hal_pwr_ex.o
 .debug_line    0x00000000      0x2c7 ..\obj\stm32f4xx_hal_pwr_ex.o
 .debug_str     0x00000000      0x521 ..\obj\stm32f4xx_hal_pwr_ex.o
 .comment       0x00000000       0x71 ..\obj\stm32f4xx_hal_pwr_ex.o
 .debug_frame   0x00000000      0x158 ..\obj\stm32f4xx_hal_pwr_ex.o
 .ARM.attributes
                0x00000000       0x33 ..\obj\stm32f4xx_hal_pwr_ex.o
 .data          0x00000000        0x0 ..\obj\stm32f4xx_hal_gpio.o
 .bss           0x00000000        0x0 ..\obj\stm32f4xx_hal_gpio.o
 .text          0x00000000        0x0 ..\obj\stm32f4xx_hal_flash_ramfunc.o
 .data          0x00000000        0x0 ..\obj\stm32f4xx_hal_flash_ramfunc.o
 .bss           0x00000000        0x0 ..\obj\stm32f4xx_hal_flash_ramfunc.o
 .debug_info    0x00000000       0x99 ..\obj\stm32f4xx_hal_flash_ramfunc.o
 .debug_abbrev  0x00000000       0x4b ..\obj\stm32f4xx_hal_flash_ramfunc.o
 .debug_aranges
                0x00000000       0x18 ..\obj\stm32f4xx_hal_flash_ramfunc.o
 .debug_line    0x00000000      0x140 ..\obj\stm32f4xx_hal_flash_ramfunc.o
 .debug_str     0x00000000      0x1e3 ..\obj\stm32f4xx_hal_flash_ramfunc.o
 .comment       0x00000000       0x71 ..\obj\stm32f4xx_hal_flash_ramfunc.o
 .ARM.attributes
                0x00000000       0x33 ..\obj\stm32f4xx_hal_flash_ramfunc.o
 .data          0x00000000        0x0 ..\obj\stm32f4xx_hal_rcc.o
 .bss           0x00000000        0x0 ..\obj\stm32f4xx_hal_rcc.o
 .text          0x00000000      0x2b4 ..\obj\IoOperations.o
 .data          0x00000000        0x0 ..\obj\IoOperations.o
 .bss           0x00000000        0x0 ..\obj\IoOperations.o
 .debug_info    0x00000000      0x3cf ..\obj\IoOperations.o
 .debug_abbrev  0x00000000      0x12f ..\obj\IoOperations.o
 .debug_aranges
                0x00000000       0x20 ..\obj\IoOperations.o
 .debug_line    0x00000000      0x27f ..\obj\IoOperations.o
 .debug_str     0x00000000      0x345 ..\obj\IoOperations.o
 .comment       0x00000000       0x71 ..\obj\IoOperations.o
 .debug_frame   0x00000000      0x20c ..\obj\IoOperations.o
 .ARM.attributes
                0x00000000       0x33 ..\obj\IoOperations.o
 .text          0x00000000       0xe4 ..\obj\CoreDebug_Utilities.o
 .data          0x00000000        0x0 ..\obj\CoreDebug_Utilities.o
 .bss           0x00000000        0x0 ..\obj\CoreDebug_Utilities.o
 .debug_info    0x00000000      0x1a7 ..\obj\CoreDebug_Utilities.o
 .debug_abbrev  0x00000000       0x9f ..\obj\CoreDebug_Utilities.o
 .debug_aranges
                0x00000000       0x20 ..\obj\CoreDebug_Utilities.o
 .debug_line    0x00000000      0x1ec ..\obj\CoreDebug_Utilities.o
 .debug_str     0x00000000      0x2fb ..\obj\CoreDebug_Utilities.o
 .comment       0x00000000       0x71 ..\obj\CoreDebug_Utilities.o
 .debug_frame   0x00000000       0x60 ..\obj\CoreDebug_Utilities.o
 .ARM.attributes
                0x00000000       0x33 ..\obj\CoreDebug_Utilities.o
 .bss           0x00000000        0x0 ..\obj\system_stm32f4xx.o
 .text          0x00000000      0x49c ..\obj\swd_Utilities.o
 .data          0x00000000        0x0 ..\obj\swd_Utilities.o
 .bss           0x00000000        0x0 ..\obj\swd_Utilities.o
 .debug_info    0x00000000      0x5f0 ..\obj\swd_Utilities.o
 .debug_abbrev  0x00000000      0x16a ..\obj\swd_Utilities.o
 .debug_aranges
                0x00000000       0x20 ..\obj\swd_Utilities.o
 .debug_line    0x00000000      0x273 ..\obj\swd_Utilities.o
 .debug_str     0x00000000      0x468 ..\obj\swd_Utilities.o
 .comment       0x00000000       0x71 ..\obj\swd_Utilities.o
 .debug_frame   0x00000000      0x23c ..\obj\swd_Utilities.o
 .ARM.attributes
                0x00000000       0x33 ..\obj\swd_Utilities.o
 .text          0x00000000      0x6f8 ..\obj\stm32f4xx_hal_rcc_ex.o
 .data          0x00000000        0x0 ..\obj\stm32f4xx_hal_rcc_ex.o
 .bss           0x00000000        0x0 ..\obj\stm32f4xx_hal_rcc_ex.o
 .debug_info    0x00000000      0xc1e ..\obj\stm32f4xx_hal_rcc_ex.o
 .debug_abbrev  0x00000000      0x199 ..\obj\stm32f4xx_hal_rcc_ex.o
 .debug_aranges
                0x00000000       0x20 ..\obj\stm32f4xx_hal_rcc_ex.o
 .debug_line    0x00000000      0x3a6 ..\obj\stm32f4xx_hal_rcc_ex.o
 .debug_str     0x00000000      0x4c6 ..\obj\stm32f4xx_hal_rcc_ex.o
 .comment       0x00000000       0x71 ..\obj\stm32f4xx_hal_rcc_ex.o
 .debug_frame   0x00000000       0x60 ..\obj\stm32f4xx_hal_rcc_ex.o
 .ARM.attributes
                0x00000000       0x33 ..\obj\stm32f4xx_hal_rcc_ex.o
 .text          0x00000000      0x3b0 ..\obj\Register_ReadWrite.o
 .data          0x00000000        0x4 ..\obj\Register_ReadWrite.o
 .bss           0x00000000        0x0 ..\obj\Register_ReadWrite.o
 .debug_info    0x00000000      0x50e ..\obj\Register_ReadWrite.o
 .debug_abbrev  0x00000000      0x10d ..\obj\Register_ReadWrite.o
 .debug_aranges
                0x00000000       0x20 ..\obj\Register_ReadWrite.o
 .debug_line    0x00000000      0x273 ..\obj\Register_ReadWrite.o
 .debug_str     0x00000000      0x3d3 ..\obj\Register_ReadWrite.o
 .comment       0x00000000       0x71 ..\obj\Register_ReadWrite.o
 .debug_frame   0x00000000      0x1f0 ..\obj\Register_ReadWrite.o
 .ARM.attributes
                0x00000000       0x33 ..\obj\Register_ReadWrite.o
 .data          0x00000000        0x0 ..\obj\main.o
 .bss           0x00000000        0x0 ..\obj\main.o
 .text          0x00000000      0x384 ..\obj\stm32f4xx_hal_pwr.o
 .data          0x00000000        0x0 ..\obj\stm32f4xx_hal_pwr.o
 .bss           0x00000000        0x0 ..\obj\stm32f4xx_hal_pwr.o
 .debug_info    0x00000000      0x931 ..\obj\stm32f4xx_hal_pwr.o
 .debug_abbrev  0x00000000      0x215 ..\obj\stm32f4xx_hal_pwr.o
 .debug_aranges
                0x00000000       0x20 ..\obj\stm32f4xx_hal_pwr.o
 .debug_line    0x00000000      0x27b ..\obj\stm32f4xx_hal_pwr.o
 .debug_str     0x00000000      0x59f ..\obj\stm32f4xx_hal_pwr.o
 .comment       0x00000000       0x71 ..\obj\stm32f4xx_hal_pwr.o
 .debug_frame   0x00000000      0x274 ..\obj\stm32f4xx_hal_pwr.o
 .ARM.attributes
                0x00000000       0x33 ..\obj\stm32f4xx_hal_pwr.o
 .text          0x00000000      0x2b4 ..\obj\configurePort.o
 .data          0x00000000        0x0 ..\obj\configurePort.o
 .bss           0x00000000        0x0 ..\obj\configurePort.o
 .debug_info    0x00000000      0x5f4 ..\obj\configurePort.o
 .debug_abbrev  0x00000000      0x117 ..\obj\configurePort.o
 .debug_aranges
                0x00000000       0x20 ..\obj\configurePort.o
 .debug_line    0x00000000      0x217 ..\obj\configurePort.o
 .debug_str     0x00000000      0x432 ..\obj\configurePort.o
 .comment       0x00000000       0x71 ..\obj\configurePort.o
 .debug_frame   0x00000000      0x14c ..\obj\configurePort.o
 .ARM.attributes
                0x00000000       0x33 ..\obj\configurePort.o
 .data          0x00000000        0x0 ..\obj\stm32f4xx_hal_cortex.o
 .bss           0x00000000        0x0 ..\obj\stm32f4xx_hal_cortex.o
 .data          0x00000000        0x0 ..\obj\stm32f4xx_hal.o
 .text          0x00000000       0x14 ..\obj\startup_stm32f429xx.o
 .data          0x00000000        0x0 ..\obj\startup_stm32f429xx.o
 .bss           0x00000000        0x0 ..\obj\startup_stm32f429xx.o
 .text          0x00000000       0x58 ..\obj\Delay.o
 .data          0x00000000        0x0 ..\obj\Delay.o
 .bss           0x00000000        0x0 ..\obj\Delay.o
 .debug_info    0x00000000       0x82 ..\obj\Delay.o
 .debug_abbrev  0x00000000       0x73 ..\obj\Delay.o
 .debug_aranges
                0x00000000       0x20 ..\obj\Delay.o
 .debug_line    0x00000000       0x8f ..\obj\Delay.o
 .debug_str     0x00000000       0xdd ..\obj\Delay.o
 .comment       0x00000000       0x71 ..\obj\Delay.o
 .debug_frame   0x00000000       0x38 ..\obj\Delay.o
 .ARM.attributes
                0x00000000       0x33 ..\obj\Delay.o
 .data          0x00000000        0x0 ..\obj\stm32f4xx_it.o
 .bss           0x00000000        0x0 ..\obj\stm32f4xx_it.o
 .text          0x00000000      0x168 ..\obj\swdStub.o
 .data          0x00000000        0x0 ..\obj\swdStub.o
 .bss           0x00000000        0x0 ..\obj\swdStub.o
 .debug_info    0x00000000      0x17b ..\obj\swdStub.o
 .debug_abbrev  0x00000000       0x87 ..\obj\swdStub.o
 .debug_aranges
                0x00000000       0x20 ..\obj\swdStub.o
 .debug_line    0x00000000      0x1cc ..\obj\swdStub.o
 .debug_str     0x00000000      0x245 ..\obj\swdStub.o
 .comment       0x00000000       0x71 ..\obj\swdStub.o
 .debug_frame   0x00000000       0xa0 ..\obj\swdStub.o
 .ARM.attributes
                0x00000000       0x33 ..\obj\swdStub.o
 .text          0x00000000      0x4c0 ..\obj\Flash.o
 .data          0x00000000        0x0 ..\obj\Flash.o
 .bss           0x00000000       0x1c ..\obj\Flash.o
 .debug_info    0x00000000      0x4ba ..\obj\Flash.o
 .debug_abbrev  0x00000000      0x196 ..\obj\Flash.o
 .debug_aranges
                0x00000000       0x20 ..\obj\Flash.o
 .debug_line    0x00000000      0x35b ..\obj\Flash.o
 .debug_str     0x00000000      0x410 ..\obj\Flash.o
 .comment       0x00000000       0x71 ..\obj\Flash.o
 .debug_frame   0x00000000      0x12c ..\obj\Flash.o
 .ARM.attributes
                0x00000000       0x33 ..\obj\Flash.o
 .text          0x00000000      0x5ec ..\obj\stm32f4xx_hal_flash.o
 .data          0x00000000        0x0 ..\obj\stm32f4xx_hal_flash.o
 .bss           0x00000000        0x0 ..\obj\stm32f4xx_hal_flash.o
 .debug_info    0x00000000      0x542 ..\obj\stm32f4xx_hal_flash.o
 .debug_abbrev  0x00000000      0x1dd ..\obj\stm32f4xx_hal_flash.o
 .debug_aranges
                0x00000000       0x20 ..\obj\stm32f4xx_hal_flash.o
 .debug_line    0x00000000      0x2ae ..\obj\stm32f4xx_hal_flash.o
 .debug_str     0x00000000      0x536 ..\obj\stm32f4xx_hal_flash.o
 .comment       0x00000000       0x71 ..\obj\stm32f4xx_hal_flash.o
 .debug_frame   0x00000000      0x26c ..\obj\stm32f4xx_hal_flash.o
 .ARM.attributes
                0x00000000       0x33 ..\obj\stm32f4xx_hal_flash.o
 COMMON         0x00000000       0x20 ..\obj\stm32f4xx_hal_flash.o
 .text          0x00000000       0x24 ..\obj\LowLevelIO.o
 .data          0x00000000        0x0 ..\obj\LowLevelIO.o
 .bss           0x00000000        0x0 ..\obj\LowLevelIO.o
 .debug_info    0x00000000      0x1ba ..\obj\LowLevelIO.o
 .debug_abbrev  0x00000000       0xd8 ..\obj\LowLevelIO.o
 .debug_aranges
                0x00000000       0x20 ..\obj\LowLevelIO.o
 .debug_line    0x00000000      0x1d1 ..\obj\LowLevelIO.o
 .debug_str     0x00000000      0x25f ..\obj\LowLevelIO.o
 .comment       0x00000000       0x71 ..\obj\LowLevelIO.o
 .debug_frame   0x00000000       0x34 ..\obj\LowLevelIO.o
 .ARM.attributes
                0x00000000       0x33 ..\obj\LowLevelIO.o
 .text          0x00000000        0x0 c:/program files (x86)/gnu tools arm embedded/4.9 2015q1/bin/../lib/gcc/arm-none-eabi/4.9.3/armv7e-m/crtend.o
 .data          0x00000000        0x0 c:/program files (x86)/gnu tools arm embedded/4.9 2015q1/bin/../lib/gcc/arm-none-eabi/4.9.3/armv7e-m/crtend.o
 .bss           0x00000000        0x0 c:/program files (x86)/gnu tools arm embedded/4.9 2015q1/bin/../lib/gcc/arm-none-eabi/4.9.3/armv7e-m/crtend.o
 .eh_frame      0x00000000        0x4 c:/program files (x86)/gnu tools arm embedded/4.9 2015q1/bin/../lib/gcc/arm-none-eabi/4.9.3/armv7e-m/crtend.o
 .jcr           0x00000000        0x4 c:/program files (x86)/gnu tools arm embedded/4.9 2015q1/bin/../lib/gcc/arm-none-eabi/4.9.3/armv7e-m/crtend.o
 .ARM.attributes
                0x00000000       0x2e c:/program files (x86)/gnu tools arm embedded/4.9 2015q1/bin/../lib/gcc/arm-none-eabi/4.9.3/armv7e-m/crtend.o
 .text          0x00000000        0x0 c:/program files (x86)/gnu tools arm embedded/4.9 2015q1/bin/../lib/gcc/arm-none-eabi/4.9.3/armv7e-m/crtn.o
 .data          0x00000000        0x0 c:/program files (x86)/gnu tools arm embedded/4.9 2015q1/bin/../lib/gcc/arm-none-eabi/4.9.3/armv7e-m/crtn.o
 .bss           0x00000000        0x0 c:/program files (x86)/gnu tools arm embedded/4.9 2015q1/bin/../lib/gcc/arm-none-eabi/4.9.3/armv7e-m/crtn.o

Memory Configuration

Name             Origin             Length             Attributes
FLASH            0x08000000         0x00200000         xr
RAM              0x20000000         0x00030000         xrw
MEMORY_B1        0x60000000         0x00000000         xr
CCMRAM           0x10000000         0x00010000         rw
*default*        0x00000000         0xffffffff

Linker script and memory map

LOAD c:/program files (x86)/gnu tools arm embedded/4.9 2015q1/bin/../lib/gcc/arm-none-eabi/4.9.3/armv7e-m/crti.o
LOAD c:/program files (x86)/gnu tools arm embedded/4.9 2015q1/bin/../lib/gcc/arm-none-eabi/4.9.3/armv7e-m/crtbegin.o
LOAD c:/program files (x86)/gnu tools arm embedded/4.9 2015q1/bin/../lib/gcc/arm-none-eabi/4.9.3/../../../../arm-none-eabi/lib/armv7e-m/crt0.o
                0x20030000                _estack = 0x20030000
                0x00000000                _Min_Heap_Size = 0x0
                0x00000400                _Min_Stack_Size = 0x400

.isr_vector     0x08000000      0x1ac
                0x08000000                . = ALIGN (0x4)
                0x08000000                isr_vector_table = .
 *(.isr_vector)
 .isr_vector    0x08000000      0x1ac ..\obj\startup_stm32f429xx.o
                0x08000000                g_pfnVectors
                0x080001ac                . = ALIGN (0x4)

.swd_stub       0x20000000      0x1c8
                0x20000000                . = ALIGN (0x4)
                0x20000000                _sswd_stub = .
                0x000001b0                . = 0x1b0
 *fill*         0x20000000      0x1b0 
                0x200001b0                SWD_INSTRUCTION = .
                0x200001b4                . = (. + 0x4)
 *fill*         0x200001b0        0x4 
                0x200001b4                SWD_DATA_SIZE = .
                0x200001b8                . = (. + 0x4)
 *fill*         0x200001b4        0x4 
                0x200001b8                SWD_BANK_SELECT = .
                0x200001bc                . = (. + 0x4)
 *fill*         0x200001b8        0x4 
                0x200001bc                SWD_FLASH_START = .
                0x200001c0                . = (. + 0x4)
 *fill*         0x200001bc        0x4 
                0x200001c0                SWD_SRAM_START = .
                0x200001c4                . = (. + 0x4)
 *fill*         0x200001c0        0x4 
                0x200001c4                SWD_TARGET_STATUS = .
                0x200001c8                . = (. + 0x4)
 *fill*         0x200001c4        0x4 
                0x200001c8                . = ALIGN (0x4)
                0x200001c8                _eswd_stub = .

.text           0x080001ac     0x2094
                0x080001ac                . = ALIGN (0x4)
 *(.text)
 .text          0x080001ac       0x5c c:/program files (x86)/gnu tools arm embedded/4.9 2015q1/bin/../lib/gcc/arm-none-eabi/4.9.3/armv7e-m/crtbegin.o
 .text          0x08000208      0x674 ..\obj\stm32f4xx_hal_gpio.o
                0x08000208                HAL_GPIO_Init
                0x08000550                HAL_GPIO_DeInit
                0x08000764                HAL_GPIO_ReadPin
                0x08000794                HAL_GPIO_WritePin
                0x080007c4                HAL_GPIO_TogglePin
                0x080007e8                HAL_GPIO_LockPin
                0x08000838                HAL_GPIO_EXTI_IRQHandler
                0x08000868                HAL_GPIO_EXTI_Callback
 .text          0x0800087c      0xd74 ..\obj\stm32f4xx_hal_rcc.o
                0x0800087c                HAL_RCC_DeInit
                0x080008f4                HAL_RCC_OscConfig
                0x08000dac                HAL_RCC_ClockConfig
                0x080010c8                HAL_RCC_MCOConfig
                0x0800118c                HAL_RCC_EnableCSS
                0x080011a4                HAL_RCC_DisableCSS
                0x080011bc                HAL_RCC_GetSysClockFreq
                0x080012d4                HAL_RCC_GetHCLKFreq
                0x0800132c                HAL_RCC_GetPCLK1Freq
                0x08001378                HAL_RCC_GetPCLK2Freq
                0x080013c4                HAL_RCC_GetOscConfig
                0x08001560                HAL_RCC_GetClockConfig
                0x080015c0                HAL_RCC_NMI_IRQHandler
                0x080015e4                HAL_RCC_CSSCallback
 .text          0x080015f0      0x154 ..\obj\system_stm32f4xx.o
                0x080015f0                SystemInit
                0x0800164c                SystemCoreClockUpdate
 .text          0x08001744       0x90 ..\obj\main.o
                0x08001744                main
                0x08001764                svcRequestCall
                0x08001774                isSvcActive
                0x080017a8                C_SVC_Handler
 .text          0x080017d4      0x544 ..\obj\stm32f4xx_hal_cortex.o
                0x08001b68                HAL_NVIC_SetPriorityGrouping
                0x08001b7c                HAL_NVIC_SetPriority
                0x08001bb4                HAL_NVIC_EnableIRQ
                0x08001bd0                HAL_NVIC_DisableIRQ
                0x08001bec                HAL_NVIC_SystemReset
                0x08001bf8                HAL_SYSTICK_Config
                0x08001c10                HAL_NVIC_GetPriorityGrouping
                0x08001c20                HAL_NVIC_GetPriority
                0x08001c50                HAL_NVIC_SetPendingIRQ
                0x08001c6c                HAL_NVIC_GetPendingIRQ
                0x08001c8c                HAL_NVIC_ClearPendingIRQ
                0x08001ca8                HAL_NVIC_GetActive
                0x08001cc8                HAL_SYSTICK_CLKSourceConfig
                0x08001d00                HAL_SYSTICK_IRQHandler
                0x08001d0c                HAL_SYSTICK_Callback
 .text          0x08001d18      0x36c ..\obj\stm32f4xx_hal.o
                0x08001d18                HAL_Init
                0x08001d54                HAL_DeInit
                0x08001dac                HAL_MspInit
                0x08001db8                HAL_MspDeInit
                0x08001dc4                HAL_InitTick
                0x08001dfc                HAL_IncTick
                0x08001e18                HAL_GetTick
                0x08001e30                HAL_Delay
                0x08001e5c                HAL_SuspendTick
                0x08001e78                HAL_ResumeTick
                0x08001e94                HAL_GetHalVersion
                0x08001ea8                HAL_GetREVID
                0x08001ec0                HAL_GetDEVID
                0x08001edc                HAL_DBGMCU_EnableDBGSleepMode
                0x08001ef8                HAL_DBGMCU_DisableDBGSleepMode
                0x08001f14                HAL_DBGMCU_EnableDBGStopMode
                0x08001f30                HAL_DBGMCU_DisableDBGStopMode
                0x08001f4c                HAL_DBGMCU_EnableDBGStandbyMode
                0x08001f68                HAL_DBGMCU_DisableDBGStandbyMode
                0x08001f84                HAL_EnableCompensationCell
                0x08001fc4                HAL_DisableCompensationCell
                0x08002004                HAL_EnableMemorySwappingBank
                0x08002044                HAL_DisableMemorySwappingBank
 .text          0x08002084       0x64 ..\obj\stm32f4xx_it.o
                0x08002084                NMI_Handler
                0x08002090                HardFault_Handler
                0x08002098                MemManage_Handler
                0x080020a0                BusFault_Handler
                0x080020a8                UsageFault_Handler
                0x080020b0                SVC_Handler
                0x080020c4                DebugMon_Handler
                0x080020d0                PendSV_Handler
                0x080020dc                SysTick_Handler
 *(.text*)
 .text.startup.register_fini
                0x080020e8       0x14 c:/program files (x86)/gnu tools arm embedded/4.9 2015q1/bin/../lib/gcc/arm-none-eabi/4.9.3/../../../../arm-none-eabi/lib/armv7e-m\libc.a(lib_a-__call_atexit.o)
 .text.atexit   0x080020fc        0xc c:/program files (x86)/gnu tools arm embedded/4.9 2015q1/bin/../lib/gcc/arm-none-eabi/4.9.3/../../../../arm-none-eabi/lib/armv7e-m\libc.a(lib_a-atexit.o)
                0x080020fc                atexit
 .text.__libc_fini_array
                0x08002108       0x2c c:/program files (x86)/gnu tools arm embedded/4.9 2015q1/bin/../lib/gcc/arm-none-eabi/4.9.3/../../../../arm-none-eabi/lib/armv7e-m\libc.a(lib_a-fini.o)
                0x08002108                __libc_fini_array
 .text.__register_exitproc
                0x08002134       0xa4 c:/program files (x86)/gnu tools arm embedded/4.9 2015q1/bin/../lib/gcc/arm-none-eabi/4.9.3/../../../../arm-none-eabi/lib/armv7e-m\libc.a(lib_a-__atexit.o)
                0x08002134                __register_exitproc
 .text.Reset_Handler
                0x080021d8       0x4c ..\obj\startup_stm32f429xx.o
                0x080021d8                Reset_Handler
 .text.Default_Handler
                0x08002224        0x2 ..\obj\startup_stm32f429xx.o
                0x08002224                RTC_Alarm_IRQHandler
                0x08002224                HASH_RNG_IRQHandler
                0x08002224                EXTI2_IRQHandler
                0x08002224                TIM8_CC_IRQHandler
                0x08002224                UART8_IRQHandler
                0x08002224                SPI4_IRQHandler
                0x08002224                TIM1_CC_IRQHandler
                0x08002224                DMA2_Stream5_IRQHandler
                0x08002224                DMA1_Stream5_IRQHandler
                0x08002224                PVD_IRQHandler
                0x08002224                SDIO_IRQHandler
                0x08002224                TAMP_STAMP_IRQHandler
                0x08002224                CAN2_RX1_IRQHandler
                0x08002224                EXTI3_IRQHandler
                0x08002224                TIM8_TRG_COM_TIM14_IRQHandler
                0x08002224                TIM1_UP_TIM10_IRQHandler
                0x08002224                TIM8_UP_TIM13_IRQHandler
                0x08002224                I2C3_ER_IRQHandler
                0x08002224                EXTI0_IRQHandler
                0x08002224                I2C2_EV_IRQHandler
                0x08002224                DMA1_Stream2_IRQHandler
                0x08002224                CAN1_RX0_IRQHandler
                0x08002224                FPU_IRQHandler
                0x08002224                OTG_HS_WKUP_IRQHandler
                0x08002224                LTDC_ER_IRQHandler
                0x08002224                CAN2_SCE_IRQHandler
                0x08002224                DMA2_Stream2_IRQHandler
                0x08002224                SPI1_IRQHandler
                0x08002224                TIM6_DAC_IRQHandler
                0x08002224                TIM1_BRK_TIM9_IRQHandler
                0x08002224                DCMI_IRQHandler
                0x08002224                CAN2_RX0_IRQHandler
                0x08002224                DMA2_Stream3_IRQHandler
                0x08002224                USART6_IRQHandler
                0x08002224                USART3_IRQHandler
                0x08002224                CAN1_RX1_IRQHandler
                0x08002224                UART5_IRQHandler
                0x08002224                DMA2_Stream0_IRQHandler
                0x08002224                TIM4_IRQHandler
                0x08002224                I2C1_EV_IRQHandler
                0x08002224                DMA1_Stream6_IRQHandler
                0x08002224                DMA1_Stream1_IRQHandler
                0x08002224                UART4_IRQHandler
                0x08002224                TIM3_IRQHandler
                0x08002224                RCC_IRQHandler
                0x08002224                TIM8_BRK_TIM12_IRQHandler
                0x08002224                Default_Handler
                0x08002224                EXTI15_10_IRQHandler
                0x08002224                ADC_IRQHandler
                0x08002224                DMA1_Stream7_IRQHandler
                0x08002224                SPI5_IRQHandler
                0x08002224                TIM7_IRQHandler
                0x08002224                CAN2_TX_IRQHandler
                0x08002224                TIM5_IRQHandler
                0x08002224                DMA2_Stream7_IRQHandler
                0x08002224                I2C3_EV_IRQHandler
                0x08002224                EXTI9_5_IRQHandler
                0x08002224                RTC_WKUP_IRQHandler
                0x08002224                LTDC_IRQHandler
                0x08002224                ETH_WKUP_IRQHandler
                0x08002224                SPI2_IRQHandler
                0x08002224                OTG_HS_EP1_IN_IRQHandler
                0x08002224                DMA1_Stream0_IRQHandler
                0x08002224                CAN1_TX_IRQHandler
                0x08002224                EXTI4_IRQHandler
                0x08002224                ETH_IRQHandler
                0x08002224                OTG_HS_EP1_OUT_IRQHandler
                0x08002224                WWDG_IRQHandler
                0x08002224                SPI6_IRQHandler
                0x08002224                TIM2_IRQHandler
                0x08002224                OTG_FS_WKUP_IRQHandler
                0x08002224                TIM1_TRG_COM_TIM11_IRQHandler
                0x08002224                OTG_HS_IRQHandler
                0x08002224                DMA2D_IRQHandler
                0x08002224                EXTI1_IRQHandler
                0x08002224                UART7_IRQHandler
                0x08002224                USART2_IRQHandler
                0x08002224                I2C2_ER_IRQHandler
                0x08002224                DMA2_Stream1_IRQHandler
                0x08002224                CAN1_SCE_IRQHandler
                0x08002224                FLASH_IRQHandler
                0x08002224                DMA2_Stream4_IRQHandler
                0x08002224                USART1_IRQHandler
                0x08002224                OTG_FS_IRQHandler
                0x08002224                SPI3_IRQHandler
                0x08002224                DMA1_Stream4_IRQHandler
                0x08002224                I2C1_ER_IRQHandler
                0x08002224                FMC_IRQHandler
                0x08002224                DMA2_Stream6_IRQHandler
                0x08002224                SAI1_IRQHandler
                0x08002224                DMA1_Stream3_IRQHandler
 *(.glue_7)
 .glue_7        0x00000000        0x0 linker stubs
 *(.glue_7t)
 .glue_7t       0x00000000        0x0 linker stubs
 *(.eh_frame)
 *fill*         0x08002226        0x2 
 .eh_frame      0x08002228        0x0 c:/program files (x86)/gnu tools arm embedded/4.9 2015q1/bin/../lib/gcc/arm-none-eabi/4.9.3/armv7e-m/crtbegin.o
 *(.init)
 .init          0x08002228        0x4 c:/program files (x86)/gnu tools arm embedded/4.9 2015q1/bin/../lib/gcc/arm-none-eabi/4.9.3/armv7e-m/crti.o
                0x08002228                _init
 .init          0x0800222c        0x8 c:/program files (x86)/gnu tools arm embedded/4.9 2015q1/bin/../lib/gcc/arm-none-eabi/4.9.3/armv7e-m/crtn.o
 *(.fini)
 .fini          0x08002234        0x4 c:/program files (x86)/gnu tools arm embedded/4.9 2015q1/bin/../lib/gcc/arm-none-eabi/4.9.3/armv7e-m/crti.o
                0x08002234                _fini
 .fini          0x08002238        0x8 c:/program files (x86)/gnu tools arm embedded/4.9 2015q1/bin/../lib/gcc/arm-none-eabi/4.9.3/armv7e-m/crtn.o
                0x08002240                . = ALIGN (0x4)
                0x08002240                _etext = .

.vfp11_veneer   0x08002240        0x0
 .vfp11_veneer  0x00000000        0x0 linker stubs

.v4_bx          0x08002240        0x0
 .v4_bx         0x00000000        0x0 linker stubs

.iplt           0x08002240        0x0
 .iplt          0x00000000        0x0 c:/program files (x86)/gnu tools arm embedded/4.9 2015q1/bin/../lib/gcc/arm-none-eabi/4.9.3/armv7e-m/crtbegin.o

.rodata         0x08002240       0x18
                0x08002240                . = ALIGN (0x4)
 *(.rodata)
 .rodata        0x08002240       0x10 ..\obj\stm32f4xx_hal_rcc.o
                0x08002240                APBAHBPrescTable
 *(.rodata*)
 .rodata.str1.4
                0x08002250        0x4 c:/program files (x86)/gnu tools arm embedded/4.9 2015q1/bin/../lib/gcc/arm-none-eabi/4.9.3/../../../../arm-none-eabi/lib/armv7e-m\libc.a(lib_a-impure.o)
 .rodata._global_impure_ptr
                0x08002254        0x4 c:/program files (x86)/gnu tools arm embedded/4.9 2015q1/bin/../lib/gcc/arm-none-eabi/4.9.3/../../../../arm-none-eabi/lib/armv7e-m\libc.a(lib_a-impure.o)
                0x08002254                _global_impure_ptr
                0x08002258                . = ALIGN (0x4)

.rel.dyn        0x08002258        0x0
 .rel.iplt      0x00000000        0x0 c:/program files (x86)/gnu tools arm embedded/4.9 2015q1/bin/../lib/gcc/arm-none-eabi/4.9.3/armv7e-m/crtbegin.o

.ARM.extab
 *(.ARM.extab* .gnu.linkonce.armextab.*)

.ARM            0x08002258        0x0
                0x08002258                __exidx_start = .
 *(.ARM.exidx*)
                0x08002258                __exidx_end = .

.preinit_array  0x08002258        0x0
                0x08002258                PROVIDE (__preinit_array_start, .)
 *(.preinit_array*)
                0x08002258                PROVIDE (__preinit_array_end, .)

.init_array     0x08002258        0x8
                0x08002258                PROVIDE (__init_array_start, .)
 *(SORT(.init_array.*))
 .init_array.00000
                0x08002258        0x4 c:/program files (x86)/gnu tools arm embedded/4.9 2015q1/bin/../lib/gcc/arm-none-eabi/4.9.3/../../../../arm-none-eabi/lib/armv7e-m\libc.a(lib_a-__call_atexit.o)
 *(.init_array*)
 .init_array    0x0800225c        0x4 c:/program files (x86)/gnu tools arm embedded/4.9 2015q1/bin/../lib/gcc/arm-none-eabi/4.9.3/armv7e-m/crtbegin.o
                0x08002260                PROVIDE (__init_array_end, .)

.fini_array     0x08002260        0x4
                0x08002260                PROVIDE (__fini_array_start, .)
 *(SORT(.fini_array.*))
 *(.fini_array*)
 .fini_array    0x08002260        0x4 c:/program files (x86)/gnu tools arm embedded/4.9 2015q1/bin/../lib/gcc/arm-none-eabi/4.9.3/armv7e-m/crtbegin.o
                0x08002264                PROVIDE (__fini_array_end, .)
                0x08002264                _sidata = LOADADDR (.data)

.data           0x200001c8      0x440 load address 0x08002264
                0x200001c8                . = ALIGN (0x4)
                0x200001c8                _sdata = .
 *(.data)
 .data          0x200001c8       0x14 ..\obj\system_stm32f4xx.o
                0x200001c8                SystemCoreClock
                0x200001cc                AHBPrescTable
 *(.data*)
 *fill*         0x200001dc        0x4 
 .data.impure_data
                0x200001e0      0x428 c:/program files (x86)/gnu tools arm embedded/4.9 2015q1/bin/../lib/gcc/arm-none-eabi/4.9.3/../../../../arm-none-eabi/lib/armv7e-m\libc.a(lib_a-impure.o)
                0x20000608                . = ALIGN (0x4)
                0x20000608                _edata = .
                0x080026a4                _siccmram = LOADADDR (.ccmram)

.jcr            0x20000608        0x0 load address 0x080026a4
 .jcr           0x20000608        0x0 c:/program files (x86)/gnu tools arm embedded/4.9 2015q1/bin/../lib/gcc/arm-none-eabi/4.9.3/armv7e-m/crtbegin.o

.igot.plt       0x20000608        0x0 load address 0x080026a4
 .igot.plt      0x00000000        0x0 c:/program files (x86)/gnu tools arm embedded/4.9 2015q1/bin/../lib/gcc/arm-none-eabi/4.9.3/armv7e-m/crtbegin.o

.ccmram         0x10000000        0x0 load address 0x080026a4
                0x10000000                . = ALIGN (0x4)
                0x10000000                _sccmram = .
 *(.ccmram)
 *(.ccmram*)
                0x10000000                . = ALIGN (0x4)
                0x10000000                _eccmram = .
                0x10000000                . = ALIGN (0x4)

.bss            0x20000608       0x20
                0x20000608                _sbss = .
                0x20000608                __bss_start__ = _sbss
 *(.bss)
 .bss           0x20000608       0x1c c:/program files (x86)/gnu tools arm embedded/4.9 2015q1/bin/../lib/gcc/arm-none-eabi/4.9.3/armv7e-m/crtbegin.o
 .bss           0x20000624        0x4 ..\obj\stm32f4xx_hal.o
 *(.bss*)
 *(COMMON)
                0x20000628                . = ALIGN (0x4)
                0x20000628                _ebss = .
                0x20000628                __bss_end__ = _ebss

._user_heap_stack
                0x20000628      0x400
                0x20000628                . = ALIGN (0x4)
                0x20000628                PROVIDE (end, .)
                0x20000628                PROVIDE (_end, .)
                0x20000628                . = (. + _Min_Heap_Size)
                0x20000a28                . = (. + _Min_Stack_Size)
 *fill*         0x20000628      0x400 
                0x20000a28                . = ALIGN (0x4)

.memory_b1_text
 *(.mb1text)
 *(.mb1text*)
 *(.mb1rodata)
 *(.mb1rodata*)

/DISCARD/
 libc.a(*)
 libm.a(*)
 libgcc.a(*)

.ARM.attributes
                0x00000000       0x2a
 *(.ARM.attributes)
 .ARM.attributes
                0x00000000       0x1e c:/program files (x86)/gnu tools arm embedded/4.9 2015q1/bin/../lib/gcc/arm-none-eabi/4.9.3/armv7e-m/crti.o
 .ARM.attributes
                0x0000001e       0x2e c:/program files (x86)/gnu tools arm embedded/4.9 2015q1/bin/../lib/gcc/arm-none-eabi/4.9.3/armv7e-m/crtbegin.o
 .ARM.attributes
                0x0000004c       0x33 ..\obj\stm32f4xx_hal_gpio.o
 .ARM.attributes
                0x0000007f       0x33 ..\obj\stm32f4xx_hal_rcc.o
 .ARM.attributes
                0x000000b2       0x33 ..\obj\system_stm32f4xx.o
 .ARM.attributes
                0x000000e5       0x33 ..\obj\main.o
 .ARM.attributes
                0x00000118       0x33 ..\obj\stm32f4xx_hal_cortex.o
 .ARM.attributes
                0x0000014b       0x33 ..\obj\stm32f4xx_hal.o
 .ARM.attributes
                0x0000017e       0x21 ..\obj\startup_stm32f429xx.o
 .ARM.attributes
                0x0000019f       0x33 ..\obj\stm32f4xx_it.o
 .ARM.attributes
                0x000001d2       0x1e c:/program files (x86)/gnu tools arm embedded/4.9 2015q1/bin/../lib/gcc/arm-none-eabi/4.9.3/armv7e-m/crtn.o
LOAD ..\obj\LED.o
LOAD ..\obj\SystemConfigure.o
LOAD ..\obj\stm32f4xx_hal_flash_ex.o
LOAD ..\obj\CoreDebug.o
LOAD ..\obj\stm32f4xx_hal_pwr_ex.o
LOAD ..\obj\stm32f4xx_hal_gpio.o
LOAD ..\obj\stm32f4xx_hal_flash_ramfunc.o
LOAD ..\obj\stm32f4xx_hal_rcc.o
LOAD ..\obj\IoOperations.o
LOAD ..\obj\CoreDebug_Utilities.o
LOAD ..\obj\system_stm32f4xx.o
LOAD ..\obj\swd_Utilities.o
LOAD ..\obj\stm32f4xx_hal_rcc_ex.o
LOAD ..\obj\Register_ReadWrite.o
LOAD ..\obj\main.o
LOAD ..\obj\stm32f4xx_hal_pwr.o
LOAD ..\obj\configurePort.o
LOAD ..\obj\stm32f4xx_hal_cortex.o
LOAD ..\obj\stm32f4xx_hal.o
LOAD ..\obj\startup_stm32f429xx.o
LOAD ..\obj\Delay.o
LOAD ..\obj\stm32f4xx_it.o
LOAD ..\obj\swdStub.o
LOAD ..\obj\Flash.o
LOAD ..\obj\stm32f4xx_hal_flash.o
LOAD ..\obj\LowLevelIO.o
START GROUP
LOAD c:/program files (x86)/gnu tools arm embedded/4.9 2015q1/bin/../lib/gcc/arm-none-eabi/4.9.3/armv7e-m\libgcc.a
LOAD c:/program files (x86)/gnu tools arm embedded/4.9 2015q1/bin/../lib/gcc/arm-none-eabi/4.9.3/../../../../arm-none-eabi/lib/armv7e-m\libg.a
LOAD c:/program files (x86)/gnu tools arm embedded/4.9 2015q1/bin/../lib/gcc/arm-none-eabi/4.9.3/../../../../arm-none-eabi/lib/armv7e-m\libc.a
END GROUP
LOAD c:/program files (x86)/gnu tools arm embedded/4.9 2015q1/bin/../lib/gcc/arm-none-eabi/4.9.3/armv7e-m/crtend.o
LOAD c:/program files (x86)/gnu tools arm embedded/4.9 2015q1/bin/../lib/gcc/arm-none-eabi/4.9.3/armv7e-m/crtn.o
OUTPUT(FlashProgrammer.elf elf32-littlearm)

.debug_info     0x00000000     0x34f2
 .debug_info    0x00000000      0x712 ..\obj\stm32f4xx_hal_gpio.o
 .debug_info    0x00000712      0xe27 ..\obj\stm32f4xx_hal_rcc.o
 .debug_info    0x00001539      0x4b4 ..\obj\system_stm32f4xx.o
 .debug_info    0x000019ed      0x31e ..\obj\main.o
 .debug_info    0x00001d0b      0xbac ..\obj\stm32f4xx_hal_cortex.o
 .debug_info    0x000028b7      0xa1c ..\obj\stm32f4xx_hal.o
 .debug_info    0x000032d3       0xe5 ..\obj\startup_stm32f429xx.o
 .debug_info    0x000033b8      0x13a ..\obj\stm32f4xx_it.o

.debug_abbrev   0x00000000      0xb6a
 .debug_abbrev  0x00000000      0x1aa ..\obj\stm32f4xx_hal_gpio.o
 .debug_abbrev  0x000001aa      0x25a ..\obj\stm32f4xx_hal_rcc.o
 .debug_abbrev  0x00000404       0xff ..\obj\system_stm32f4xx.o
 .debug_abbrev  0x00000503      0x13e ..\obj\main.o
 .debug_abbrev  0x00000641      0x299 ..\obj\stm32f4xx_hal_cortex.o
 .debug_abbrev  0x000008da      0x1ff ..\obj\stm32f4xx_hal.o
 .debug_abbrev  0x00000ad9       0x12 ..\obj\startup_stm32f429xx.o
 .debug_abbrev  0x00000aeb       0x7f ..\obj\stm32f4xx_it.o

.debug_aranges  0x00000000      0x108
 .debug_aranges
                0x00000000       0x20 ..\obj\stm32f4xx_hal_gpio.o
 .debug_aranges
                0x00000020       0x20 ..\obj\stm32f4xx_hal_rcc.o
 .debug_aranges
                0x00000040       0x20 ..\obj\system_stm32f4xx.o
 .debug_aranges
                0x00000060       0x20 ..\obj\main.o
 .debug_aranges
                0x00000080       0x20 ..\obj\stm32f4xx_hal_cortex.o
 .debug_aranges
                0x000000a0       0x20 ..\obj\stm32f4xx_hal.o
 .debug_aranges
                0x000000c0       0x28 ..\obj\startup_stm32f429xx.o
 .debug_aranges
                0x000000e8       0x20 ..\obj\stm32f4xx_it.o

.debug_line     0x00000000     0x12c1
 .debug_line    0x00000000      0x356 ..\obj\stm32f4xx_hal_gpio.o
 .debug_line    0x00000356      0x4bb ..\obj\stm32f4xx_hal_rcc.o
 .debug_line    0x00000811      0x196 ..\obj\system_stm32f4xx.o
 .debug_line    0x000009a7      0x1b8 ..\obj\main.o
 .debug_line    0x00000b5f      0x2b2 ..\obj\stm32f4xx_hal_cortex.o
 .debug_line    0x00000e11      0x25f ..\obj\stm32f4xx_hal.o
 .debug_line    0x00001070       0xc2 ..\obj\startup_stm32f429xx.o
 .debug_line    0x00001132      0x18f ..\obj\stm32f4xx_it.o

.debug_str      0x00000000     0x150f
 .debug_str     0x00000000      0x495 ..\obj\stm32f4xx_hal_gpio.o
                                0x51c (size before relaxing)
 .debug_str     0x00000495      0x361 ..\obj\stm32f4xx_hal_rcc.o
                                0x6d6 (size before relaxing)
 .debug_str     0x000007f6       0xe1 ..\obj\system_stm32f4xx.o
                                0x35a (size before relaxing)
 .debug_str     0x000008d7       0xb8 ..\obj\main.o
                                0x2b2 (size before relaxing)
 .debug_str     0x0000098f      0x834 ..\obj\stm32f4xx_hal_cortex.o
                                0xb58 (size before relaxing)
 .debug_str     0x000011c3      0x26a ..\obj\stm32f4xx_hal.o
                                0xb1d (size before relaxing)
 .debug_str     0x0000142d       0xe2 ..\obj\stm32f4xx_it.o
                                0x264 (size before relaxing)

.comment        0x00000000       0x70
 .comment       0x00000000       0x70 ..\obj\stm32f4xx_hal_gpio.o
                                 0x71 (size before relaxing)
 .comment       0x00000000       0x71 ..\obj\stm32f4xx_hal_rcc.o
 .comment       0x00000000       0x71 ..\obj\system_stm32f4xx.o
 .comment       0x00000000       0x71 ..\obj\main.o
 .comment       0x00000000       0x71 ..\obj\stm32f4xx_hal_cortex.o
 .comment       0x00000000       0x71 ..\obj\stm32f4xx_hal.o
 .comment       0x00000000       0x71 ..\obj\stm32f4xx_it.o

.debug_frame    0x00000000      0xc7c
 .debug_frame   0x00000000      0x14c ..\obj\stm32f4xx_hal_gpio.o
 .debug_frame   0x0000014c      0x204 ..\obj\stm32f4xx_hal_rcc.o
 .debug_frame   0x00000350       0x58 ..\obj\system_stm32f4xx.o
 .debug_frame   0x000003a8       0xa0 ..\obj\main.o
 .debug_frame   0x00000448      0x428 ..\obj\stm32f4xx_hal_cortex.o
 .debug_frame   0x00000870      0x310 ..\obj\stm32f4xx_hal.o
 .debug_frame   0x00000b80       0xfc ..\obj\stm32f4xx_it.o

.debug_ranges   0x00000000       0x20
 .debug_ranges  0x00000000       0x20 ..\obj\startup_stm32f429xx.o
