Archive member included because of file (symbol)

c:/program files (x86)/gnu tools arm embedded/4.9 2015q1/bin/../lib/gcc/arm-none-eabi/4.9.3/../../../../arm-none-eabi/lib/armv7e-m\libc.a(lib_a-exit.o)
                              c:/program files (x86)/gnu tools arm embedded/4.9 2015q1/bin/../lib/gcc/arm-none-eabi/4.9.3/../../../../arm-none-eabi/lib/armv7e-m/crt0.o (exit)
c:/program files (x86)/gnu tools arm embedded/4.9 2015q1/bin/../lib/gcc/arm-none-eabi/4.9.3/../../../../arm-none-eabi/lib/armv7e-m\libc.a(lib_a-impure.o)
                              c:/program files (x86)/gnu tools arm embedded/4.9 2015q1/bin/../lib/gcc/arm-none-eabi/4.9.3/../../../../arm-none-eabi/lib/armv7e-m\libc.a(lib_a-exit.o) (_global_impure_ptr)
c:/program files (x86)/gnu tools arm embedded/4.9 2015q1/bin/../lib/gcc/arm-none-eabi/4.9.3/../../../../arm-none-eabi/lib/armv7e-m\libc.a(lib_a-init.o)
                              c:/program files (x86)/gnu tools arm embedded/4.9 2015q1/bin/../lib/gcc/arm-none-eabi/4.9.3/../../../../arm-none-eabi/lib/armv7e-m/crt0.o (__libc_init_array)
c:/program files (x86)/gnu tools arm embedded/4.9 2015q1/bin/../lib/gcc/arm-none-eabi/4.9.3/../../../../arm-none-eabi/lib/armv7e-m\libc.a(lib_a-memset.o)
                              c:/program files (x86)/gnu tools arm embedded/4.9 2015q1/bin/../lib/gcc/arm-none-eabi/4.9.3/../../../../arm-none-eabi/lib/armv7e-m/crt0.o (memset)
c:/program files (x86)/gnu tools arm embedded/4.9 2015q1/bin/../lib/gcc/arm-none-eabi/4.9.3/../../../../arm-none-eabi/lib/armv7e-m\libc.a(lib_a-__call_atexit.o)
                              c:/program files (x86)/gnu tools arm embedded/4.9 2015q1/bin/../lib/gcc/arm-none-eabi/4.9.3/../../../../arm-none-eabi/lib/armv7e-m\libc.a(lib_a-exit.o) (__call_exitprocs)
c:/program files (x86)/gnu tools arm embedded/4.9 2015q1/bin/../lib/gcc/arm-none-eabi/4.9.3/../../../../arm-none-eabi/lib/armv7e-m\libc.a(lib_a-atexit.o)
                              c:/program files (x86)/gnu tools arm embedded/4.9 2015q1/bin/../lib/gcc/arm-none-eabi/4.9.3/../../../../arm-none-eabi/lib/armv7e-m\libc.a(lib_a-__call_atexit.o) (atexit)
c:/program files (x86)/gnu tools arm embedded/4.9 2015q1/bin/../lib/gcc/arm-none-eabi/4.9.3/../../../../arm-none-eabi/lib/armv7e-m\libc.a(lib_a-fini.o)
                              c:/program files (x86)/gnu tools arm embedded/4.9 2015q1/bin/../lib/gcc/arm-none-eabi/4.9.3/../../../../arm-none-eabi/lib/armv7e-m\libc.a(lib_a-__call_atexit.o) (__libc_fini_array)
c:/program files (x86)/gnu tools arm embedded/4.9 2015q1/bin/../lib/gcc/arm-none-eabi/4.9.3/../../../../arm-none-eabi/lib/armv7e-m\libc.a(lib_a-__atexit.o)
                              c:/program files (x86)/gnu tools arm embedded/4.9 2015q1/bin/../lib/gcc/arm-none-eabi/4.9.3/../../../../arm-none-eabi/lib/armv7e-m\libc.a(lib_a-atexit.o) (__register_exitproc)

Allocating common symbols
Common symbol       size              file

pFlash              0x20              ..\obj\stm32f4xx_hal_flash.o
I2cHandle           0x3c              ..\obj\stm32f429i_discovery.o

Discarded input sections

 .text          0x00000000        0x0 c:/program files (x86)/gnu tools arm embedded/4.9 2015q1/bin/../lib/gcc/arm-none-eabi/4.9.3/armv7e-m/crti.o
 .data          0x00000000        0x0 c:/program files (x86)/gnu tools arm embedded/4.9 2015q1/bin/../lib/gcc/arm-none-eabi/4.9.3/armv7e-m/crti.o
 .bss           0x00000000        0x0 c:/program files (x86)/gnu tools arm embedded/4.9 2015q1/bin/../lib/gcc/arm-none-eabi/4.9.3/armv7e-m/crti.o
 .data          0x00000000        0x4 c:/program files (x86)/gnu tools arm embedded/4.9 2015q1/bin/../lib/gcc/arm-none-eabi/4.9.3/armv7e-m/crtbegin.o
 .text          0x00000000       0x74 c:/program files (x86)/gnu tools arm embedded/4.9 2015q1/bin/../lib/gcc/arm-none-eabi/4.9.3/../../../../arm-none-eabi/lib/armv7e-m/crt0.o
 .data          0x00000000        0x0 c:/program files (x86)/gnu tools arm embedded/4.9 2015q1/bin/../lib/gcc/arm-none-eabi/4.9.3/../../../../arm-none-eabi/lib/armv7e-m/crt0.o
 .bss           0x00000000        0x0 c:/program files (x86)/gnu tools arm embedded/4.9 2015q1/bin/../lib/gcc/arm-none-eabi/4.9.3/../../../../arm-none-eabi/lib/armv7e-m/crt0.o
 .ARM.extab     0x00000000        0x0 c:/program files (x86)/gnu tools arm embedded/4.9 2015q1/bin/../lib/gcc/arm-none-eabi/4.9.3/../../../../arm-none-eabi/lib/armv7e-m/crt0.o
 .ARM.exidx     0x00000000        0x8 c:/program files (x86)/gnu tools arm embedded/4.9 2015q1/bin/../lib/gcc/arm-none-eabi/4.9.3/../../../../arm-none-eabi/lib/armv7e-m/crt0.o
 .ARM.attributes
                0x00000000       0x1c c:/program files (x86)/gnu tools arm embedded/4.9 2015q1/bin/../lib/gcc/arm-none-eabi/4.9.3/../../../../arm-none-eabi/lib/armv7e-m/crt0.o
 .text          0x00000000        0x0 c:/program files (x86)/gnu tools arm embedded/4.9 2015q1/bin/../lib/gcc/arm-none-eabi/4.9.3/../../../../arm-none-eabi/lib/armv7e-m\libc.a(lib_a-exit.o)
 .data          0x00000000        0x0 c:/program files (x86)/gnu tools arm embedded/4.9 2015q1/bin/../lib/gcc/arm-none-eabi/4.9.3/../../../../arm-none-eabi/lib/armv7e-m\libc.a(lib_a-exit.o)
 .bss           0x00000000        0x0 c:/program files (x86)/gnu tools arm embedded/4.9 2015q1/bin/../lib/gcc/arm-none-eabi/4.9.3/../../../../arm-none-eabi/lib/armv7e-m\libc.a(lib_a-exit.o)
 .text.exit     0x00000000       0x20 c:/program files (x86)/gnu tools arm embedded/4.9 2015q1/bin/../lib/gcc/arm-none-eabi/4.9.3/../../../../arm-none-eabi/lib/armv7e-m\libc.a(lib_a-exit.o)
 .debug_frame   0x00000000       0x28 c:/program files (x86)/gnu tools arm embedded/4.9 2015q1/bin/../lib/gcc/arm-none-eabi/4.9.3/../../../../arm-none-eabi/lib/armv7e-m\libc.a(lib_a-exit.o)
 .ARM.attributes
                0x00000000       0x2e c:/program files (x86)/gnu tools arm embedded/4.9 2015q1/bin/../lib/gcc/arm-none-eabi/4.9.3/../../../../arm-none-eabi/lib/armv7e-m\libc.a(lib_a-exit.o)
 .text          0x00000000        0x0 c:/program files (x86)/gnu tools arm embedded/4.9 2015q1/bin/../lib/gcc/arm-none-eabi/4.9.3/../../../../arm-none-eabi/lib/armv7e-m\libc.a(lib_a-impure.o)
 .data          0x00000000        0x0 c:/program files (x86)/gnu tools arm embedded/4.9 2015q1/bin/../lib/gcc/arm-none-eabi/4.9.3/../../../../arm-none-eabi/lib/armv7e-m\libc.a(lib_a-impure.o)
 .bss           0x00000000        0x0 c:/program files (x86)/gnu tools arm embedded/4.9 2015q1/bin/../lib/gcc/arm-none-eabi/4.9.3/../../../../arm-none-eabi/lib/armv7e-m\libc.a(lib_a-impure.o)
 .data._impure_ptr
                0x00000000        0x4 c:/program files (x86)/gnu tools arm embedded/4.9 2015q1/bin/../lib/gcc/arm-none-eabi/4.9.3/../../../../arm-none-eabi/lib/armv7e-m\libc.a(lib_a-impure.o)
 .ARM.attributes
                0x00000000       0x2e c:/program files (x86)/gnu tools arm embedded/4.9 2015q1/bin/../lib/gcc/arm-none-eabi/4.9.3/../../../../arm-none-eabi/lib/armv7e-m\libc.a(lib_a-impure.o)
 .text          0x00000000        0x0 c:/program files (x86)/gnu tools arm embedded/4.9 2015q1/bin/../lib/gcc/arm-none-eabi/4.9.3/../../../../arm-none-eabi/lib/armv7e-m\libc.a(lib_a-init.o)
 .data          0x00000000        0x0 c:/program files (x86)/gnu tools arm embedded/4.9 2015q1/bin/../lib/gcc/arm-none-eabi/4.9.3/../../../../arm-none-eabi/lib/armv7e-m\libc.a(lib_a-init.o)
 .bss           0x00000000        0x0 c:/program files (x86)/gnu tools arm embedded/4.9 2015q1/bin/../lib/gcc/arm-none-eabi/4.9.3/../../../../arm-none-eabi/lib/armv7e-m\libc.a(lib_a-init.o)
 .debug_frame   0x00000000       0x2c c:/program files (x86)/gnu tools arm embedded/4.9 2015q1/bin/../lib/gcc/arm-none-eabi/4.9.3/../../../../arm-none-eabi/lib/armv7e-m\libc.a(lib_a-init.o)
 .ARM.attributes
                0x00000000       0x2e c:/program files (x86)/gnu tools arm embedded/4.9 2015q1/bin/../lib/gcc/arm-none-eabi/4.9.3/../../../../arm-none-eabi/lib/armv7e-m\libc.a(lib_a-init.o)
 .text          0x00000000        0x0 c:/program files (x86)/gnu tools arm embedded/4.9 2015q1/bin/../lib/gcc/arm-none-eabi/4.9.3/../../../../arm-none-eabi/lib/armv7e-m\libc.a(lib_a-memset.o)
 .data          0x00000000        0x0 c:/program files (x86)/gnu tools arm embedded/4.9 2015q1/bin/../lib/gcc/arm-none-eabi/4.9.3/../../../../arm-none-eabi/lib/armv7e-m\libc.a(lib_a-memset.o)
 .bss           0x00000000        0x0 c:/program files (x86)/gnu tools arm embedded/4.9 2015q1/bin/../lib/gcc/arm-none-eabi/4.9.3/../../../../arm-none-eabi/lib/armv7e-m\libc.a(lib_a-memset.o)
 .text.memset   0x00000000       0x9c c:/program files (x86)/gnu tools arm embedded/4.9 2015q1/bin/../lib/gcc/arm-none-eabi/4.9.3/../../../../arm-none-eabi/lib/armv7e-m\libc.a(lib_a-memset.o)
 .debug_frame   0x00000000       0x34 c:/program files (x86)/gnu tools arm embedded/4.9 2015q1/bin/../lib/gcc/arm-none-eabi/4.9.3/../../../../arm-none-eabi/lib/armv7e-m\libc.a(lib_a-memset.o)
 .ARM.attributes
                0x00000000       0x2e c:/program files (x86)/gnu tools arm embedded/4.9 2015q1/bin/../lib/gcc/arm-none-eabi/4.9.3/../../../../arm-none-eabi/lib/armv7e-m\libc.a(lib_a-memset.o)
 .text          0x00000000        0x0 c:/program files (x86)/gnu tools arm embedded/4.9 2015q1/bin/../lib/gcc/arm-none-eabi/4.9.3/../../../../arm-none-eabi/lib/armv7e-m\libc.a(lib_a-__call_atexit.o)
 .data          0x00000000        0x0 c:/program files (x86)/gnu tools arm embedded/4.9 2015q1/bin/../lib/gcc/arm-none-eabi/4.9.3/../../../../arm-none-eabi/lib/armv7e-m\libc.a(lib_a-__call_atexit.o)
 .bss           0x00000000        0x0 c:/program files (x86)/gnu tools arm embedded/4.9 2015q1/bin/../lib/gcc/arm-none-eabi/4.9.3/../../../../arm-none-eabi/lib/armv7e-m\libc.a(lib_a-__call_atexit.o)
 .text.__call_exitprocs
                0x00000000       0xd4 c:/program files (x86)/gnu tools arm embedded/4.9 2015q1/bin/../lib/gcc/arm-none-eabi/4.9.3/../../../../arm-none-eabi/lib/armv7e-m\libc.a(lib_a-__call_atexit.o)
 .debug_frame   0x00000000       0x50 c:/program files (x86)/gnu tools arm embedded/4.9 2015q1/bin/../lib/gcc/arm-none-eabi/4.9.3/../../../../arm-none-eabi/lib/armv7e-m\libc.a(lib_a-__call_atexit.o)
 .ARM.attributes
                0x00000000       0x2e c:/program files (x86)/gnu tools arm embedded/4.9 2015q1/bin/../lib/gcc/arm-none-eabi/4.9.3/../../../../arm-none-eabi/lib/armv7e-m\libc.a(lib_a-__call_atexit.o)
 .text          0x00000000        0x0 c:/program files (x86)/gnu tools arm embedded/4.9 2015q1/bin/../lib/gcc/arm-none-eabi/4.9.3/../../../../arm-none-eabi/lib/armv7e-m\libc.a(lib_a-atexit.o)
 .data          0x00000000        0x0 c:/program files (x86)/gnu tools arm embedded/4.9 2015q1/bin/../lib/gcc/arm-none-eabi/4.9.3/../../../../arm-none-eabi/lib/armv7e-m\libc.a(lib_a-atexit.o)
 .bss           0x00000000        0x0 c:/program files (x86)/gnu tools arm embedded/4.9 2015q1/bin/../lib/gcc/arm-none-eabi/4.9.3/../../../../arm-none-eabi/lib/armv7e-m\libc.a(lib_a-atexit.o)
 .debug_frame   0x00000000       0x20 c:/program files (x86)/gnu tools arm embedded/4.9 2015q1/bin/../lib/gcc/arm-none-eabi/4.9.3/../../../../arm-none-eabi/lib/armv7e-m\libc.a(lib_a-atexit.o)
 .ARM.attributes
                0x00000000       0x2e c:/program files (x86)/gnu tools arm embedded/4.9 2015q1/bin/../lib/gcc/arm-none-eabi/4.9.3/../../../../arm-none-eabi/lib/armv7e-m\libc.a(lib_a-atexit.o)
 .text          0x00000000        0x0 c:/program files (x86)/gnu tools arm embedded/4.9 2015q1/bin/../lib/gcc/arm-none-eabi/4.9.3/../../../../arm-none-eabi/lib/armv7e-m\libc.a(lib_a-fini.o)
 .data          0x00000000        0x0 c:/program files (x86)/gnu tools arm embedded/4.9 2015q1/bin/../lib/gcc/arm-none-eabi/4.9.3/../../../../arm-none-eabi/lib/armv7e-m\libc.a(lib_a-fini.o)
 .bss           0x00000000        0x0 c:/program files (x86)/gnu tools arm embedded/4.9 2015q1/bin/../lib/gcc/arm-none-eabi/4.9.3/../../../../arm-none-eabi/lib/armv7e-m\libc.a(lib_a-fini.o)
 .debug_frame   0x00000000       0x34 c:/program files (x86)/gnu tools arm embedded/4.9 2015q1/bin/../lib/gcc/arm-none-eabi/4.9.3/../../../../arm-none-eabi/lib/armv7e-m\libc.a(lib_a-fini.o)
 .ARM.attributes
                0x00000000       0x2e c:/program files (x86)/gnu tools arm embedded/4.9 2015q1/bin/../lib/gcc/arm-none-eabi/4.9.3/../../../../arm-none-eabi/lib/armv7e-m\libc.a(lib_a-fini.o)
 .text          0x00000000        0x0 c:/program files (x86)/gnu tools arm embedded/4.9 2015q1/bin/../lib/gcc/arm-none-eabi/4.9.3/../../../../arm-none-eabi/lib/armv7e-m\libc.a(lib_a-__atexit.o)
 .data          0x00000000        0x0 c:/program files (x86)/gnu tools arm embedded/4.9 2015q1/bin/../lib/gcc/arm-none-eabi/4.9.3/../../../../arm-none-eabi/lib/armv7e-m\libc.a(lib_a-__atexit.o)
 .bss           0x00000000        0x0 c:/program files (x86)/gnu tools arm embedded/4.9 2015q1/bin/../lib/gcc/arm-none-eabi/4.9.3/../../../../arm-none-eabi/lib/armv7e-m\libc.a(lib_a-__atexit.o)
 .debug_frame   0x00000000       0x34 c:/program files (x86)/gnu tools arm embedded/4.9 2015q1/bin/../lib/gcc/arm-none-eabi/4.9.3/../../../../arm-none-eabi/lib/armv7e-m\libc.a(lib_a-__atexit.o)
 .ARM.attributes
                0x00000000       0x2e c:/program files (x86)/gnu tools arm embedded/4.9 2015q1/bin/../lib/gcc/arm-none-eabi/4.9.3/../../../../arm-none-eabi/lib/armv7e-m\libc.a(lib_a-__atexit.o)
 .data          0x00000000        0x0 ..\obj\SystemConfigure.o
 .bss           0x00000000        0x0 ..\obj\SystemConfigure.o
 .text          0x00000000      0x190 ..\obj\Bit_Operations.o
 .data          0x00000000        0x0 ..\obj\Bit_Operations.o
 .bss           0x00000000        0x0 ..\obj\Bit_Operations.o
 .debug_info    0x00000000      0x30a ..\obj\Bit_Operations.o
 .debug_abbrev  0x00000000      0x119 ..\obj\Bit_Operations.o
 .debug_aranges
                0x00000000       0x20 ..\obj\Bit_Operations.o
 .debug_line    0x00000000      0x1af ..\obj\Bit_Operations.o
 .debug_str     0x00000000      0x28a ..\obj\Bit_Operations.o
 .comment       0x00000000       0x71 ..\obj\Bit_Operations.o
 .debug_frame   0x00000000      0x154 ..\obj\Bit_Operations.o
 .ARM.attributes
                0x00000000       0x33 ..\obj\Bit_Operations.o
 .data          0x00000000        0x0 ..\obj\stm32f4xx_hal_flash_ex.o
 .bss           0x00000000        0x0 ..\obj\stm32f4xx_hal_flash_ex.o
 .text          0x00000000      0x444 ..\obj\CoreDebug.o
 .data          0x00000000        0x0 ..\obj\CoreDebug.o
 .bss           0x00000000        0x0 ..\obj\CoreDebug.o
 .debug_info    0x00000000      0x3bd ..\obj\CoreDebug.o
 .debug_abbrev  0x00000000      0x116 ..\obj\CoreDebug.o
 .debug_aranges
                0x00000000       0x20 ..\obj\CoreDebug.o
 .debug_line    0x00000000      0x152 ..\obj\CoreDebug.o
 .debug_str     0x00000000      0x370 ..\obj\CoreDebug.o
 .comment       0x00000000       0x71 ..\obj\CoreDebug.o
 .debug_frame   0x00000000      0x168 ..\obj\CoreDebug.o
 .ARM.attributes
                0x00000000       0x33 ..\obj\CoreDebug.o
 .data          0x00000000        0x0 ..\obj\stm32f4xx_hal_pwr_ex.o
 .bss           0x00000000        0x0 ..\obj\stm32f4xx_hal_pwr_ex.o
 .data          0x00000000        0x0 ..\obj\stm32f4xx_hal_spi.o
 .bss           0x00000000        0x0 ..\obj\stm32f4xx_hal_spi.o
 .text          0x00000000       0x80 ..\obj\Reset.o
 .data          0x00000000        0x0 ..\obj\Reset.o
 .bss           0x00000000        0x0 ..\obj\Reset.o
 .debug_info    0x00000000      0x1a7 ..\obj\Reset.o
 .debug_abbrev  0x00000000       0xfd ..\obj\Reset.o
 .debug_aranges
                0x00000000       0x20 ..\obj\Reset.o
 .debug_line    0x00000000      0x15f ..\obj\Reset.o
 .debug_str     0x00000000      0x21c ..\obj\Reset.o
 .comment       0x00000000       0x71 ..\obj\Reset.o
 .debug_frame   0x00000000       0x50 ..\obj\Reset.o
 .ARM.attributes
                0x00000000       0x33 ..\obj\Reset.o
 .data          0x00000000        0x0 ..\obj\stm32f4xx_hal_gpio.o
 .bss           0x00000000        0x0 ..\obj\stm32f4xx_hal_gpio.o
 .text          0x00000000       0xa4 ..\obj\Clock.o
 .data          0x00000000        0x0 ..\obj\Clock.o
 .bss           0x00000000        0x0 ..\obj\Clock.o
 .debug_info    0x00000000      0x1c9 ..\obj\Clock.o
 .debug_abbrev  0x00000000       0xfd ..\obj\Clock.o
 .debug_aranges
                0x00000000       0x20 ..\obj\Clock.o
 .debug_line    0x00000000      0x164 ..\obj\Clock.o
 .debug_str     0x00000000      0x251 ..\obj\Clock.o
 .comment       0x00000000       0x71 ..\obj\Clock.o
 .debug_frame   0x00000000       0x88 ..\obj\Clock.o
 .ARM.attributes
                0x00000000       0x33 ..\obj\Clock.o
 .text          0x00000000        0x0 ..\obj\stm32f4xx_hal_flash_ramfunc.o
 .data          0x00000000        0x0 ..\obj\stm32f4xx_hal_flash_ramfunc.o
 .bss           0x00000000        0x0 ..\obj\stm32f4xx_hal_flash_ramfunc.o
 .debug_info    0x00000000       0x8e ..\obj\stm32f4xx_hal_flash_ramfunc.o
 .debug_abbrev  0x00000000       0x4b ..\obj\stm32f4xx_hal_flash_ramfunc.o
 .debug_aranges
                0x00000000       0x18 ..\obj\stm32f4xx_hal_flash_ramfunc.o
 .debug_line    0x00000000       0xaa ..\obj\stm32f4xx_hal_flash_ramfunc.o
 .debug_str     0x00000000      0x1cc ..\obj\stm32f4xx_hal_flash_ramfunc.o
 .comment       0x00000000       0x71 ..\obj\stm32f4xx_hal_flash_ramfunc.o
 .ARM.attributes
                0x00000000       0x33 ..\obj\stm32f4xx_hal_flash_ramfunc.o
 .data          0x00000000        0x0 ..\obj\stm32f4xx_hal_rcc.o
 .bss           0x00000000        0x0 ..\obj\stm32f4xx_hal_rcc.o
 .text          0x00000000       0x54 ..\obj\swdProtocol.o
 .data          0x00000000        0x0 ..\obj\swdProtocol.o
 .bss           0x00000000        0x0 ..\obj\swdProtocol.o
 .debug_info    0x00000000      0x100 ..\obj\swdProtocol.o
 .debug_abbrev  0x00000000       0x9b ..\obj\swdProtocol.o
 .debug_aranges
                0x00000000       0x20 ..\obj\swdProtocol.o
 .debug_line    0x00000000       0xd7 ..\obj\swdProtocol.o
 .debug_str     0x00000000      0x1e2 ..\obj\swdProtocol.o
 .comment       0x00000000       0x71 ..\obj\swdProtocol.o
 .debug_frame   0x00000000       0x54 ..\obj\swdProtocol.o
 .ARM.attributes
                0x00000000       0x33 ..\obj\swdProtocol.o
 .text          0x00000000      0x158 ..\obj\configurePort.o
 .data          0x00000000        0x0 ..\obj\configurePort.o
 .bss           0x00000000        0x0 ..\obj\configurePort.o
 .debug_info    0x00000000      0x48c ..\obj\configurePort.o
 .debug_abbrev  0x00000000       0xff ..\obj\configurePort.o
 .debug_aranges
                0x00000000       0x20 ..\obj\configurePort.o
 .debug_line    0x00000000      0x172 ..\obj\configurePort.o
 .debug_str     0x00000000      0x395 ..\obj\configurePort.o
 .comment       0x00000000       0x71 ..\obj\configurePort.o
 .debug_frame   0x00000000       0xe8 ..\obj\configurePort.o
 .ARM.attributes
                0x00000000       0x33 ..\obj\configurePort.o
 .text          0x00000000      0x3dc ..\obj\swd_Utilities.o
 .data          0x00000000        0x0 ..\obj\swd_Utilities.o
 .bss           0x00000000        0x0 ..\obj\swd_Utilities.o
 .debug_info    0x00000000      0x48a ..\obj\swd_Utilities.o
 .debug_abbrev  0x00000000      0x161 ..\obj\swd_Utilities.o
 .debug_aranges
                0x00000000       0x20 ..\obj\swd_Utilities.o
 .debug_line    0x00000000      0x16b ..\obj\swd_Utilities.o
 .debug_str     0x00000000      0x34b ..\obj\swd_Utilities.o
 .comment       0x00000000       0x71 ..\obj\swd_Utilities.o
 .debug_frame   0x00000000      0x18c ..\obj\swd_Utilities.o
 .ARM.attributes
                0x00000000       0x33 ..\obj\swd_Utilities.o
 .text          0x00000000       0x24 ..\obj\IO_Operations.o
 .data          0x00000000        0x0 ..\obj\IO_Operations.o
 .bss           0x00000000        0x0 ..\obj\IO_Operations.o
 .debug_info    0x00000000      0x199 ..\obj\IO_Operations.o
 .debug_abbrev  0x00000000       0xd8 ..\obj\IO_Operations.o
 .debug_aranges
                0x00000000       0x20 ..\obj\IO_Operations.o
 .debug_line    0x00000000      0x14b ..\obj\IO_Operations.o
 .debug_str     0x00000000      0x224 ..\obj\IO_Operations.o
 .comment       0x00000000       0x71 ..\obj\IO_Operations.o
 .debug_frame   0x00000000       0x34 ..\obj\IO_Operations.o
 .ARM.attributes
                0x00000000       0x33 ..\obj\IO_Operations.o
 .text          0x00000000      0x238 ..\obj\Register_ReadWrite.o
 .data          0x00000000        0x0 ..\obj\Register_ReadWrite.o
 .bss           0x00000000        0x0 ..\obj\Register_ReadWrite.o
 .debug_info    0x00000000      0x329 ..\obj\Register_ReadWrite.o
 .debug_abbrev  0x00000000       0xe2 ..\obj\Register_ReadWrite.o
 .debug_aranges
                0x00000000       0x20 ..\obj\Register_ReadWrite.o
 .debug_line    0x00000000      0x113 ..\obj\Register_ReadWrite.o
 .debug_str     0x00000000      0x2a2 ..\obj\Register_ReadWrite.o
 .comment       0x00000000       0x71 ..\obj\Register_ReadWrite.o
 .debug_frame   0x00000000      0x130 ..\obj\Register_ReadWrite.o
 .ARM.attributes
                0x00000000       0x33 ..\obj\Register_ReadWrite.o
 .data          0x00000000        0x0 ..\obj\main.o
 .bss           0x00000000        0x0 ..\obj\main.o
 .text          0x00000000      0x384 ..\obj\stm32f4xx_hal_pwr.o
 .data          0x00000000        0x0 ..\obj\stm32f4xx_hal_pwr.o
 .bss           0x00000000        0x0 ..\obj\stm32f4xx_hal_pwr.o
 .debug_info    0x00000000      0x910 ..\obj\stm32f4xx_hal_pwr.o
 .debug_abbrev  0x00000000      0x215 ..\obj\stm32f4xx_hal_pwr.o
 .debug_aranges
                0x00000000       0x20 ..\obj\stm32f4xx_hal_pwr.o
 .debug_line    0x00000000      0x2d3 ..\obj\stm32f4xx_hal_pwr.o
 .debug_str     0x00000000      0x573 ..\obj\stm32f4xx_hal_pwr.o
 .comment       0x00000000       0x71 ..\obj\stm32f4xx_hal_pwr.o
 .debug_frame   0x00000000      0x274 ..\obj\stm32f4xx_hal_pwr.o
 .ARM.attributes
                0x00000000       0x33 ..\obj\stm32f4xx_hal_pwr.o
 .data          0x00000000        0x0 ..\obj\stm32f4xx_hal_cortex.o
 .bss           0x00000000        0x0 ..\obj\stm32f4xx_hal_cortex.o
 .text          0x00000000       0x14 ..\obj\startup_stm32f429xx.o
 .data          0x00000000        0x0 ..\obj\startup_stm32f429xx.o
 .bss           0x00000000        0x0 ..\obj\startup_stm32f429xx.o
 .bss           0x00000000        0x0 ..\obj\system_stm32f4xx.o
 .data          0x00000000        0x0 ..\obj\stm32f4xx_hal_dma.o
 .bss           0x00000000        0x0 ..\obj\stm32f4xx_hal_dma.o
 .data          0x00000000        0x0 ..\obj\stm32f4xx_hal.o
 .text          0x00000000       0x58 ..\obj\Delay.o
 .data          0x00000000        0x0 ..\obj\Delay.o
 .bss           0x00000000        0x0 ..\obj\Delay.o
 .debug_info    0x00000000       0x82 ..\obj\Delay.o
 .debug_abbrev  0x00000000       0x73 ..\obj\Delay.o
 .debug_aranges
                0x00000000       0x20 ..\obj\Delay.o
 .debug_line    0x00000000       0x7e ..\obj\Delay.o
 .debug_str     0x00000000       0xcc ..\obj\Delay.o
 .comment       0x00000000       0x71 ..\obj\Delay.o
 .debug_frame   0x00000000       0x38 ..\obj\Delay.o
 .ARM.attributes
                0x00000000       0x33 ..\obj\Delay.o
 .data          0x00000000        0x0 ..\obj\stm32f4xx_it.o
 .bss           0x00000000        0x0 ..\obj\stm32f4xx_it.o
 .data          0x00000000        0x0 ..\obj\swdStub.o
 .data          0x00000000        0x0 ..\obj\Flash.o
 .data          0x00000000        0x0 ..\obj\stm32f4xx_hal_flash.o
 .bss           0x00000000        0x0 ..\obj\stm32f4xx_hal_flash.o
 .data          0x00000000        0x0 ..\obj\stm32f4xx_hal_i2c.o
 .bss           0x00000000        0x0 ..\obj\stm32f4xx_hal_i2c.o
 .text          0x00000000        0x0 c:/program files (x86)/gnu tools arm embedded/4.9 2015q1/bin/../lib/gcc/arm-none-eabi/4.9.3/armv7e-m/crtend.o
 .data          0x00000000        0x0 c:/program files (x86)/gnu tools arm embedded/4.9 2015q1/bin/../lib/gcc/arm-none-eabi/4.9.3/armv7e-m/crtend.o
 .bss           0x00000000        0x0 c:/program files (x86)/gnu tools arm embedded/4.9 2015q1/bin/../lib/gcc/arm-none-eabi/4.9.3/armv7e-m/crtend.o
 .eh_frame      0x00000000        0x4 c:/program files (x86)/gnu tools arm embedded/4.9 2015q1/bin/../lib/gcc/arm-none-eabi/4.9.3/armv7e-m/crtend.o
 .jcr           0x00000000        0x4 c:/program files (x86)/gnu tools arm embedded/4.9 2015q1/bin/../lib/gcc/arm-none-eabi/4.9.3/armv7e-m/crtend.o
 .ARM.attributes
                0x00000000       0x2e c:/program files (x86)/gnu tools arm embedded/4.9 2015q1/bin/../lib/gcc/arm-none-eabi/4.9.3/armv7e-m/crtend.o
 .text          0x00000000        0x0 c:/program files (x86)/gnu tools arm embedded/4.9 2015q1/bin/../lib/gcc/arm-none-eabi/4.9.3/armv7e-m/crtn.o
 .data          0x00000000        0x0 c:/program files (x86)/gnu tools arm embedded/4.9 2015q1/bin/../lib/gcc/arm-none-eabi/4.9.3/armv7e-m/crtn.o
 .bss           0x00000000        0x0 c:/program files (x86)/gnu tools arm embedded/4.9 2015q1/bin/../lib/gcc/arm-none-eabi/4.9.3/armv7e-m/crtn.o

Memory Configuration

Name             Origin             Length             Attributes
FLASH            0x08000000         0x00200000         xr
RAM              0x20000000         0x00030000         xrw
CCMRAM           0x10000000         0x00010000         rw
*default*        0x00000000         0xffffffff

Linker script and memory map

LOAD c:/program files (x86)/gnu tools arm embedded/4.9 2015q1/bin/../lib/gcc/arm-none-eabi/4.9.3/armv7e-m/crti.o
LOAD c:/program files (x86)/gnu tools arm embedded/4.9 2015q1/bin/../lib/gcc/arm-none-eabi/4.9.3/armv7e-m/crtbegin.o
LOAD c:/program files (x86)/gnu tools arm embedded/4.9 2015q1/bin/../lib/gcc/arm-none-eabi/4.9.3/../../../../arm-none-eabi/lib/armv7e-m/crt0.o
                0x2002ffff                _estack = 0x2002ffff
                0x00000200                _Min_Heap_Size = 0x200
                0x00000400                _Min_Stack_Size = 0x400

.isr_vector     0x08000000      0x1ac
                0x08000000                . = ALIGN (0x4)
 *(.isr_vector)
 .isr_vector    0x08000000      0x1ac ..\obj\startup_stm32f429xx.o
                0x08000000                g_pfnVectors
                0x080001ac                . = ALIGN (0x4)

.text           0x080001ac    0x11534
                0x080001ac                . = ALIGN (0x4)
 *(.text)
 .text          0x080001ac       0x5c c:/program files (x86)/gnu tools arm embedded/4.9 2015q1/bin/../lib/gcc/arm-none-eabi/4.9.3/armv7e-m/crtbegin.o
 .text          0x08000208      0xb08 ..\obj\stm32f429i_discovery.o
                0x08000208                BSP_GetVersion
                0x0800021c                BSP_LED_Init
                0x080002bc                BSP_LED_On
                0x080002f0                BSP_LED_Off
                0x08000324                BSP_LED_Toggle
                0x08000354                BSP_PB_Init
                0x08000400                BSP_PB_GetState
                0x080008f0                LCD_IO_Init
                0x080009d4                LCD_IO_WriteData
                0x08000a14                LCD_IO_WriteReg
                0x08000a58                LCD_IO_ReadData
                0x08000abc                LCD_Delay
                0x08000ad0                IOE_Init
                0x08000adc                IOE_ITConfig
                0x08000ae8                IOE_Write
                0x08000b10                IOE_Read
                0x08000b38                IOE_WriteMultiple
                0x08000b64                IOE_ReadMultiple
                0x08000b98                IOE_Delay
                0x08000bac                GYRO_IO_Init
                0x08000c3c                GYRO_IO_Write
                0x08000ca0                GYRO_IO_Read
 .text          0x08000d10       0xb8 ..\obj\SystemConfigure.o
                0x08000dac                FlashSystemConfig
 .text          0x08000dc8      0x9a4 ..\obj\stm32f4xx_hal_flash_ex.o
                0x08000dc8                HAL_FLASHEx_Erase
                0x08000eb4                HAL_FLASHEx_Erase_IT
                0x08000f60                HAL_FLASHEx_OBProgram
                0x08001040                HAL_FLASHEx_OBGetConfig
                0x08001084                HAL_FLASHEx_AdvOBProgram
                0x08001108                HAL_FLASHEx_AdvOBGetConfig
                0x08001144                HAL_FLASHEx_OB_SelectPCROP
                0x08001178                HAL_FLASHEx_OB_DeSelectPCROP
                0x080011a8                HAL_FLASHEx_OB_GetBank2WRP
                0x0800123c                FLASH_Erase_Sector
 .text          0x0800176c      0x4ec ..\obj\stm32f4xx_hal_pwr_ex.o
                0x0800176c                HAL_PWREx_EnableBkUpReg
                0x080017dc                HAL_PWREx_DisableBkUpReg
                0x0800184c                HAL_PWREx_EnableFlashPowerDown
                0x0800188c                HAL_PWREx_DisableFlashPowerDown
                0x080018cc                HAL_PWREx_GetVoltageRange
                0x080018e8                HAL_PWREx_ControlVoltageScaling
                0x080019d0                HAL_PWREx_EnableOverDrive
                0x08001ab0                HAL_PWREx_DisableOverDrive
                0x08001b90                HAL_PWREx_EnterUnderDriveSTOPMode
 .text          0x08001c58     0x1f20 ..\obj\stm32f4xx_hal_spi.o
                0x08001c58                HAL_SPI_Init
                0x08001d24                HAL_SPI_DeInit
                0x08001d6c                HAL_SPI_MspInit
                0x08001d80                HAL_SPI_MspDeInit
                0x08001d94                HAL_SPI_Transmit
                0x0800200c                HAL_SPI_Receive
                0x0800231c                HAL_SPI_TransmitReceive
                0x080027d4                HAL_SPI_Transmit_IT
                0x080028f8                HAL_SPI_Receive_IT
                0x08002a2c                HAL_SPI_TransmitReceive_IT
                0x08002b58                HAL_SPI_Transmit_DMA
                0x08002c9c                HAL_SPI_Receive_DMA
                0x08002e0c                HAL_SPI_TransmitReceive_DMA
                0x08002fec                HAL_SPI_DMAPause
                0x08003040                HAL_SPI_DMAResume
                0x08003094                HAL_SPI_DMAStop
                0x080030f4                HAL_SPI_IRQHandler
                0x08003288                HAL_SPI_TxCpltCallback
                0x0800329c                HAL_SPI_RxCpltCallback
                0x080032b0                HAL_SPI_TxRxCpltCallback
                0x080032c4                HAL_SPI_TxHalfCpltCallback
                0x080032d8                HAL_SPI_RxHalfCpltCallback
                0x080032ec                HAL_SPI_TxRxHalfCpltCallback
                0x08003300                HAL_SPI_ErrorCallback
                0x08003314                HAL_SPI_GetState
                0x08003330                HAL_SPI_GetError
 .text          0x08003b78      0x674 ..\obj\stm32f4xx_hal_gpio.o
                0x08003b78                HAL_GPIO_Init
                0x08003ec0                HAL_GPIO_DeInit
                0x080040d4                HAL_GPIO_ReadPin
                0x08004104                HAL_GPIO_WritePin
                0x08004134                HAL_GPIO_TogglePin
                0x08004158                HAL_GPIO_LockPin
                0x080041a8                HAL_GPIO_EXTI_IRQHandler
                0x080041d8                HAL_GPIO_EXTI_Callback
 .text          0x080041ec      0xd74 ..\obj\stm32f4xx_hal_rcc.o
                0x080041ec                HAL_RCC_DeInit
                0x08004264                HAL_RCC_OscConfig
                0x0800471c                HAL_RCC_ClockConfig
                0x08004a38                HAL_RCC_MCOConfig
                0x08004afc                HAL_RCC_EnableCSS
                0x08004b14                HAL_RCC_DisableCSS
                0x08004b2c                HAL_RCC_GetSysClockFreq
                0x08004c44                HAL_RCC_GetHCLKFreq
                0x08004c9c                HAL_RCC_GetPCLK1Freq
                0x08004ce8                HAL_RCC_GetPCLK2Freq
                0x08004d34                HAL_RCC_GetOscConfig
                0x08004ed0                HAL_RCC_GetClockConfig
                0x08004f30                HAL_RCC_NMI_IRQHandler
                0x08004f54                HAL_RCC_CSSCallback
 .text          0x08004f60       0x28 ..\obj\main.o
                0x08004f60                main
 .text          0x08004f88      0x544 ..\obj\stm32f4xx_hal_cortex.o
                0x0800531c                HAL_NVIC_SetPriorityGrouping
                0x08005330                HAL_NVIC_SetPriority
                0x08005368                HAL_NVIC_EnableIRQ
                0x08005384                HAL_NVIC_DisableIRQ
                0x080053a0                HAL_NVIC_SystemReset
                0x080053ac                HAL_SYSTICK_Config
                0x080053c4                HAL_NVIC_GetPriorityGrouping
                0x080053d4                HAL_NVIC_GetPriority
                0x08005404                HAL_NVIC_SetPendingIRQ
                0x08005420                HAL_NVIC_GetPendingIRQ
                0x08005440                HAL_NVIC_ClearPendingIRQ
                0x0800545c                HAL_NVIC_GetActive
                0x0800547c                HAL_SYSTICK_CLKSourceConfig
                0x080054b4                HAL_SYSTICK_IRQHandler
                0x080054c0                HAL_SYSTICK_Callback
 .text          0x080054cc      0x154 ..\obj\system_stm32f4xx.o
                0x080054cc                SystemInit
                0x08005528                SystemCoreClockUpdate
 .text          0x08005620     0x7cd8 ..\obj\stm32f4xx_hal_dma.o
                0x08005620                HAL_DMA_Init
                0x080056f8                HAL_DMA_DeInit
                0x08006b04                HAL_DMA_Start
                0x08006b68                HAL_DMA_Start_IT
                0x08006c1c                HAL_DMA_Abort
                0x08006c98                HAL_DMA_PollForTransfer
                0x08009fa0                HAL_DMA_IRQHandler
                0x0800d268                HAL_DMA_GetState
                0x0800d284                HAL_DMA_GetError
 .text          0x0800d2f8      0x374 ..\obj\stm32f4xx_hal.o
                0x0800d2f8                HAL_Init
                0x0800d33c                HAL_DeInit
                0x0800d394                HAL_MspInit
                0x0800d3a0                HAL_MspDeInit
                0x0800d3ac                HAL_InitTick
                0x0800d3e4                HAL_IncTick
                0x0800d400                HAL_GetTick
                0x0800d418                HAL_Delay
                0x0800d444                HAL_SuspendTick
                0x0800d460                HAL_ResumeTick
                0x0800d47c                HAL_GetHalVersion
                0x0800d490                HAL_GetREVID
                0x0800d4a8                HAL_GetDEVID
                0x0800d4c4                HAL_DBGMCU_EnableDBGSleepMode
                0x0800d4e0                HAL_DBGMCU_DisableDBGSleepMode
                0x0800d4fc                HAL_DBGMCU_EnableDBGStopMode
                0x0800d518                HAL_DBGMCU_DisableDBGStopMode
                0x0800d534                HAL_DBGMCU_EnableDBGStandbyMode
                0x0800d550                HAL_DBGMCU_DisableDBGStandbyMode
                0x0800d56c                HAL_EnableCompensationCell
                0x0800d5ac                HAL_DisableCompensationCell
                0x0800d5ec                HAL_EnableMemorySwappingBank
                0x0800d62c                HAL_DisableMemorySwappingBank
 .text          0x0800d66c       0x5c ..\obj\stm32f4xx_it.o
                0x0800d66c                NMI_Handler
                0x0800d678                HardFault_Handler
                0x0800d680                MemManage_Handler
                0x0800d688                BusFault_Handler
                0x0800d690                UsageFault_Handler
                0x0800d698                SVC_Handler
                0x0800d6a4                DebugMon_Handler
                0x0800d6b0                PendSV_Handler
                0x0800d6bc                SysTick_Handler
 .text          0x0800d6c8      0x174 ..\obj\swdStub.o
                0x0800d6c8                swdStub
                0x0800d6f8                stubCopy
                0x0800d750                stubSectorErase
                0x0800d7bc                stubMassErase
 .text          0x0800d83c      0x51c ..\obj\Flash.o
                0x0800d83c                eraseFlashMemory
                0x0800d8c4                writeToFlash
                0x0800d930                verifyWriteData
                0x0800d99c                readFromFlash
                0x0800d9bc                GetSector
                0x0800dc2c                Error_Handler
                0x0800dc54                copyFromRamToFlash
                0x0800dcd0                verifyDataFromRamToFlash
 .text          0x0800dd58      0x5ec ..\obj\stm32f4xx_hal_flash.o
                0x0800dd58                HAL_FLASH_Program
                0x0800de00                HAL_FLASH_Program_IT
                0x0800dea0                HAL_FLASH_IRQHandler
                0x0800e00c                HAL_FLASH_EndOfOperationCallback
                0x0800e020                HAL_FLASH_OperationErrorCallback
                0x0800e034                HAL_FLASH_Unlock
                0x0800e068                HAL_FLASH_Lock
                0x0800e088                HAL_FLASH_OB_Unlock
                0x0800e0c0                HAL_FLASH_OB_Lock
                0x0800e0e0                HAL_FLASH_OB_Launch
                0x0800e108                HAL_FLASH_GetError
                0x0800e120                FLASH_WaitForLastOperation
 .text          0x0800e344     0x31f0 ..\obj\stm32f4xx_hal_i2c.o
                0x0800e344                HAL_I2C_Init
                0x0800e4f8                HAL_I2C_DeInit
                0x0800e548                HAL_I2C_MspInit
                0x0800e55c                HAL_I2C_MspDeInit
                0x0800e570                HAL_I2C_Master_Transmit
                0x0800e6d8                HAL_I2C_Master_Receive
                0x0800e9d8                HAL_I2C_Slave_Transmit
                0x0800eb74                HAL_I2C_Slave_Receive
                0x0800ecf4                HAL_I2C_Master_Transmit_IT
                0x0800edd8                HAL_I2C_Master_Receive_IT
                0x0800ef48                HAL_I2C_Slave_Transmit_IT
                0x0800eff4                HAL_I2C_Slave_Receive_IT
                0x0800f0a0                HAL_I2C_Master_Transmit_DMA
                0x0800f1b4                HAL_I2C_Master_Receive_DMA
                0x0800f2f0                HAL_I2C_Slave_Transmit_DMA
                0x0800f444                HAL_I2C_Slave_Receive_DMA
                0x0800f54c                HAL_I2C_Mem_Write
                0x0800f6b0                HAL_I2C_Mem_Read
                0x0800f9ac                HAL_I2C_Mem_Write_IT
                0x0800fa88                HAL_I2C_Mem_Read_IT
                0x0800fc04                HAL_I2C_Mem_Write_DMA
                0x0800fd14                HAL_I2C_Mem_Read_DMA
                0x0800fe5c                HAL_I2C_IsDeviceReady
                0x08010060                HAL_I2C_EV_IRQHandler
                0x08010340                HAL_I2C_ER_IRQHandler
                0x080104fc                HAL_I2C_MasterTxCpltCallback
                0x08010510                HAL_I2C_MasterRxCpltCallback
                0x08010524                HAL_I2C_SlaveTxCpltCallback
                0x08010538                HAL_I2C_SlaveRxCpltCallback
                0x0801054c                HAL_I2C_MemTxCpltCallback
                0x08010560                HAL_I2C_MemRxCpltCallback
                0x08010574                HAL_I2C_ErrorCallback
                0x08010588                HAL_I2C_GetState
                0x080105a4                HAL_I2C_GetError
 *(.text*)
 .text.__libc_init_array
                0x08011534       0x50 c:/program files (x86)/gnu tools arm embedded/4.9 2015q1/bin/../lib/gcc/arm-none-eabi/4.9.3/../../../../arm-none-eabi/lib/armv7e-m\libc.a(lib_a-init.o)
                0x08011534                __libc_init_array
 .text.startup.register_fini
                0x08011584       0x14 c:/program files (x86)/gnu tools arm embedded/4.9 2015q1/bin/../lib/gcc/arm-none-eabi/4.9.3/../../../../arm-none-eabi/lib/armv7e-m\libc.a(lib_a-__call_atexit.o)
 .text.atexit   0x08011598        0xc c:/program files (x86)/gnu tools arm embedded/4.9 2015q1/bin/../lib/gcc/arm-none-eabi/4.9.3/../../../../arm-none-eabi/lib/armv7e-m\libc.a(lib_a-atexit.o)
                0x08011598                atexit
 .text.__libc_fini_array
                0x080115a4       0x2c c:/program files (x86)/gnu tools arm embedded/4.9 2015q1/bin/../lib/gcc/arm-none-eabi/4.9.3/../../../../arm-none-eabi/lib/armv7e-m\libc.a(lib_a-fini.o)
                0x080115a4                __libc_fini_array
 .text.__register_exitproc
                0x080115d0       0xa4 c:/program files (x86)/gnu tools arm embedded/4.9 2015q1/bin/../lib/gcc/arm-none-eabi/4.9.3/../../../../arm-none-eabi/lib/armv7e-m\libc.a(lib_a-__atexit.o)
                0x080115d0                __register_exitproc
 .text.Reset_Handler
                0x08011674       0x50 ..\obj\startup_stm32f429xx.o
                0x08011674                Reset_Handler
 .text.Default_Handler
                0x080116c4        0x2 ..\obj\startup_stm32f429xx.o
                0x080116c4                RTC_Alarm_IRQHandler
                0x080116c4                HASH_RNG_IRQHandler
                0x080116c4                EXTI2_IRQHandler
                0x080116c4                TIM8_CC_IRQHandler
                0x080116c4                UART8_IRQHandler
                0x080116c4                SPI4_IRQHandler
                0x080116c4                TIM1_CC_IRQHandler
                0x080116c4                DMA2_Stream5_IRQHandler
                0x080116c4                DMA1_Stream5_IRQHandler
                0x080116c4                PVD_IRQHandler
                0x080116c4                SDIO_IRQHandler
                0x080116c4                TAMP_STAMP_IRQHandler
                0x080116c4                CAN2_RX1_IRQHandler
                0x080116c4                EXTI3_IRQHandler
                0x080116c4                TIM8_TRG_COM_TIM14_IRQHandler
                0x080116c4                TIM1_UP_TIM10_IRQHandler
                0x080116c4                TIM8_UP_TIM13_IRQHandler
                0x080116c4                I2C3_ER_IRQHandler
                0x080116c4                EXTI0_IRQHandler
                0x080116c4                I2C2_EV_IRQHandler
                0x080116c4                DMA1_Stream2_IRQHandler
                0x080116c4                CAN1_RX0_IRQHandler
                0x080116c4                FPU_IRQHandler
                0x080116c4                OTG_HS_WKUP_IRQHandler
                0x080116c4                LTDC_ER_IRQHandler
                0x080116c4                CAN2_SCE_IRQHandler
                0x080116c4                DMA2_Stream2_IRQHandler
                0x080116c4                SPI1_IRQHandler
                0x080116c4                TIM6_DAC_IRQHandler
                0x080116c4                TIM1_BRK_TIM9_IRQHandler
                0x080116c4                DCMI_IRQHandler
                0x080116c4                CAN2_RX0_IRQHandler
                0x080116c4                DMA2_Stream3_IRQHandler
                0x080116c4                USART6_IRQHandler
                0x080116c4                USART3_IRQHandler
                0x080116c4                CAN1_RX1_IRQHandler
                0x080116c4                UART5_IRQHandler
                0x080116c4                DMA2_Stream0_IRQHandler
                0x080116c4                TIM4_IRQHandler
                0x080116c4                I2C1_EV_IRQHandler
                0x080116c4                DMA1_Stream6_IRQHandler
                0x080116c4                DMA1_Stream1_IRQHandler
                0x080116c4                UART4_IRQHandler
                0x080116c4                TIM3_IRQHandler
                0x080116c4                RCC_IRQHandler
                0x080116c4                TIM8_BRK_TIM12_IRQHandler
                0x080116c4                Default_Handler
                0x080116c4                EXTI15_10_IRQHandler
                0x080116c4                ADC_IRQHandler
                0x080116c4                DMA1_Stream7_IRQHandler
                0x080116c4                SPI5_IRQHandler
                0x080116c4                TIM7_IRQHandler
                0x080116c4                CAN2_TX_IRQHandler
                0x080116c4                TIM5_IRQHandler
                0x080116c4                DMA2_Stream7_IRQHandler
                0x080116c4                I2C3_EV_IRQHandler
                0x080116c4                EXTI9_5_IRQHandler
                0x080116c4                RTC_WKUP_IRQHandler
                0x080116c4                LTDC_IRQHandler
                0x080116c4                ETH_WKUP_IRQHandler
                0x080116c4                SPI2_IRQHandler
                0x080116c4                OTG_HS_EP1_IN_IRQHandler
                0x080116c4                DMA1_Stream0_IRQHandler
                0x080116c4                CAN1_TX_IRQHandler
                0x080116c4                EXTI4_IRQHandler
                0x080116c4                ETH_IRQHandler
                0x080116c4                OTG_HS_EP1_OUT_IRQHandler
                0x080116c4                WWDG_IRQHandler
                0x080116c4                SPI6_IRQHandler
                0x080116c4                TIM2_IRQHandler
                0x080116c4                OTG_FS_WKUP_IRQHandler
                0x080116c4                TIM1_TRG_COM_TIM11_IRQHandler
                0x080116c4                OTG_HS_IRQHandler
                0x080116c4                DMA2D_IRQHandler
                0x080116c4                EXTI1_IRQHandler
                0x080116c4                UART7_IRQHandler
                0x080116c4                USART2_IRQHandler
                0x080116c4                I2C2_ER_IRQHandler
                0x080116c4                DMA2_Stream1_IRQHandler
                0x080116c4                CAN1_SCE_IRQHandler
                0x080116c4                FLASH_IRQHandler
                0x080116c4                DMA2_Stream4_IRQHandler
                0x080116c4                USART1_IRQHandler
                0x080116c4                OTG_FS_IRQHandler
                0x080116c4                SPI3_IRQHandler
                0x080116c4                DMA1_Stream4_IRQHandler
                0x080116c4                I2C1_ER_IRQHandler
                0x080116c4                FMC_IRQHandler
                0x080116c4                DMA2_Stream6_IRQHandler
                0x080116c4                SAI1_IRQHandler
                0x080116c4                DMA1_Stream3_IRQHandler
 *(.glue_7)
 .glue_7        0x00000000        0x0 linker stubs
 *(.glue_7t)
 .glue_7t       0x00000000        0x0 linker stubs
 *(.eh_frame)
 *fill*         0x080116c6        0x2 
 .eh_frame      0x080116c8        0x0 c:/program files (x86)/gnu tools arm embedded/4.9 2015q1/bin/../lib/gcc/arm-none-eabi/4.9.3/armv7e-m/crtbegin.o
 *(.init)
 .init          0x080116c8        0x4 c:/program files (x86)/gnu tools arm embedded/4.9 2015q1/bin/../lib/gcc/arm-none-eabi/4.9.3/armv7e-m/crti.o
                0x080116c8                _init
 .init          0x080116cc        0x8 c:/program files (x86)/gnu tools arm embedded/4.9 2015q1/bin/../lib/gcc/arm-none-eabi/4.9.3/armv7e-m/crtn.o
 *(.fini)
 .fini          0x080116d4        0x4 c:/program files (x86)/gnu tools arm embedded/4.9 2015q1/bin/../lib/gcc/arm-none-eabi/4.9.3/armv7e-m/crti.o
                0x080116d4                _fini
 .fini          0x080116d8        0x8 c:/program files (x86)/gnu tools arm embedded/4.9 2015q1/bin/../lib/gcc/arm-none-eabi/4.9.3/armv7e-m/crtn.o
                0x080116e0                . = ALIGN (0x4)
                0x080116e0                _etext = .

.vfp11_veneer   0x080116e0        0x0
 .vfp11_veneer  0x00000000        0x0 linker stubs

.v4_bx          0x080116e0        0x0
 .v4_bx         0x00000000        0x0 linker stubs

.iplt           0x080116e0        0x0
 .iplt          0x00000000        0x0 c:/program files (x86)/gnu tools arm embedded/4.9 2015q1/bin/../lib/gcc/arm-none-eabi/4.9.3/armv7e-m/crtbegin.o

.rodata         0x080116e0       0x24
                0x080116e0                . = ALIGN (0x4)
 *(.rodata)
 .rodata        0x080116e0        0xc ..\obj\stm32f429i_discovery.o
                0x080116e0                GPIO_PIN
                0x080116e4                BUTTON_PIN
                0x080116e8                BUTTON_IRQn
 .rodata        0x080116ec       0x10 ..\obj\stm32f4xx_hal_rcc.o
                0x080116ec                APBAHBPrescTable
 *(.rodata*)
 .rodata.str1.4
                0x080116fc        0x4 c:/program files (x86)/gnu tools arm embedded/4.9 2015q1/bin/../lib/gcc/arm-none-eabi/4.9.3/../../../../arm-none-eabi/lib/armv7e-m\libc.a(lib_a-impure.o)
 .rodata._global_impure_ptr
                0x08011700        0x4 c:/program files (x86)/gnu tools arm embedded/4.9 2015q1/bin/../lib/gcc/arm-none-eabi/4.9.3/../../../../arm-none-eabi/lib/armv7e-m\libc.a(lib_a-impure.o)
                0x08011700                _global_impure_ptr
                0x08011704                . = ALIGN (0x4)

.rel.dyn        0x08011704        0x0
 .rel.iplt      0x00000000        0x0 c:/program files (x86)/gnu tools arm embedded/4.9 2015q1/bin/../lib/gcc/arm-none-eabi/4.9.3/armv7e-m/crtbegin.o

.ARM.extab
 *(.ARM.extab* .gnu.linkonce.armextab.*)

.ARM            0x08011704        0x0
                0x08011704                __exidx_start = .
 *(.ARM.exidx*)
                0x08011704                __exidx_end = .

.preinit_array  0x08011704        0x0
                0x08011704                PROVIDE (__preinit_array_start, .)
 *(.preinit_array*)
                0x08011704                PROVIDE (__preinit_array_end, .)

.init_array     0x08011704        0x8
                0x08011704                PROVIDE (__init_array_start, .)
 *(SORT(.init_array.*))
 .init_array.00000
                0x08011704        0x4 c:/program files (x86)/gnu tools arm embedded/4.9 2015q1/bin/../lib/gcc/arm-none-eabi/4.9.3/../../../../arm-none-eabi/lib/armv7e-m\libc.a(lib_a-__call_atexit.o)
 *(.init_array*)
 .init_array    0x08011708        0x4 c:/program files (x86)/gnu tools arm embedded/4.9 2015q1/bin/../lib/gcc/arm-none-eabi/4.9.3/armv7e-m/crtbegin.o
                0x0801170c                PROVIDE (__init_array_end, .)

.fini_array     0x0801170c        0x4
                0x0801170c                PROVIDE (__fini_array_start, .)
 *(SORT(.fini_array.*))
 *(.fini_array*)
 .fini_array    0x0801170c        0x4 c:/program files (x86)/gnu tools arm embedded/4.9 2015q1/bin/../lib/gcc/arm-none-eabi/4.9.3/armv7e-m/crtbegin.o
                0x08011710                PROVIDE (__fini_array_end, .)
                0x08011710                _sidata = LOADADDR (.data)

.data           0x20000000      0x450 load address 0x08011710
                0x20000000                . = ALIGN (0x4)
                0x20000000                _sdata = .
 *(.data)
 .data          0x20000000       0x14 ..\obj\stm32f429i_discovery.o
                0x20000000                GPIO_PORT
                0x20000008                BUTTON_PORT
                0x2000000c                I2cxTimeout
                0x20000010                SpixTimeout
 .data          0x20000014       0x14 ..\obj\system_stm32f4xx.o
                0x20000014                SystemCoreClock
                0x20000018                AHBPrescTable
 *(.data*)
 .data.impure_data
                0x20000028      0x428 c:/program files (x86)/gnu tools arm embedded/4.9 2015q1/bin/../lib/gcc/arm-none-eabi/4.9.3/../../../../arm-none-eabi/lib/armv7e-m\libc.a(lib_a-impure.o)
                0x20000450                . = ALIGN (0x4)
                0x20000450                _edata = .
                0x08011b60                _siccmram = LOADADDR (.ccmram)

.jcr            0x20000450        0x0 load address 0x08011b60
 .jcr           0x20000450        0x0 c:/program files (x86)/gnu tools arm embedded/4.9 2015q1/bin/../lib/gcc/arm-none-eabi/4.9.3/armv7e-m/crtbegin.o

.igot.plt       0x20000450        0x0 load address 0x08011b60
 .igot.plt      0x00000000        0x0 c:/program files (x86)/gnu tools arm embedded/4.9 2015q1/bin/../lib/gcc/arm-none-eabi/4.9.3/armv7e-m/crtbegin.o

.ccmram         0x10000000        0x0 load address 0x08011b60
                0x10000000                . = ALIGN (0x4)
                0x10000000                _sccmram = .
 *(.ccmram)
 *(.ccmram*)
                0x10000000                . = ALIGN (0x4)
                0x10000000                _eccmram = .
                0x10000000                . = ALIGN (0x4)

.bss            0x20000450      0x100
                0x20000450                _sbss = .
                0x20000450                __bss_start__ = _sbss
 *(.bss)
 .bss           0x20000450       0x1c c:/program files (x86)/gnu tools arm embedded/4.9 2015q1/bin/../lib/gcc/arm-none-eabi/4.9.3/armv7e-m/crtbegin.o
 .bss           0x2000046c       0x5c ..\obj\stm32f429i_discovery.o
 .bss           0x200004c8        0x4 ..\obj\stm32f4xx_hal.o
 .bss           0x200004cc       0x10 ..\obj\swdStub.o
 .bss           0x200004dc       0x18 ..\obj\Flash.o
 *(.bss*)
 *(COMMON)
 COMMON         0x200004f4       0x3c ..\obj\stm32f429i_discovery.o
                0x200004f4                I2cHandle
 COMMON         0x20000530       0x20 ..\obj\stm32f4xx_hal_flash.o
                0x20000530                pFlash
                0x20000550                . = ALIGN (0x4)
                0x20000550                _ebss = .
                0x20000550                __bss_end__ = _ebss

._user_heap_stack
                0x20000550      0x600
                0x20000550                . = ALIGN (0x4)
                0x20000550                PROVIDE (end, .)
                0x20000550                PROVIDE (_end, .)
                0x20000750                . = (. + _Min_Heap_Size)
 *fill*         0x20000550      0x200 
                0x20000b50                . = (. + _Min_Stack_Size)
 *fill*         0x20000750      0x400 
                0x20000b50                . = ALIGN (0x4)

/DISCARD/
 libc.a(*)
 libm.a(*)
 libgcc.a(*)

.ARM.attributes
                0x00000000       0x2a
 *(.ARM.attributes)
 .ARM.attributes
                0x00000000       0x1e c:/program files (x86)/gnu tools arm embedded/4.9 2015q1/bin/../lib/gcc/arm-none-eabi/4.9.3/armv7e-m/crti.o
 .ARM.attributes
                0x0000001e       0x2e c:/program files (x86)/gnu tools arm embedded/4.9 2015q1/bin/../lib/gcc/arm-none-eabi/4.9.3/armv7e-m/crtbegin.o
 .ARM.attributes
                0x0000004c       0x33 ..\obj\stm32f429i_discovery.o
 .ARM.attributes
                0x0000007f       0x33 ..\obj\SystemConfigure.o
 .ARM.attributes
                0x000000b2       0x33 ..\obj\stm32f4xx_hal_flash_ex.o
 .ARM.attributes
                0x000000e5       0x33 ..\obj\stm32f4xx_hal_pwr_ex.o
 .ARM.attributes
                0x00000118       0x33 ..\obj\stm32f4xx_hal_spi.o
 .ARM.attributes
                0x0000014b       0x33 ..\obj\stm32f4xx_hal_gpio.o
 .ARM.attributes
                0x0000017e       0x33 ..\obj\stm32f4xx_hal_rcc.o
 .ARM.attributes
                0x000001b1       0x33 ..\obj\main.o
 .ARM.attributes
                0x000001e4       0x33 ..\obj\stm32f4xx_hal_cortex.o
 .ARM.attributes
                0x00000217       0x21 ..\obj\startup_stm32f429xx.o
 .ARM.attributes
                0x00000238       0x33 ..\obj\system_stm32f4xx.o
 .ARM.attributes
                0x0000026b       0x33 ..\obj\stm32f4xx_hal_dma.o
 .ARM.attributes
                0x0000029e       0x33 ..\obj\stm32f4xx_hal.o
 .ARM.attributes
                0x000002d1       0x33 ..\obj\stm32f4xx_it.o
 .ARM.attributes
                0x00000304       0x33 ..\obj\swdStub.o
 .ARM.attributes
                0x00000337       0x33 ..\obj\Flash.o
 .ARM.attributes
                0x0000036a       0x33 ..\obj\stm32f4xx_hal_flash.o
 .ARM.attributes
                0x0000039d       0x33 ..\obj\stm32f4xx_hal_i2c.o
 .ARM.attributes
                0x000003d0       0x1e c:/program files (x86)/gnu tools arm embedded/4.9 2015q1/bin/../lib/gcc/arm-none-eabi/4.9.3/armv7e-m/crtn.o
LOAD ..\obj\stm32f429i_discovery.o
LOAD ..\obj\SystemConfigure.o
LOAD ..\obj\Bit_Operations.o
LOAD ..\obj\stm32f4xx_hal_flash_ex.o
LOAD ..\obj\CoreDebug.o
LOAD ..\obj\stm32f4xx_hal_pwr_ex.o
LOAD ..\obj\stm32f4xx_hal_spi.o
LOAD ..\obj\Reset.o
LOAD ..\obj\stm32f4xx_hal_gpio.o
LOAD ..\obj\Clock.o
LOAD ..\obj\stm32f4xx_hal_flash_ramfunc.o
LOAD ..\obj\stm32f4xx_hal_rcc.o
LOAD ..\obj\swdProtocol.o
LOAD ..\obj\configurePort.o
LOAD ..\obj\swd_Utilities.o
LOAD ..\obj\IO_Operations.o
LOAD ..\obj\Register_ReadWrite.o
LOAD ..\obj\main.o
LOAD ..\obj\stm32f4xx_hal_pwr.o
LOAD ..\obj\stm32f4xx_hal_cortex.o
LOAD ..\obj\startup_stm32f429xx.o
LOAD ..\obj\system_stm32f4xx.o
LOAD ..\obj\stm32f4xx_hal_dma.o
LOAD ..\obj\stm32f4xx_hal.o
LOAD ..\obj\Delay.o
LOAD ..\obj\stm32f4xx_it.o
LOAD ..\obj\swdStub.o
LOAD ..\obj\Flash.o
LOAD ..\obj\stm32f4xx_hal_flash.o
LOAD ..\obj\stm32f4xx_hal_i2c.o
START GROUP
LOAD c:/program files (x86)/gnu tools arm embedded/4.9 2015q1/bin/../lib/gcc/arm-none-eabi/4.9.3/armv7e-m\libgcc.a
LOAD c:/program files (x86)/gnu tools arm embedded/4.9 2015q1/bin/../lib/gcc/arm-none-eabi/4.9.3/../../../../arm-none-eabi/lib/armv7e-m\libg.a
LOAD c:/program files (x86)/gnu tools arm embedded/4.9 2015q1/bin/../lib/gcc/arm-none-eabi/4.9.3/../../../../arm-none-eabi/lib/armv7e-m\libc.a
END GROUP
LOAD c:/program files (x86)/gnu tools arm embedded/4.9 2015q1/bin/../lib/gcc/arm-none-eabi/4.9.3/armv7e-m/crtend.o
LOAD c:/program files (x86)/gnu tools arm embedded/4.9 2015q1/bin/../lib/gcc/arm-none-eabi/4.9.3/armv7e-m/crtn.o
OUTPUT(SWD-for-ARM-Cortex-M4.elf elf32-littlearm)

.debug_info     0x00000000     0x9957
 .debug_info    0x00000000     0x16a6 ..\obj\stm32f429i_discovery.o
 .debug_info    0x000016a6      0x448 ..\obj\SystemConfigure.o
 .debug_info    0x00001aee      0x90a ..\obj\stm32f4xx_hal_flash_ex.o
 .debug_info    0x000023f8      0x9d2 ..\obj\stm32f4xx_hal_pwr_ex.o
 .debug_info    0x00002dca      0xf4b ..\obj\stm32f4xx_hal_spi.o
 .debug_info    0x00003d15      0x6e6 ..\obj\stm32f4xx_hal_gpio.o
 .debug_info    0x000043fb      0xdfb ..\obj\stm32f4xx_hal_rcc.o
 .debug_info    0x000051f6       0xe8 ..\obj\main.o
 .debug_info    0x000052de      0xb8b ..\obj\stm32f4xx_hal_cortex.o
 .debug_info    0x00005e69       0xba ..\obj\startup_stm32f429xx.o
 .debug_info    0x00005f23      0x485 ..\obj\system_stm32f4xx.o
 .debug_info    0x000063a8      0x625 ..\obj\stm32f4xx_hal_dma.o
 .debug_info    0x000069cd      0x9fb ..\obj\stm32f4xx_hal.o
 .debug_info    0x000073c8      0x12f ..\obj\stm32f4xx_it.o
 .debug_info    0x000074f7      0x21d ..\obj\swdStub.o
 .debug_info    0x00007714      0x4fc ..\obj\Flash.o
 .debug_info    0x00007c10      0x50b ..\obj\stm32f4xx_hal_flash.o
 .debug_info    0x0000811b     0x183c ..\obj\stm32f4xx_hal_i2c.o

.debug_abbrev   0x00000000     0x1cd6
 .debug_abbrev  0x00000000      0x24a ..\obj\stm32f429i_discovery.o
 .debug_abbrev  0x0000024a      0x12d ..\obj\SystemConfigure.o
 .debug_abbrev  0x00000377      0x286 ..\obj\stm32f4xx_hal_flash_ex.o
 .debug_abbrev  0x000005fd      0x209 ..\obj\stm32f4xx_hal_pwr_ex.o
 .debug_abbrev  0x00000806      0x20a ..\obj\stm32f4xx_hal_spi.o
 .debug_abbrev  0x00000a10      0x1aa ..\obj\stm32f4xx_hal_gpio.o
 .debug_abbrev  0x00000bba      0x25a ..\obj\stm32f4xx_hal_rcc.o
 .debug_abbrev  0x00000e14       0x89 ..\obj\main.o
 .debug_abbrev  0x00000e9d      0x299 ..\obj\stm32f4xx_hal_cortex.o
 .debug_abbrev  0x00001136       0x12 ..\obj\startup_stm32f429xx.o
 .debug_abbrev  0x00001148       0xf4 ..\obj\system_stm32f4xx.o
 .debug_abbrev  0x0000123c      0x1c2 ..\obj\stm32f4xx_hal_dma.o
 .debug_abbrev  0x000013fe      0x1ff ..\obj\stm32f4xx_hal.o
 .debug_abbrev  0x000015fd       0x7f ..\obj\stm32f4xx_it.o
 .debug_abbrev  0x0000167c      0x11e ..\obj\swdStub.o
 .debug_abbrev  0x0000179a      0x175 ..\obj\Flash.o
 .debug_abbrev  0x0000190f      0x1dd ..\obj\stm32f4xx_hal_flash.o
 .debug_abbrev  0x00001aec      0x1ea ..\obj\stm32f4xx_hal_i2c.o

.debug_aranges  0x00000000      0x248
 .debug_aranges
                0x00000000       0x20 ..\obj\stm32f429i_discovery.o
 .debug_aranges
                0x00000020       0x20 ..\obj\SystemConfigure.o
 .debug_aranges
                0x00000040       0x20 ..\obj\stm32f4xx_hal_flash_ex.o
 .debug_aranges
                0x00000060       0x20 ..\obj\stm32f4xx_hal_pwr_ex.o
 .debug_aranges
                0x00000080       0x20 ..\obj\stm32f4xx_hal_spi.o
 .debug_aranges
                0x000000a0       0x20 ..\obj\stm32f4xx_hal_gpio.o
 .debug_aranges
                0x000000c0       0x20 ..\obj\stm32f4xx_hal_rcc.o
 .debug_aranges
                0x000000e0       0x20 ..\obj\main.o
 .debug_aranges
                0x00000100       0x20 ..\obj\stm32f4xx_hal_cortex.o
 .debug_aranges
                0x00000120       0x28 ..\obj\startup_stm32f429xx.o
 .debug_aranges
                0x00000148       0x20 ..\obj\system_stm32f4xx.o
 .debug_aranges
                0x00000168       0x20 ..\obj\stm32f4xx_hal_dma.o
 .debug_aranges
                0x00000188       0x20 ..\obj\stm32f4xx_hal.o
 .debug_aranges
                0x000001a8       0x20 ..\obj\stm32f4xx_it.o
 .debug_aranges
                0x000001c8       0x20 ..\obj\swdStub.o
 .debug_aranges
                0x000001e8       0x20 ..\obj\Flash.o
 .debug_aranges
                0x00000208       0x20 ..\obj\stm32f4xx_hal_flash.o
 .debug_aranges
                0x00000228       0x20 ..\obj\stm32f4xx_hal_i2c.o

.debug_line     0x00000000     0x7c7b
 .debug_line    0x00000000      0x381 ..\obj\stm32f429i_discovery.o
 .debug_line    0x00000381      0x198 ..\obj\SystemConfigure.o
 .debug_line    0x00000519      0x3f9 ..\obj\stm32f4xx_hal_flash_ex.o
 .debug_line    0x00000912      0x31f ..\obj\stm32f4xx_hal_pwr_ex.o
 .debug_line    0x00000c31      0x7db ..\obj\stm32f4xx_hal_spi.o
 .debug_line    0x0000140c      0x366 ..\obj\stm32f4xx_hal_gpio.o
 .debug_line    0x00001772      0x513 ..\obj\stm32f4xx_hal_rcc.o
 .debug_line    0x00001c85       0xd6 ..\obj\main.o
 .debug_line    0x00001d5b      0x2b7 ..\obj\stm32f4xx_hal_cortex.o
 .debug_line    0x00002012       0xa9 ..\obj\startup_stm32f429xx.o
 .debug_line    0x000020bb      0x100 ..\obj\system_stm32f4xx.o
 .debug_line    0x000021bb     0x4414 ..\obj\stm32f4xx_hal_dma.o
 .debug_line    0x000065cf      0x2b8 ..\obj\stm32f4xx_hal.o
 .debug_line    0x00006887      0x16c ..\obj\stm32f4xx_it.o
 .debug_line    0x000069f3      0x169 ..\obj\swdStub.o
 .debug_line    0x00006b5c      0x2e5 ..\obj\Flash.o
 .debug_line    0x00006e41      0x2be ..\obj\stm32f4xx_hal_flash.o
 .debug_line    0x000070ff      0xb7c ..\obj\stm32f4xx_hal_i2c.o

.debug_str      0x00000000     0x33f6
 .debug_str     0x00000000     0x118c ..\obj\stm32f429i_discovery.o
                               0x1275 (size before relaxing)
 .debug_str     0x0000118c      0x186 ..\obj\SystemConfigure.o
                                0x412 (size before relaxing)
 .debug_str     0x00001312      0x488 ..\obj\stm32f4xx_hal_flash_ex.o
                                0x6bb (size before relaxing)
 .debug_str     0x0000179a      0x200 ..\obj\stm32f4xx_hal_pwr_ex.o
                                0x4f5 (size before relaxing)
 .debug_str     0x0000199a      0x3d7 ..\obj\stm32f4xx_hal_spi.o
                                0xa16 (size before relaxing)
 .debug_str     0x00001d71      0x187 ..\obj\stm32f4xx_hal_gpio.o
                                0x4e5 (size before relaxing)
 .debug_str     0x00001ef8      0x1eb ..\obj\stm32f4xx_hal_rcc.o
                                0x69f (size before relaxing)
 .debug_str     0x000020e3       0x59 ..\obj\main.o
                                0x1bd (size before relaxing)
 .debug_str     0x0000213c      0x2dc ..\obj\stm32f4xx_hal_cortex.o
                                0xb2c (size before relaxing)
 .debug_str     0x00002418       0x73 ..\obj\system_stm32f4xx.o
                                0x314 (size before relaxing)
 .debug_str     0x0000248b      0x188 ..\obj\stm32f4xx_hal_dma.o
                                0x5df (size before relaxing)
 .debug_str     0x00002613      0x26e ..\obj\stm32f4xx_hal.o
                                0xaf1 (size before relaxing)
 .debug_str     0x00002881      0x115 ..\obj\stm32f4xx_it.o
                                0x270 (size before relaxing)
 .debug_str     0x00002996       0x9b ..\obj\swdStub.o
                                0x270 (size before relaxing)
 .debug_str     0x00002a31      0x206 ..\obj\Flash.o
                                0x434 (size before relaxing)
 .debug_str     0x00002c37      0x1f9 ..\obj\stm32f4xx_hal_flash.o
                                0x4f4 (size before relaxing)
 .debug_str     0x00002e30      0x5c6 ..\obj\stm32f4xx_hal_i2c.o
                                0xc14 (size before relaxing)

.comment        0x00000000       0x70
 .comment       0x00000000       0x70 ..\obj\stm32f429i_discovery.o
                                 0x71 (size before relaxing)
 .comment       0x00000000       0x71 ..\obj\SystemConfigure.o
 .comment       0x00000000       0x71 ..\obj\stm32f4xx_hal_flash_ex.o
 .comment       0x00000000       0x71 ..\obj\stm32f4xx_hal_pwr_ex.o
 .comment       0x00000000       0x71 ..\obj\stm32f4xx_hal_spi.o
 .comment       0x00000000       0x71 ..\obj\stm32f4xx_hal_gpio.o
 .comment       0x00000000       0x71 ..\obj\stm32f4xx_hal_rcc.o
 .comment       0x00000000       0x71 ..\obj\main.o
 .comment       0x00000000       0x71 ..\obj\stm32f4xx_hal_cortex.o
 .comment       0x00000000       0x71 ..\obj\system_stm32f4xx.o
 .comment       0x00000000       0x71 ..\obj\stm32f4xx_hal_dma.o
 .comment       0x00000000       0x71 ..\obj\stm32f4xx_hal.o
 .comment       0x00000000       0x71 ..\obj\stm32f4xx_it.o
 .comment       0x00000000       0x71 ..\obj\swdStub.o
 .comment       0x00000000       0x71 ..\obj\Flash.o
 .comment       0x00000000       0x71 ..\obj\stm32f4xx_hal_flash.o
 .comment       0x00000000       0x71 ..\obj\stm32f4xx_hal_i2c.o

.debug_frame    0x00000000     0x2aa0
 .debug_frame   0x00000000      0x4fc ..\obj\stm32f429i_discovery.o
 .debug_frame   0x000004fc       0x50 ..\obj\SystemConfigure.o
 .debug_frame   0x0000054c      0x358 ..\obj\stm32f4xx_hal_flash_ex.o
 .debug_frame   0x000008a4      0x158 ..\obj\stm32f4xx_hal_pwr_ex.o
 .debug_frame   0x000009fc      0x604 ..\obj\stm32f4xx_hal_spi.o
 .debug_frame   0x00001000      0x14c ..\obj\stm32f4xx_hal_gpio.o
 .debug_frame   0x0000114c      0x204 ..\obj\stm32f4xx_hal_rcc.o
 .debug_frame   0x00001350       0x30 ..\obj\main.o
 .debug_frame   0x00001380      0x428 ..\obj\stm32f4xx_hal_cortex.o
 .debug_frame   0x000017a8       0x58 ..\obj\system_stm32f4xx.o
 .debug_frame   0x00001800      0x194 ..\obj\stm32f4xx_hal_dma.o
 .debug_frame   0x00001994      0x310 ..\obj\stm32f4xx_hal.o
 .debug_frame   0x00001ca4      0x10c ..\obj\stm32f4xx_it.o
 .debug_frame   0x00001db0       0x9c ..\obj\swdStub.o
 .debug_frame   0x00001e4c      0x134 ..\obj\Flash.o
 .debug_frame   0x00001f80      0x26c ..\obj\stm32f4xx_hal_flash.o
 .debug_frame   0x000021ec      0x8b4 ..\obj\stm32f4xx_hal_i2c.o

.debug_ranges   0x00000000       0x20
 .debug_ranges  0x00000000       0x20 ..\obj\startup_stm32f429xx.o
