Archive member included because of file (symbol)

c:/program files (x86)/gnu tools arm embedded/4.9 2015q1/bin/../lib/gcc/arm-none-eabi/4.9.3/../../../../arm-none-eabi/lib/armv7e-m\libc.a(lib_a-exit.o)
                              c:/program files (x86)/gnu tools arm embedded/4.9 2015q1/bin/../lib/gcc/arm-none-eabi/4.9.3/../../../../arm-none-eabi/lib/armv7e-m/crt0.o (exit)
c:/program files (x86)/gnu tools arm embedded/4.9 2015q1/bin/../lib/gcc/arm-none-eabi/4.9.3/../../../../arm-none-eabi/lib/armv7e-m\libc.a(lib_a-impure.o)
                              c:/program files (x86)/gnu tools arm embedded/4.9 2015q1/bin/../lib/gcc/arm-none-eabi/4.9.3/../../../../arm-none-eabi/lib/armv7e-m\libc.a(lib_a-exit.o) (_global_impure_ptr)
c:/program files (x86)/gnu tools arm embedded/4.9 2015q1/bin/../lib/gcc/arm-none-eabi/4.9.3/../../../../arm-none-eabi/lib/armv7e-m\libc.a(lib_a-init.o)
                              c:/program files (x86)/gnu tools arm embedded/4.9 2015q1/bin/../lib/gcc/arm-none-eabi/4.9.3/../../../../arm-none-eabi/lib/armv7e-m/crt0.o (__libc_init_array)
c:/program files (x86)/gnu tools arm embedded/4.9 2015q1/bin/../lib/gcc/arm-none-eabi/4.9.3/../../../../arm-none-eabi/lib/armv7e-m\libc.a(lib_a-memset.o)
                              c:/program files (x86)/gnu tools arm embedded/4.9 2015q1/bin/../lib/gcc/arm-none-eabi/4.9.3/../../../../arm-none-eabi/lib/armv7e-m/crt0.o (memset)
c:/program files (x86)/gnu tools arm embedded/4.9 2015q1/bin/../lib/gcc/arm-none-eabi/4.9.3/../../../../arm-none-eabi/lib/armv7e-m\libc.a(lib_a-__call_atexit.o)
                              c:/program files (x86)/gnu tools arm embedded/4.9 2015q1/bin/../lib/gcc/arm-none-eabi/4.9.3/../../../../arm-none-eabi/lib/armv7e-m\libc.a(lib_a-exit.o) (__call_exitprocs)
c:/program files (x86)/gnu tools arm embedded/4.9 2015q1/bin/../lib/gcc/arm-none-eabi/4.9.3/../../../../arm-none-eabi/lib/armv7e-m\libc.a(lib_a-atexit.o)
                              c:/program files (x86)/gnu tools arm embedded/4.9 2015q1/bin/../lib/gcc/arm-none-eabi/4.9.3/../../../../arm-none-eabi/lib/armv7e-m\libc.a(lib_a-__call_atexit.o) (atexit)
c:/program files (x86)/gnu tools arm embedded/4.9 2015q1/bin/../lib/gcc/arm-none-eabi/4.9.3/../../../../arm-none-eabi/lib/armv7e-m\libc.a(lib_a-fini.o)
                              c:/program files (x86)/gnu tools arm embedded/4.9 2015q1/bin/../lib/gcc/arm-none-eabi/4.9.3/../../../../arm-none-eabi/lib/armv7e-m\libc.a(lib_a-__call_atexit.o) (__libc_fini_array)
c:/program files (x86)/gnu tools arm embedded/4.9 2015q1/bin/../lib/gcc/arm-none-eabi/4.9.3/../../../../arm-none-eabi/lib/armv7e-m\libc.a(lib_a-__atexit.o)
                              c:/program files (x86)/gnu tools arm embedded/4.9 2015q1/bin/../lib/gcc/arm-none-eabi/4.9.3/../../../../arm-none-eabi/lib/armv7e-m\libc.a(lib_a-atexit.o) (__register_exitproc)

Discarded input sections

 .text          0x00000000        0x0 c:/program files (x86)/gnu tools arm embedded/4.9 2015q1/bin/../lib/gcc/arm-none-eabi/4.9.3/armv7e-m/crti.o
 .data          0x00000000        0x0 c:/program files (x86)/gnu tools arm embedded/4.9 2015q1/bin/../lib/gcc/arm-none-eabi/4.9.3/armv7e-m/crti.o
 .bss           0x00000000        0x0 c:/program files (x86)/gnu tools arm embedded/4.9 2015q1/bin/../lib/gcc/arm-none-eabi/4.9.3/armv7e-m/crti.o
 .data          0x00000000        0x4 c:/program files (x86)/gnu tools arm embedded/4.9 2015q1/bin/../lib/gcc/arm-none-eabi/4.9.3/armv7e-m/crtbegin.o
 .text          0x00000000       0x74 c:/program files (x86)/gnu tools arm embedded/4.9 2015q1/bin/../lib/gcc/arm-none-eabi/4.9.3/../../../../arm-none-eabi/lib/armv7e-m/crt0.o
 .data          0x00000000        0x0 c:/program files (x86)/gnu tools arm embedded/4.9 2015q1/bin/../lib/gcc/arm-none-eabi/4.9.3/../../../../arm-none-eabi/lib/armv7e-m/crt0.o
 .bss           0x00000000        0x0 c:/program files (x86)/gnu tools arm embedded/4.9 2015q1/bin/../lib/gcc/arm-none-eabi/4.9.3/../../../../arm-none-eabi/lib/armv7e-m/crt0.o
 .ARM.extab     0x00000000        0x0 c:/program files (x86)/gnu tools arm embedded/4.9 2015q1/bin/../lib/gcc/arm-none-eabi/4.9.3/../../../../arm-none-eabi/lib/armv7e-m/crt0.o
 .ARM.exidx     0x00000000        0x8 c:/program files (x86)/gnu tools arm embedded/4.9 2015q1/bin/../lib/gcc/arm-none-eabi/4.9.3/../../../../arm-none-eabi/lib/armv7e-m/crt0.o
 .ARM.attributes
                0x00000000       0x1c c:/program files (x86)/gnu tools arm embedded/4.9 2015q1/bin/../lib/gcc/arm-none-eabi/4.9.3/../../../../arm-none-eabi/lib/armv7e-m/crt0.o
 .text          0x00000000        0x0 c:/program files (x86)/gnu tools arm embedded/4.9 2015q1/bin/../lib/gcc/arm-none-eabi/4.9.3/../../../../arm-none-eabi/lib/armv7e-m\libc.a(lib_a-exit.o)
 .data          0x00000000        0x0 c:/program files (x86)/gnu tools arm embedded/4.9 2015q1/bin/../lib/gcc/arm-none-eabi/4.9.3/../../../../arm-none-eabi/lib/armv7e-m\libc.a(lib_a-exit.o)
 .bss           0x00000000        0x0 c:/program files (x86)/gnu tools arm embedded/4.9 2015q1/bin/../lib/gcc/arm-none-eabi/4.9.3/../../../../arm-none-eabi/lib/armv7e-m\libc.a(lib_a-exit.o)
 .text.exit     0x00000000       0x20 c:/program files (x86)/gnu tools arm embedded/4.9 2015q1/bin/../lib/gcc/arm-none-eabi/4.9.3/../../../../arm-none-eabi/lib/armv7e-m\libc.a(lib_a-exit.o)
 .debug_frame   0x00000000       0x28 c:/program files (x86)/gnu tools arm embedded/4.9 2015q1/bin/../lib/gcc/arm-none-eabi/4.9.3/../../../../arm-none-eabi/lib/armv7e-m\libc.a(lib_a-exit.o)
 .ARM.attributes
                0x00000000       0x2e c:/program files (x86)/gnu tools arm embedded/4.9 2015q1/bin/../lib/gcc/arm-none-eabi/4.9.3/../../../../arm-none-eabi/lib/armv7e-m\libc.a(lib_a-exit.o)
 .text          0x00000000        0x0 c:/program files (x86)/gnu tools arm embedded/4.9 2015q1/bin/../lib/gcc/arm-none-eabi/4.9.3/../../../../arm-none-eabi/lib/armv7e-m\libc.a(lib_a-impure.o)
 .data          0x00000000        0x0 c:/program files (x86)/gnu tools arm embedded/4.9 2015q1/bin/../lib/gcc/arm-none-eabi/4.9.3/../../../../arm-none-eabi/lib/armv7e-m\libc.a(lib_a-impure.o)
 .bss           0x00000000        0x0 c:/program files (x86)/gnu tools arm embedded/4.9 2015q1/bin/../lib/gcc/arm-none-eabi/4.9.3/../../../../arm-none-eabi/lib/armv7e-m\libc.a(lib_a-impure.o)
 .data._impure_ptr
                0x00000000        0x4 c:/program files (x86)/gnu tools arm embedded/4.9 2015q1/bin/../lib/gcc/arm-none-eabi/4.9.3/../../../../arm-none-eabi/lib/armv7e-m\libc.a(lib_a-impure.o)
 .ARM.attributes
                0x00000000       0x2e c:/program files (x86)/gnu tools arm embedded/4.9 2015q1/bin/../lib/gcc/arm-none-eabi/4.9.3/../../../../arm-none-eabi/lib/armv7e-m\libc.a(lib_a-impure.o)
 .text          0x00000000        0x0 c:/program files (x86)/gnu tools arm embedded/4.9 2015q1/bin/../lib/gcc/arm-none-eabi/4.9.3/../../../../arm-none-eabi/lib/armv7e-m\libc.a(lib_a-init.o)
 .data          0x00000000        0x0 c:/program files (x86)/gnu tools arm embedded/4.9 2015q1/bin/../lib/gcc/arm-none-eabi/4.9.3/../../../../arm-none-eabi/lib/armv7e-m\libc.a(lib_a-init.o)
 .bss           0x00000000        0x0 c:/program files (x86)/gnu tools arm embedded/4.9 2015q1/bin/../lib/gcc/arm-none-eabi/4.9.3/../../../../arm-none-eabi/lib/armv7e-m\libc.a(lib_a-init.o)
 .debug_frame   0x00000000       0x2c c:/program files (x86)/gnu tools arm embedded/4.9 2015q1/bin/../lib/gcc/arm-none-eabi/4.9.3/../../../../arm-none-eabi/lib/armv7e-m\libc.a(lib_a-init.o)
 .ARM.attributes
                0x00000000       0x2e c:/program files (x86)/gnu tools arm embedded/4.9 2015q1/bin/../lib/gcc/arm-none-eabi/4.9.3/../../../../arm-none-eabi/lib/armv7e-m\libc.a(lib_a-init.o)
 .text          0x00000000        0x0 c:/program files (x86)/gnu tools arm embedded/4.9 2015q1/bin/../lib/gcc/arm-none-eabi/4.9.3/../../../../arm-none-eabi/lib/armv7e-m\libc.a(lib_a-memset.o)
 .data          0x00000000        0x0 c:/program files (x86)/gnu tools arm embedded/4.9 2015q1/bin/../lib/gcc/arm-none-eabi/4.9.3/../../../../arm-none-eabi/lib/armv7e-m\libc.a(lib_a-memset.o)
 .bss           0x00000000        0x0 c:/program files (x86)/gnu tools arm embedded/4.9 2015q1/bin/../lib/gcc/arm-none-eabi/4.9.3/../../../../arm-none-eabi/lib/armv7e-m\libc.a(lib_a-memset.o)
 .text.memset   0x00000000       0x9c c:/program files (x86)/gnu tools arm embedded/4.9 2015q1/bin/../lib/gcc/arm-none-eabi/4.9.3/../../../../arm-none-eabi/lib/armv7e-m\libc.a(lib_a-memset.o)
 .debug_frame   0x00000000       0x34 c:/program files (x86)/gnu tools arm embedded/4.9 2015q1/bin/../lib/gcc/arm-none-eabi/4.9.3/../../../../arm-none-eabi/lib/armv7e-m\libc.a(lib_a-memset.o)
 .ARM.attributes
                0x00000000       0x2e c:/program files (x86)/gnu tools arm embedded/4.9 2015q1/bin/../lib/gcc/arm-none-eabi/4.9.3/../../../../arm-none-eabi/lib/armv7e-m\libc.a(lib_a-memset.o)
 .text          0x00000000        0x0 c:/program files (x86)/gnu tools arm embedded/4.9 2015q1/bin/../lib/gcc/arm-none-eabi/4.9.3/../../../../arm-none-eabi/lib/armv7e-m\libc.a(lib_a-__call_atexit.o)
 .data          0x00000000        0x0 c:/program files (x86)/gnu tools arm embedded/4.9 2015q1/bin/../lib/gcc/arm-none-eabi/4.9.3/../../../../arm-none-eabi/lib/armv7e-m\libc.a(lib_a-__call_atexit.o)
 .bss           0x00000000        0x0 c:/program files (x86)/gnu tools arm embedded/4.9 2015q1/bin/../lib/gcc/arm-none-eabi/4.9.3/../../../../arm-none-eabi/lib/armv7e-m\libc.a(lib_a-__call_atexit.o)
 .text.__call_exitprocs
                0x00000000       0xd4 c:/program files (x86)/gnu tools arm embedded/4.9 2015q1/bin/../lib/gcc/arm-none-eabi/4.9.3/../../../../arm-none-eabi/lib/armv7e-m\libc.a(lib_a-__call_atexit.o)
 .debug_frame   0x00000000       0x50 c:/program files (x86)/gnu tools arm embedded/4.9 2015q1/bin/../lib/gcc/arm-none-eabi/4.9.3/../../../../arm-none-eabi/lib/armv7e-m\libc.a(lib_a-__call_atexit.o)
 .ARM.attributes
                0x00000000       0x2e c:/program files (x86)/gnu tools arm embedded/4.9 2015q1/bin/../lib/gcc/arm-none-eabi/4.9.3/../../../../arm-none-eabi/lib/armv7e-m\libc.a(lib_a-__call_atexit.o)
 .text          0x00000000        0x0 c:/program files (x86)/gnu tools arm embedded/4.9 2015q1/bin/../lib/gcc/arm-none-eabi/4.9.3/../../../../arm-none-eabi/lib/armv7e-m\libc.a(lib_a-atexit.o)
 .data          0x00000000        0x0 c:/program files (x86)/gnu tools arm embedded/4.9 2015q1/bin/../lib/gcc/arm-none-eabi/4.9.3/../../../../arm-none-eabi/lib/armv7e-m\libc.a(lib_a-atexit.o)
 .bss           0x00000000        0x0 c:/program files (x86)/gnu tools arm embedded/4.9 2015q1/bin/../lib/gcc/arm-none-eabi/4.9.3/../../../../arm-none-eabi/lib/armv7e-m\libc.a(lib_a-atexit.o)
 .debug_frame   0x00000000       0x20 c:/program files (x86)/gnu tools arm embedded/4.9 2015q1/bin/../lib/gcc/arm-none-eabi/4.9.3/../../../../arm-none-eabi/lib/armv7e-m\libc.a(lib_a-atexit.o)
 .ARM.attributes
                0x00000000       0x2e c:/program files (x86)/gnu tools arm embedded/4.9 2015q1/bin/../lib/gcc/arm-none-eabi/4.9.3/../../../../arm-none-eabi/lib/armv7e-m\libc.a(lib_a-atexit.o)
 .text          0x00000000        0x0 c:/program files (x86)/gnu tools arm embedded/4.9 2015q1/bin/../lib/gcc/arm-none-eabi/4.9.3/../../../../arm-none-eabi/lib/armv7e-m\libc.a(lib_a-fini.o)
 .data          0x00000000        0x0 c:/program files (x86)/gnu tools arm embedded/4.9 2015q1/bin/../lib/gcc/arm-none-eabi/4.9.3/../../../../arm-none-eabi/lib/armv7e-m\libc.a(lib_a-fini.o)
 .bss           0x00000000        0x0 c:/program files (x86)/gnu tools arm embedded/4.9 2015q1/bin/../lib/gcc/arm-none-eabi/4.9.3/../../../../arm-none-eabi/lib/armv7e-m\libc.a(lib_a-fini.o)
 .debug_frame   0x00000000       0x34 c:/program files (x86)/gnu tools arm embedded/4.9 2015q1/bin/../lib/gcc/arm-none-eabi/4.9.3/../../../../arm-none-eabi/lib/armv7e-m\libc.a(lib_a-fini.o)
 .ARM.attributes
                0x00000000       0x2e c:/program files (x86)/gnu tools arm embedded/4.9 2015q1/bin/../lib/gcc/arm-none-eabi/4.9.3/../../../../arm-none-eabi/lib/armv7e-m\libc.a(lib_a-fini.o)
 .text          0x00000000        0x0 c:/program files (x86)/gnu tools arm embedded/4.9 2015q1/bin/../lib/gcc/arm-none-eabi/4.9.3/../../../../arm-none-eabi/lib/armv7e-m\libc.a(lib_a-__atexit.o)
 .data          0x00000000        0x0 c:/program files (x86)/gnu tools arm embedded/4.9 2015q1/bin/../lib/gcc/arm-none-eabi/4.9.3/../../../../arm-none-eabi/lib/armv7e-m\libc.a(lib_a-__atexit.o)
 .bss           0x00000000        0x0 c:/program files (x86)/gnu tools arm embedded/4.9 2015q1/bin/../lib/gcc/arm-none-eabi/4.9.3/../../../../arm-none-eabi/lib/armv7e-m\libc.a(lib_a-__atexit.o)
 .debug_frame   0x00000000       0x34 c:/program files (x86)/gnu tools arm embedded/4.9 2015q1/bin/../lib/gcc/arm-none-eabi/4.9.3/../../../../arm-none-eabi/lib/armv7e-m\libc.a(lib_a-__atexit.o)
 .ARM.attributes
                0x00000000       0x2e c:/program files (x86)/gnu tools arm embedded/4.9 2015q1/bin/../lib/gcc/arm-none-eabi/4.9.3/../../../../arm-none-eabi/lib/armv7e-m\libc.a(lib_a-__atexit.o)
 .data          0x00000000        0x0 ..\obj\configurePort.o
 .bss           0x00000000        0x0 ..\obj\configurePort.o
 .data          0x00000000        0x0 ..\obj\swd_Utilities.o
 .bss           0x00000000        0x0 ..\obj\swd_Utilities.o
 .data          0x00000000        0x0 ..\obj\IO_Operations.o
 .bss           0x00000000        0x0 ..\obj\IO_Operations.o
 .data          0x00000000        0x0 ..\obj\Register_ReadWrite.o
 .bss           0x00000000        0x0 ..\obj\Register_ReadWrite.o
 .data          0x00000000        0x0 ..\obj\main.o
 .bss           0x00000000        0x0 ..\obj\main.o
 .data          0x00000000        0x0 ..\obj\Bit_Operations.o
 .bss           0x00000000        0x0 ..\obj\Bit_Operations.o
 .text          0x00000000      0x544 ..\obj\stm32f4xx_hal_cortex.o
 .data          0x00000000        0x0 ..\obj\stm32f4xx_hal_cortex.o
 .bss           0x00000000        0x0 ..\obj\stm32f4xx_hal_cortex.o
 .debug_info    0x00000000      0xbac ..\obj\stm32f4xx_hal_cortex.o
 .debug_abbrev  0x00000000      0x299 ..\obj\stm32f4xx_hal_cortex.o
 .debug_aranges
                0x00000000       0x20 ..\obj\stm32f4xx_hal_cortex.o
 .debug_line    0x00000000      0x333 ..\obj\stm32f4xx_hal_cortex.o
 .debug_str     0x00000000      0xb4b ..\obj\stm32f4xx_hal_cortex.o
 .comment       0x00000000       0x71 ..\obj\stm32f4xx_hal_cortex.o
 .debug_frame   0x00000000      0x428 ..\obj\stm32f4xx_hal_cortex.o
 .ARM.attributes
                0x00000000       0x33 ..\obj\stm32f4xx_hal_cortex.o
 .text          0x00000000       0x14 ..\obj\startup_stm32f429xx.o
 .data          0x00000000        0x0 ..\obj\startup_stm32f429xx.o
 .bss           0x00000000        0x0 ..\obj\startup_stm32f429xx.o
 .bss           0x00000000        0x0 ..\obj\system_stm32f4xx.o
 .text          0x00000000      0x368 ..\obj\stm32f4xx_hal.o
 .data          0x00000000        0x0 ..\obj\stm32f4xx_hal.o
 .bss           0x00000000        0x4 ..\obj\stm32f4xx_hal.o
 .debug_info    0x00000000      0xa1c ..\obj\stm32f4xx_hal.o
 .debug_abbrev  0x00000000      0x1ff ..\obj\stm32f4xx_hal.o
 .debug_aranges
                0x00000000       0x20 ..\obj\stm32f4xx_hal.o
 .debug_line    0x00000000      0x333 ..\obj\stm32f4xx_hal.o
 .debug_str     0x00000000      0xb10 ..\obj\stm32f4xx_hal.o
 .comment       0x00000000       0x71 ..\obj\stm32f4xx_hal.o
 .debug_frame   0x00000000      0x310 ..\obj\stm32f4xx_hal.o
 .ARM.attributes
                0x00000000       0x33 ..\obj\stm32f4xx_hal.o
 .data          0x00000000        0x0 ..\obj\Reset.o
 .bss           0x00000000        0x0 ..\obj\Reset.o
 .data          0x00000000        0x0 ..\obj\Delay.o
 .bss           0x00000000        0x0 ..\obj\Delay.o
 .data          0x00000000        0x0 ..\obj\stm32f4xx_hal_gpio.o
 .bss           0x00000000        0x0 ..\obj\stm32f4xx_hal_gpio.o
 .data          0x00000000        0x0 ..\obj\Clock.o
 .bss           0x00000000        0x0 ..\obj\Clock.o
 .text          0x00000000      0xd74 ..\obj\stm32f4xx_hal_rcc.o
 .data          0x00000000        0x0 ..\obj\stm32f4xx_hal_rcc.o
 .bss           0x00000000        0x0 ..\obj\stm32f4xx_hal_rcc.o
 .rodata        0x00000000       0x10 ..\obj\stm32f4xx_hal_rcc.o
 .debug_info    0x00000000      0xe27 ..\obj\stm32f4xx_hal_rcc.o
 .debug_abbrev  0x00000000      0x25a ..\obj\stm32f4xx_hal_rcc.o
 .debug_aranges
                0x00000000       0x20 ..\obj\stm32f4xx_hal_rcc.o
 .debug_line    0x00000000      0x58f ..\obj\stm32f4xx_hal_rcc.o
 .debug_str     0x00000000      0x6c9 ..\obj\stm32f4xx_hal_rcc.o
 .comment       0x00000000       0x71 ..\obj\stm32f4xx_hal_rcc.o
 .debug_frame   0x00000000      0x204 ..\obj\stm32f4xx_hal_rcc.o
 .ARM.attributes
                0x00000000       0x33 ..\obj\stm32f4xx_hal_rcc.o
 .data          0x00000000        0x0 ..\obj\swdProtocol.o
 .bss           0x00000000        0x0 ..\obj\swdProtocol.o
 .text          0x00000000        0x0 c:/program files (x86)/gnu tools arm embedded/4.9 2015q1/bin/../lib/gcc/arm-none-eabi/4.9.3/armv7e-m/crtend.o
 .data          0x00000000        0x0 c:/program files (x86)/gnu tools arm embedded/4.9 2015q1/bin/../lib/gcc/arm-none-eabi/4.9.3/armv7e-m/crtend.o
 .bss           0x00000000        0x0 c:/program files (x86)/gnu tools arm embedded/4.9 2015q1/bin/../lib/gcc/arm-none-eabi/4.9.3/armv7e-m/crtend.o
 .eh_frame      0x00000000        0x4 c:/program files (x86)/gnu tools arm embedded/4.9 2015q1/bin/../lib/gcc/arm-none-eabi/4.9.3/armv7e-m/crtend.o
 .jcr           0x00000000        0x4 c:/program files (x86)/gnu tools arm embedded/4.9 2015q1/bin/../lib/gcc/arm-none-eabi/4.9.3/armv7e-m/crtend.o
 .ARM.attributes
                0x00000000       0x2e c:/program files (x86)/gnu tools arm embedded/4.9 2015q1/bin/../lib/gcc/arm-none-eabi/4.9.3/armv7e-m/crtend.o
 .text          0x00000000        0x0 c:/program files (x86)/gnu tools arm embedded/4.9 2015q1/bin/../lib/gcc/arm-none-eabi/4.9.3/armv7e-m/crtn.o
 .data          0x00000000        0x0 c:/program files (x86)/gnu tools arm embedded/4.9 2015q1/bin/../lib/gcc/arm-none-eabi/4.9.3/armv7e-m/crtn.o
 .bss           0x00000000        0x0 c:/program files (x86)/gnu tools arm embedded/4.9 2015q1/bin/../lib/gcc/arm-none-eabi/4.9.3/armv7e-m/crtn.o

Memory Configuration

Name             Origin             Length             Attributes
FLASH            0x08000000         0x00200000         xr
RAM              0x20000000         0x00030000         xrw
CCMRAM           0x10000000         0x00010000         rw
*default*        0x00000000         0xffffffff

Linker script and memory map

LOAD c:/program files (x86)/gnu tools arm embedded/4.9 2015q1/bin/../lib/gcc/arm-none-eabi/4.9.3/armv7e-m/crti.o
LOAD c:/program files (x86)/gnu tools arm embedded/4.9 2015q1/bin/../lib/gcc/arm-none-eabi/4.9.3/armv7e-m/crtbegin.o
LOAD c:/program files (x86)/gnu tools arm embedded/4.9 2015q1/bin/../lib/gcc/arm-none-eabi/4.9.3/../../../../arm-none-eabi/lib/armv7e-m/crt0.o
                0x2002ffff                _estack = 0x2002ffff
                0x00000200                _Min_Heap_Size = 0x200
                0x00000400                _Min_Stack_Size = 0x400

.isr_vector     0x08000000      0x1ac
                0x08000000                . = ALIGN (0x4)
 *(.isr_vector)
 .isr_vector    0x08000000      0x1ac ..\obj\startup_stm32f429xx.o
                0x08000000                g_pfnVectors
                0x080001ac                . = ALIGN (0x4)

.text           0x080001ac     0x14f8
                0x080001ac                . = ALIGN (0x4)
 *(.text)
 .text          0x080001ac       0x5c c:/program files (x86)/gnu tools arm embedded/4.9 2015q1/bin/../lib/gcc/arm-none-eabi/4.9.3/armv7e-m/crtbegin.o
 .text          0x08000208      0x12c ..\obj\configurePort.o
                0x08000208                configureClock
                0x08000234                configureTargetResetPin
                0x08000260                SWDIO_OutputMode
                0x0800028c                SWDIO_InputMode
                0x080002b8                configure_IOPorts
 .text          0x08000334      0x39c ..\obj\swd_Utilities.o
                0x08000334                calculateParity_SWDRequest
                0x08000374                calculateParity_32bitData
                0x080003c4                getSWD_AddressBit
                0x080003f4                getSWD_Request
                0x08000480                swdCheckErrorFlag
                0x080004fc                swdReadWriteDpWithRetries
                0x0800055c                swdReadWriteApWithRetries
                0x080005b8                retriesSwdOperation
                0x08000614                swdClearFlags
 .text          0x080006d0       0x24 ..\obj\IO_Operations.o
                0x080006d0                readSWDIO_Pin
 .text          0x080006f4      0x204 ..\obj\Register_ReadWrite.o
                0x080006f4                SWDRegister_Write
                0x08000754                SWDRegister_Read
                0x080007ac                memoryAccessRead
                0x080007ec                memoryAccessWrite
                0x08000828                swdReadAP
                0x08000868                powerUpSystemAndDebug
                0x0800088c                readAhbIDR
 .text          0x080008f8       0xd8 ..\obj\main.o
                0x080008f8                main
 .text          0x080009d0      0x190 ..\obj\Bit_Operations.o
                0x080009d0                sendBit
                0x08000a1c                sendBits
                0x08000a6c                readBit
                0x08000aa4                readBits
                0x08000ae8                send8bit
                0x08000b00                send16bit
                0x08000b18                send32bit
                0x08000b30                read3bit
                0x08000b48                read32bit
 .text          0x08000b60      0x154 ..\obj\system_stm32f4xx.o
                0x08000b60                SystemInit
                0x08000bbc                SystemCoreClockUpdate
 .text          0x08000cb4       0x80 ..\obj\Reset.o
                0x08000cb4                lineReset
                0x08000cf8                resetTarget
 .text          0x08000d34       0x58 ..\obj\Delay.o
                0x08000d34                delay
 .text          0x08000d8c      0x674 ..\obj\stm32f4xx_hal_gpio.o
                0x08000d8c                HAL_GPIO_Init
                0x080010d4                HAL_GPIO_DeInit
                0x080012e8                HAL_GPIO_ReadPin
                0x08001318                HAL_GPIO_WritePin
                0x08001348                HAL_GPIO_TogglePin
                0x0800136c                HAL_GPIO_LockPin
                0x080013bc                HAL_GPIO_EXTI_IRQHandler
                0x080013ec                HAL_GPIO_EXTI_Callback
 .text          0x08001400       0xa4 ..\obj\Clock.o
                0x08001400                clockGenerator_1cycle
                0x08001424                extraIdleClock
                0x0800145c                turnAround_ToRead
                0x08001474                turnAround_ToWrite
 .text          0x080014a4       0x54 ..\obj\swdProtocol.o
                0x080014a4                SWD_Initialisation
                0x080014d8                switchJTAGtoSWD
 *(.text*)
 .text.__libc_init_array
                0x080014f8       0x50 c:/program files (x86)/gnu tools arm embedded/4.9 2015q1/bin/../lib/gcc/arm-none-eabi/4.9.3/../../../../arm-none-eabi/lib/armv7e-m\libc.a(lib_a-init.o)
                0x080014f8                __libc_init_array
 .text.startup.register_fini
                0x08001548       0x14 c:/program files (x86)/gnu tools arm embedded/4.9 2015q1/bin/../lib/gcc/arm-none-eabi/4.9.3/../../../../arm-none-eabi/lib/armv7e-m\libc.a(lib_a-__call_atexit.o)
 .text.atexit   0x0800155c        0xc c:/program files (x86)/gnu tools arm embedded/4.9 2015q1/bin/../lib/gcc/arm-none-eabi/4.9.3/../../../../arm-none-eabi/lib/armv7e-m\libc.a(lib_a-atexit.o)
                0x0800155c                atexit
 .text.__libc_fini_array
                0x08001568       0x2c c:/program files (x86)/gnu tools arm embedded/4.9 2015q1/bin/../lib/gcc/arm-none-eabi/4.9.3/../../../../arm-none-eabi/lib/armv7e-m\libc.a(lib_a-fini.o)
                0x08001568                __libc_fini_array
 .text.__register_exitproc
                0x08001594       0xa4 c:/program files (x86)/gnu tools arm embedded/4.9 2015q1/bin/../lib/gcc/arm-none-eabi/4.9.3/../../../../arm-none-eabi/lib/armv7e-m\libc.a(lib_a-__atexit.o)
                0x08001594                __register_exitproc
 .text.Reset_Handler
                0x08001638       0x50 ..\obj\startup_stm32f429xx.o
                0x08001638                Reset_Handler
 .text.Default_Handler
                0x08001688        0x2 ..\obj\startup_stm32f429xx.o
                0x08001688                RTC_Alarm_IRQHandler
                0x08001688                HASH_RNG_IRQHandler
                0x08001688                EXTI2_IRQHandler
                0x08001688                TIM8_CC_IRQHandler
                0x08001688                DebugMon_Handler
                0x08001688                UART8_IRQHandler
                0x08001688                SPI4_IRQHandler
                0x08001688                TIM1_CC_IRQHandler
                0x08001688                DMA2_Stream5_IRQHandler
                0x08001688                HardFault_Handler
                0x08001688                DMA1_Stream5_IRQHandler
                0x08001688                SysTick_Handler
                0x08001688                PVD_IRQHandler
                0x08001688                SDIO_IRQHandler
                0x08001688                TAMP_STAMP_IRQHandler
                0x08001688                PendSV_Handler
                0x08001688                NMI_Handler
                0x08001688                CAN2_RX1_IRQHandler
                0x08001688                EXTI3_IRQHandler
                0x08001688                TIM8_TRG_COM_TIM14_IRQHandler
                0x08001688                TIM1_UP_TIM10_IRQHandler
                0x08001688                TIM8_UP_TIM13_IRQHandler
                0x08001688                I2C3_ER_IRQHandler
                0x08001688                EXTI0_IRQHandler
                0x08001688                I2C2_EV_IRQHandler
                0x08001688                DMA1_Stream2_IRQHandler
                0x08001688                CAN1_RX0_IRQHandler
                0x08001688                FPU_IRQHandler
                0x08001688                OTG_HS_WKUP_IRQHandler
                0x08001688                UsageFault_Handler
                0x08001688                LTDC_ER_IRQHandler
                0x08001688                CAN2_SCE_IRQHandler
                0x08001688                DMA2_Stream2_IRQHandler
                0x08001688                SPI1_IRQHandler
                0x08001688                TIM6_DAC_IRQHandler
                0x08001688                TIM1_BRK_TIM9_IRQHandler
                0x08001688                DCMI_IRQHandler
                0x08001688                CAN2_RX0_IRQHandler
                0x08001688                DMA2_Stream3_IRQHandler
                0x08001688                USART6_IRQHandler
                0x08001688                USART3_IRQHandler
                0x08001688                CAN1_RX1_IRQHandler
                0x08001688                UART5_IRQHandler
                0x08001688                DMA2_Stream0_IRQHandler
                0x08001688                TIM4_IRQHandler
                0x08001688                I2C1_EV_IRQHandler
                0x08001688                DMA1_Stream6_IRQHandler
                0x08001688                DMA1_Stream1_IRQHandler
                0x08001688                UART4_IRQHandler
                0x08001688                TIM3_IRQHandler
                0x08001688                RCC_IRQHandler
                0x08001688                TIM8_BRK_TIM12_IRQHandler
                0x08001688                Default_Handler
                0x08001688                EXTI15_10_IRQHandler
                0x08001688                ADC_IRQHandler
                0x08001688                DMA1_Stream7_IRQHandler
                0x08001688                SPI5_IRQHandler
                0x08001688                TIM7_IRQHandler
                0x08001688                CAN2_TX_IRQHandler
                0x08001688                TIM5_IRQHandler
                0x08001688                DMA2_Stream7_IRQHandler
                0x08001688                I2C3_EV_IRQHandler
                0x08001688                EXTI9_5_IRQHandler
                0x08001688                RTC_WKUP_IRQHandler
                0x08001688                LTDC_IRQHandler
                0x08001688                ETH_WKUP_IRQHandler
                0x08001688                SPI2_IRQHandler
                0x08001688                OTG_HS_EP1_IN_IRQHandler
                0x08001688                MemManage_Handler
                0x08001688                DMA1_Stream0_IRQHandler
                0x08001688                CAN1_TX_IRQHandler
                0x08001688                SVC_Handler
                0x08001688                EXTI4_IRQHandler
                0x08001688                ETH_IRQHandler
                0x08001688                OTG_HS_EP1_OUT_IRQHandler
                0x08001688                WWDG_IRQHandler
                0x08001688                SPI6_IRQHandler
                0x08001688                TIM2_IRQHandler
                0x08001688                OTG_FS_WKUP_IRQHandler
                0x08001688                TIM1_TRG_COM_TIM11_IRQHandler
                0x08001688                OTG_HS_IRQHandler
                0x08001688                DMA2D_IRQHandler
                0x08001688                EXTI1_IRQHandler
                0x08001688                UART7_IRQHandler
                0x08001688                USART2_IRQHandler
                0x08001688                I2C2_ER_IRQHandler
                0x08001688                DMA2_Stream1_IRQHandler
                0x08001688                CAN1_SCE_IRQHandler
                0x08001688                FLASH_IRQHandler
                0x08001688                DMA2_Stream4_IRQHandler
                0x08001688                BusFault_Handler
                0x08001688                USART1_IRQHandler
                0x08001688                OTG_FS_IRQHandler
                0x08001688                SPI3_IRQHandler
                0x08001688                DMA1_Stream4_IRQHandler
                0x08001688                I2C1_ER_IRQHandler
                0x08001688                FMC_IRQHandler
                0x08001688                DMA2_Stream6_IRQHandler
                0x08001688                SAI1_IRQHandler
                0x08001688                DMA1_Stream3_IRQHandler
 *(.glue_7)
 .glue_7        0x00000000        0x0 linker stubs
 *(.glue_7t)
 .glue_7t       0x00000000        0x0 linker stubs
 *(.eh_frame)
 *fill*         0x0800168a        0x2 
 .eh_frame      0x0800168c        0x0 c:/program files (x86)/gnu tools arm embedded/4.9 2015q1/bin/../lib/gcc/arm-none-eabi/4.9.3/armv7e-m/crtbegin.o
 *(.init)
 .init          0x0800168c        0x4 c:/program files (x86)/gnu tools arm embedded/4.9 2015q1/bin/../lib/gcc/arm-none-eabi/4.9.3/armv7e-m/crti.o
                0x0800168c                _init
 .init          0x08001690        0x8 c:/program files (x86)/gnu tools arm embedded/4.9 2015q1/bin/../lib/gcc/arm-none-eabi/4.9.3/armv7e-m/crtn.o
 *(.fini)
 .fini          0x08001698        0x4 c:/program files (x86)/gnu tools arm embedded/4.9 2015q1/bin/../lib/gcc/arm-none-eabi/4.9.3/armv7e-m/crti.o
                0x08001698                _fini
 .fini          0x0800169c        0x8 c:/program files (x86)/gnu tools arm embedded/4.9 2015q1/bin/../lib/gcc/arm-none-eabi/4.9.3/armv7e-m/crtn.o
                0x080016a4                . = ALIGN (0x4)
                0x080016a4                _etext = .

.vfp11_veneer   0x080016a4        0x0
 .vfp11_veneer  0x00000000        0x0 linker stubs

.v4_bx          0x080016a4        0x0
 .v4_bx         0x00000000        0x0 linker stubs

.iplt           0x080016a4        0x0
 .iplt          0x00000000        0x0 c:/program files (x86)/gnu tools arm embedded/4.9 2015q1/bin/../lib/gcc/arm-none-eabi/4.9.3/armv7e-m/crtbegin.o

.rodata         0x080016a4        0x8
                0x080016a4                . = ALIGN (0x4)
 *(.rodata)
 *(.rodata*)
 .rodata.str1.4
                0x080016a4        0x4 c:/program files (x86)/gnu tools arm embedded/4.9 2015q1/bin/../lib/gcc/arm-none-eabi/4.9.3/../../../../arm-none-eabi/lib/armv7e-m\libc.a(lib_a-impure.o)
 .rodata._global_impure_ptr
                0x080016a8        0x4 c:/program files (x86)/gnu tools arm embedded/4.9 2015q1/bin/../lib/gcc/arm-none-eabi/4.9.3/../../../../arm-none-eabi/lib/armv7e-m\libc.a(lib_a-impure.o)
                0x080016a8                _global_impure_ptr
                0x080016ac                . = ALIGN (0x4)

.rel.dyn        0x080016ac        0x0
 .rel.iplt      0x00000000        0x0 c:/program files (x86)/gnu tools arm embedded/4.9 2015q1/bin/../lib/gcc/arm-none-eabi/4.9.3/armv7e-m/crtbegin.o

.ARM.extab
 *(.ARM.extab* .gnu.linkonce.armextab.*)

.ARM            0x080016ac        0x0
                0x080016ac                __exidx_start = .
 *(.ARM.exidx*)
                0x080016ac                __exidx_end = .

.preinit_array  0x080016ac        0x0
                0x080016ac                PROVIDE (__preinit_array_start, .)
 *(.preinit_array*)
                0x080016ac                PROVIDE (__preinit_array_end, .)

.init_array     0x080016ac        0x8
                0x080016ac                PROVIDE (__init_array_start, .)
 *(SORT(.init_array.*))
 .init_array.00000
                0x080016ac        0x4 c:/program files (x86)/gnu tools arm embedded/4.9 2015q1/bin/../lib/gcc/arm-none-eabi/4.9.3/../../../../arm-none-eabi/lib/armv7e-m\libc.a(lib_a-__call_atexit.o)
 *(.init_array*)
 .init_array    0x080016b0        0x4 c:/program files (x86)/gnu tools arm embedded/4.9 2015q1/bin/../lib/gcc/arm-none-eabi/4.9.3/armv7e-m/crtbegin.o
                0x080016b4                PROVIDE (__init_array_end, .)

.fini_array     0x080016b4        0x4
                0x080016b4                PROVIDE (__fini_array_start, .)
 *(SORT(.fini_array.*))
 *(.fini_array*)
 .fini_array    0x080016b4        0x4 c:/program files (x86)/gnu tools arm embedded/4.9 2015q1/bin/../lib/gcc/arm-none-eabi/4.9.3/armv7e-m/crtbegin.o
                0x080016b8                PROVIDE (__fini_array_end, .)
                0x080016b8                _sidata = LOADADDR (.data)

.data           0x20000000      0x440 load address 0x080016b8
                0x20000000                . = ALIGN (0x4)
                0x20000000                _sdata = .
 *(.data)
 .data          0x20000000       0x14 ..\obj\system_stm32f4xx.o
                0x20000000                SystemCoreClock
                0x20000004                AHBPrescTable
 *(.data*)
 *fill*         0x20000014        0x4 
 .data.impure_data
                0x20000018      0x428 c:/program files (x86)/gnu tools arm embedded/4.9 2015q1/bin/../lib/gcc/arm-none-eabi/4.9.3/../../../../arm-none-eabi/lib/armv7e-m\libc.a(lib_a-impure.o)
                0x20000440                . = ALIGN (0x4)
                0x20000440                _edata = .
                0x08001af8                _siccmram = LOADADDR (.ccmram)

.jcr            0x20000440        0x0 load address 0x08001af8
 .jcr           0x20000440        0x0 c:/program files (x86)/gnu tools arm embedded/4.9 2015q1/bin/../lib/gcc/arm-none-eabi/4.9.3/armv7e-m/crtbegin.o

.igot.plt       0x20000440        0x0 load address 0x08001af8
 .igot.plt      0x00000000        0x0 c:/program files (x86)/gnu tools arm embedded/4.9 2015q1/bin/../lib/gcc/arm-none-eabi/4.9.3/armv7e-m/crtbegin.o

.ccmram         0x10000000        0x0 load address 0x08001af8
                0x10000000                . = ALIGN (0x4)
                0x10000000                _sccmram = .
 *(.ccmram)
 *(.ccmram*)
                0x10000000                . = ALIGN (0x4)
                0x10000000                _eccmram = .
                0x10000000                . = ALIGN (0x4)

.bss            0x20000440       0x1c
                0x20000440                _sbss = .
                0x20000440                __bss_start__ = _sbss
 *(.bss)
 .bss           0x20000440       0x1c c:/program files (x86)/gnu tools arm embedded/4.9 2015q1/bin/../lib/gcc/arm-none-eabi/4.9.3/armv7e-m/crtbegin.o
 *(.bss*)
 *(COMMON)
                0x2000045c                . = ALIGN (0x4)
                0x2000045c                _ebss = .
                0x2000045c                __bss_end__ = _ebss

._user_heap_stack
                0x2000045c      0x600
                0x2000045c                . = ALIGN (0x4)
                0x2000045c                PROVIDE (end, .)
                0x2000045c                PROVIDE (_end, .)
                0x2000065c                . = (. + _Min_Heap_Size)
 *fill*         0x2000045c      0x200 
                0x20000a5c                . = (. + _Min_Stack_Size)
 *fill*         0x2000065c      0x400 
                0x20000a5c                . = ALIGN (0x4)

/DISCARD/
 libc.a(*)
 libm.a(*)
 libgcc.a(*)

.ARM.attributes
                0x00000000       0x2a
 *(.ARM.attributes)
 .ARM.attributes
                0x00000000       0x1e c:/program files (x86)/gnu tools arm embedded/4.9 2015q1/bin/../lib/gcc/arm-none-eabi/4.9.3/armv7e-m/crti.o
 .ARM.attributes
                0x0000001e       0x2e c:/program files (x86)/gnu tools arm embedded/4.9 2015q1/bin/../lib/gcc/arm-none-eabi/4.9.3/armv7e-m/crtbegin.o
 .ARM.attributes
                0x0000004c       0x33 ..\obj\configurePort.o
 .ARM.attributes
                0x0000007f       0x33 ..\obj\swd_Utilities.o
 .ARM.attributes
                0x000000b2       0x33 ..\obj\IO_Operations.o
 .ARM.attributes
                0x000000e5       0x33 ..\obj\Register_ReadWrite.o
 .ARM.attributes
                0x00000118       0x33 ..\obj\main.o
 .ARM.attributes
                0x0000014b       0x33 ..\obj\Bit_Operations.o
 .ARM.attributes
                0x0000017e       0x21 ..\obj\startup_stm32f429xx.o
 .ARM.attributes
                0x0000019f       0x33 ..\obj\system_stm32f4xx.o
 .ARM.attributes
                0x000001d2       0x33 ..\obj\Reset.o
 .ARM.attributes
                0x00000205       0x33 ..\obj\Delay.o
 .ARM.attributes
                0x00000238       0x33 ..\obj\stm32f4xx_hal_gpio.o
 .ARM.attributes
                0x0000026b       0x33 ..\obj\Clock.o
 .ARM.attributes
                0x0000029e       0x33 ..\obj\swdProtocol.o
 .ARM.attributes
                0x000002d1       0x1e c:/program files (x86)/gnu tools arm embedded/4.9 2015q1/bin/../lib/gcc/arm-none-eabi/4.9.3/armv7e-m/crtn.o
LOAD ..\obj\configurePort.o
LOAD ..\obj\swd_Utilities.o
LOAD ..\obj\IO_Operations.o
LOAD ..\obj\Register_ReadWrite.o
LOAD ..\obj\main.o
LOAD ..\obj\Bit_Operations.o
LOAD ..\obj\stm32f4xx_hal_cortex.o
LOAD ..\obj\startup_stm32f429xx.o
LOAD ..\obj\system_stm32f4xx.o
LOAD ..\obj\stm32f4xx_hal.o
LOAD ..\obj\Reset.o
LOAD ..\obj\Delay.o
LOAD ..\obj\stm32f4xx_hal_gpio.o
LOAD ..\obj\Clock.o
LOAD ..\obj\stm32f4xx_hal_rcc.o
LOAD ..\obj\swdProtocol.o
START GROUP
LOAD c:/program files (x86)/gnu tools arm embedded/4.9 2015q1/bin/../lib/gcc/arm-none-eabi/4.9.3/armv7e-m\libgcc.a
LOAD c:/program files (x86)/gnu tools arm embedded/4.9 2015q1/bin/../lib/gcc/arm-none-eabi/4.9.3/../../../../arm-none-eabi/lib/armv7e-m\libg.a
LOAD c:/program files (x86)/gnu tools arm embedded/4.9 2015q1/bin/../lib/gcc/arm-none-eabi/4.9.3/../../../../arm-none-eabi/lib/armv7e-m\libc.a
END GROUP
LOAD c:/program files (x86)/gnu tools arm embedded/4.9 2015q1/bin/../lib/gcc/arm-none-eabi/4.9.3/armv7e-m/crtend.o
LOAD c:/program files (x86)/gnu tools arm embedded/4.9 2015q1/bin/../lib/gcc/arm-none-eabi/4.9.3/armv7e-m/crtn.o
OUTPUT(SWD-for-ARM-Cortex-M4.elf elf32-littlearm)

.debug_info     0x00000000     0x23c1
 .debug_info    0x00000000      0x489 ..\obj\configurePort.o
 .debug_info    0x00000489      0x457 ..\obj\swd_Utilities.o
 .debug_info    0x000008e0      0x1ba ..\obj\IO_Operations.o
 .debug_info    0x00000a9a      0x30d ..\obj\Register_ReadWrite.o
 .debug_info    0x00000da7      0x125 ..\obj\main.o
 .debug_info    0x00000ecc      0x32b ..\obj\Bit_Operations.o
 .debug_info    0x000011f7       0xba ..\obj\startup_stm32f429xx.o
 .debug_info    0x000012b1      0x4b4 ..\obj\system_stm32f4xx.o
 .debug_info    0x00001765      0x1c8 ..\obj\Reset.o
 .debug_info    0x0000192d       0x82 ..\obj\Delay.o
 .debug_info    0x000019af      0x712 ..\obj\stm32f4xx_hal_gpio.o
 .debug_info    0x000020c1      0x1ea ..\obj\Clock.o
 .debug_info    0x000022ab      0x116 ..\obj\swdProtocol.o

.debug_abbrev   0x00000000      0xb38
 .debug_abbrev  0x00000000       0xff ..\obj\configurePort.o
 .debug_abbrev  0x000000ff      0x11a ..\obj\swd_Utilities.o
 .debug_abbrev  0x00000219       0xd8 ..\obj\IO_Operations.o
 .debug_abbrev  0x000002f1       0xe2 ..\obj\Register_ReadWrite.o
 .debug_abbrev  0x000003d3       0x89 ..\obj\main.o
 .debug_abbrev  0x0000045c      0x119 ..\obj\Bit_Operations.o
 .debug_abbrev  0x00000575       0x12 ..\obj\startup_stm32f429xx.o
 .debug_abbrev  0x00000587       0xff ..\obj\system_stm32f4xx.o
 .debug_abbrev  0x00000686       0xfd ..\obj\Reset.o
 .debug_abbrev  0x00000783       0x73 ..\obj\Delay.o
 .debug_abbrev  0x000007f6      0x1aa ..\obj\stm32f4xx_hal_gpio.o
 .debug_abbrev  0x000009a0       0xfd ..\obj\Clock.o
 .debug_abbrev  0x00000a9d       0x9b ..\obj\swdProtocol.o

.debug_aranges  0x00000000      0x1a8
 .debug_aranges
                0x00000000       0x20 ..\obj\configurePort.o
 .debug_aranges
                0x00000020       0x20 ..\obj\swd_Utilities.o
 .debug_aranges
                0x00000040       0x20 ..\obj\IO_Operations.o
 .debug_aranges
                0x00000060       0x20 ..\obj\Register_ReadWrite.o
 .debug_aranges
                0x00000080       0x20 ..\obj\main.o
 .debug_aranges
                0x000000a0       0x20 ..\obj\Bit_Operations.o
 .debug_aranges
                0x000000c0       0x28 ..\obj\startup_stm32f429xx.o
 .debug_aranges
                0x000000e8       0x20 ..\obj\system_stm32f4xx.o
 .debug_aranges
                0x00000108       0x20 ..\obj\Reset.o
 .debug_aranges
                0x00000128       0x20 ..\obj\Delay.o
 .debug_aranges
                0x00000148       0x20 ..\obj\stm32f4xx_hal_gpio.o
 .debug_aranges
                0x00000168       0x20 ..\obj\Clock.o
 .debug_aranges
                0x00000188       0x20 ..\obj\swdProtocol.o

.debug_line     0x00000000     0x161f
 .debug_line    0x00000000      0x1e7 ..\obj\configurePort.o
 .debug_line    0x000001e7      0x1d8 ..\obj\swd_Utilities.o
 .debug_line    0x000003bf      0x1c7 ..\obj\IO_Operations.o
 .debug_line    0x00000586      0x188 ..\obj\Register_ReadWrite.o
 .debug_line    0x0000070e      0x153 ..\obj\main.o
 .debug_line    0x00000861      0x22b ..\obj\Bit_Operations.o
 .debug_line    0x00000a8c       0xa9 ..\obj\startup_stm32f429xx.o
 .debug_line    0x00000b35      0x17c ..\obj\system_stm32f4xx.o
 .debug_line    0x00000cb1      0x1db ..\obj\Reset.o
 .debug_line    0x00000e8c       0x7e ..\obj\Delay.o
 .debug_line    0x00000f0a      0x3e2 ..\obj\stm32f4xx_hal_gpio.o
 .debug_line    0x000012ec      0x1e0 ..\obj\Clock.o
 .debug_line    0x000014cc      0x153 ..\obj\swdProtocol.o

.debug_str      0x00000000      0xc0e
 .debug_str     0x00000000      0x34b ..\obj\configurePort.o
                                0x3a8 (size before relaxing)
 .debug_str     0x0000034b      0x1b8 ..\obj\swd_Utilities.o
                                0x33d (size before relaxing)
 .debug_str     0x00000503       0x85 ..\obj\IO_Operations.o
                                0x244 (size before relaxing)
 .debug_str     0x00000588       0xf2 ..\obj\Register_ReadWrite.o
                                0x29b (size before relaxing)
 .debug_str     0x0000067a       0x63 ..\obj\main.o
                                0x1ec (size before relaxing)
 .debug_str     0x000006dd       0xb9 ..\obj\Bit_Operations.o
                                0x2aa (size before relaxing)
 .debug_str     0x00000796      0x100 ..\obj\system_stm32f4xx.o
                                0x340 (size before relaxing)
 .debug_str     0x00000896       0x61 ..\obj\Reset.o
                                0x23c (size before relaxing)
 .debug_str     0x000008f7       0x63 ..\obj\Delay.o
                                 0xcc (size before relaxing)
 .debug_str     0x0000095a      0x1b1 ..\obj\stm32f4xx_hal_gpio.o
                                0x50f (size before relaxing)
 .debug_str     0x00000b0b       0x96 ..\obj\Clock.o
                                0x271 (size before relaxing)
 .debug_str     0x00000ba1       0x6d ..\obj\swdProtocol.o
                                0x1f7 (size before relaxing)

.comment        0x00000000       0x70
 .comment       0x00000000       0x70 ..\obj\configurePort.o
                                 0x71 (size before relaxing)
 .comment       0x00000000       0x71 ..\obj\swd_Utilities.o
 .comment       0x00000000       0x71 ..\obj\IO_Operations.o
 .comment       0x00000000       0x71 ..\obj\Register_ReadWrite.o
 .comment       0x00000000       0x71 ..\obj\main.o
 .comment       0x00000000       0x71 ..\obj\Bit_Operations.o
 .comment       0x00000000       0x71 ..\obj\system_stm32f4xx.o
 .comment       0x00000000       0x71 ..\obj\Reset.o
 .comment       0x00000000       0x71 ..\obj\Delay.o
 .comment       0x00000000       0x71 ..\obj\stm32f4xx_hal_gpio.o
 .comment       0x00000000       0x71 ..\obj\Clock.o
 .comment       0x00000000       0x71 ..\obj\swdProtocol.o

.debug_frame    0x00000000      0x7f8
 .debug_frame   0x00000000       0xc4 ..\obj\configurePort.o
 .debug_frame   0x000000c4      0x168 ..\obj\swd_Utilities.o
 .debug_frame   0x0000022c       0x34 ..\obj\IO_Operations.o
 .debug_frame   0x00000260      0x10c ..\obj\Register_ReadWrite.o
 .debug_frame   0x0000036c       0x30 ..\obj\main.o
 .debug_frame   0x0000039c      0x154 ..\obj\Bit_Operations.o
 .debug_frame   0x000004f0       0x58 ..\obj\system_stm32f4xx.o
 .debug_frame   0x00000548       0x50 ..\obj\Reset.o
 .debug_frame   0x00000598       0x38 ..\obj\Delay.o
 .debug_frame   0x000005d0      0x14c ..\obj\stm32f4xx_hal_gpio.o
 .debug_frame   0x0000071c       0x88 ..\obj\Clock.o
 .debug_frame   0x000007a4       0x54 ..\obj\swdProtocol.o

.debug_ranges   0x00000000       0x20
 .debug_ranges  0x00000000       0x20 ..\obj\startup_stm32f429xx.o
